[2020-12-12T10:09:06.619-0800][gc,heap] Heap region size: 1M
[2020-12-12T10:09:06.619-0800][gc,heap,coops] Heap address: 0x00000007e0000000, size: 512 MB, Compressed Oops mode: Zero based, Oop shift amount: 3
[2020-12-12T10:09:06.624-0800][gc           ] Using G1
[2020-12-12T10:09:06.625-0800][gc,cds       ] Mark closed archive regions in map: [0x00000007fff00000, 0x00000007fff7aff8]
[2020-12-12T10:09:06.625-0800][gc,cds       ] Mark open archive regions in map: [0x00000007ffe00000, 0x00000007ffe50ff8]
[2020-12-12T10:09:06.641-0800][gc           ] Periodic GC disabled
[2020-12-12T10:09:08.003-0800][gc,start     ] GC(0) Pause Young (Normal) (G1 Evacuation Pause)
[2020-12-12T10:09:08.003-0800][gc,task      ] GC(0) Using 10 workers of 10 for evacuation
[2020-12-12T10:09:08.009-0800][gc,phases    ] GC(0)   Pre Evacuate Collection Set: 0.1ms
[2020-12-12T10:09:08.009-0800][gc,phases    ] GC(0)   Merge Heap Roots: 0.1ms
[2020-12-12T10:09:08.009-0800][gc,phases    ] GC(0)   Evacuate Collection Set: 5.1ms
[2020-12-12T10:09:08.009-0800][gc,phases    ] GC(0)   Post Evacuate Collection Set: 0.7ms
[2020-12-12T10:09:08.009-0800][gc,phases    ] GC(0)   Other: 0.7ms
[2020-12-12T10:09:08.009-0800][gc,heap      ] GC(0) Eden regions: 256->0(250)
[2020-12-12T10:09:08.009-0800][gc,heap      ] GC(0) Survivor regions: 0->6(32)
[2020-12-12T10:09:08.009-0800][gc,heap      ] GC(0) Old regions: 0->0
[2020-12-12T10:09:08.009-0800][gc,heap      ] GC(0) Archive regions: 2->2
[2020-12-12T10:09:08.009-0800][gc,heap      ] GC(0) Humongous regions: 0->0
[2020-12-12T10:09:08.009-0800][gc,metaspace ] GC(0) Metaspace: 15025K(15872K)->15025K(15872K) NonClass: 13187K(13824K)->13187K(13824K) Class: 1838K(2048K)->1838K(2048K)
[2020-12-12T10:09:08.009-0800][gc           ] GC(0) Pause Young (Normal) (G1 Evacuation Pause) 256M->6M(512M) 6.767ms
[2020-12-12T10:09:08.010-0800][gc,cpu       ] GC(0) User=0.03s Sys=0.01s Real=0.01s
[2020-12-12T10:09:08.479-0800][gc,start     ] GC(1) Pause Young (Concurrent Start) (Metadata GC Threshold)
[2020-12-12T10:09:08.479-0800][gc,task      ] GC(1) Using 10 workers of 10 for evacuation
[2020-12-12T10:09:08.483-0800][gc,phases    ] GC(1)   Pre Evacuate Collection Set: 0.1ms
[2020-12-12T10:09:08.483-0800][gc,phases    ] GC(1)   Merge Heap Roots: 0.1ms
[2020-12-12T10:09:08.483-0800][gc,phases    ] GC(1)   Evacuate Collection Set: 2.9ms
[2020-12-12T10:09:08.483-0800][gc,phases    ] GC(1)   Post Evacuate Collection Set: 0.5ms
[2020-12-12T10:09:08.483-0800][gc,phases    ] GC(1)   Other: 0.2ms
[2020-12-12T10:09:08.483-0800][gc,heap      ] GC(1) Eden regions: 248->0(248)
[2020-12-12T10:09:08.483-0800][gc,heap      ] GC(1) Survivor regions: 6->8(32)
[2020-12-12T10:09:08.483-0800][gc,heap      ] GC(1) Old regions: 0->0
[2020-12-12T10:09:08.483-0800][gc,heap      ] GC(1) Archive regions: 2->2
[2020-12-12T10:09:08.483-0800][gc,heap      ] GC(1) Humongous regions: 0->0
[2020-12-12T10:09:08.483-0800][gc,metaspace ] GC(1) Metaspace: 20536K(21248K)->20536K(21248K) NonClass: 17996K(18432K)->17996K(18432K) Class: 2539K(2816K)->2539K(2816K)
[2020-12-12T10:09:08.483-0800][gc           ] GC(1) Pause Young (Concurrent Start) (Metadata GC Threshold) 253M->8M(512M) 3.958ms
[2020-12-12T10:09:08.483-0800][gc,cpu       ] GC(1) User=0.02s Sys=0.00s Real=0.01s
[2020-12-12T10:09:08.483-0800][gc           ] GC(2) Concurrent Cycle
[2020-12-12T10:09:08.483-0800][gc,marking   ] GC(2) Concurrent Clear Claimed Marks
[2020-12-12T10:09:08.483-0800][gc,marking   ] GC(2) Concurrent Clear Claimed Marks 0.056ms
[2020-12-12T10:09:08.484-0800][gc,marking   ] GC(2) Concurrent Scan Root Regions
[2020-12-12T10:09:08.486-0800][gc,marking   ] GC(2) Concurrent Scan Root Regions 2.292ms
[2020-12-12T10:09:08.486-0800][gc,marking   ] GC(2) Concurrent Mark (1.873s)
[2020-12-12T10:09:08.486-0800][gc,marking   ] GC(2) Concurrent Mark From Roots
[2020-12-12T10:09:08.486-0800][gc,task      ] GC(2) Using 3 workers of 3 for marking
[2020-12-12T10:09:08.487-0800][gc,marking   ] GC(2) Concurrent Mark From Roots 0.904ms
[2020-12-12T10:09:08.487-0800][gc,marking   ] GC(2) Concurrent Preclean
[2020-12-12T10:09:08.487-0800][gc,marking   ] GC(2) Concurrent Preclean 0.029ms
[2020-12-12T10:09:08.487-0800][gc,marking   ] GC(2) Concurrent Mark (1.873s, 1.874s) 1.010ms
[2020-12-12T10:09:08.487-0800][gc,start     ] GC(2) Pause Remark
[2020-12-12T10:09:08.488-0800][gc           ] GC(2) Pause Remark 9M->9M(512M) 0.838ms
[2020-12-12T10:09:08.488-0800][gc,cpu       ] GC(2) User=0.01s Sys=0.01s Real=0.00s
[2020-12-12T10:09:08.488-0800][gc,marking   ] GC(2) Concurrent Rebuild Remembered Sets
[2020-12-12T10:09:08.489-0800][gc,marking   ] GC(2) Concurrent Rebuild Remembered Sets 0.355ms
[2020-12-12T10:09:08.489-0800][gc,start     ] GC(2) Pause Cleanup
[2020-12-12T10:09:08.489-0800][gc           ] GC(2) Pause Cleanup 9M->9M(512M) 0.073ms
[2020-12-12T10:09:08.489-0800][gc,cpu       ] GC(2) User=0.00s Sys=0.00s Real=0.00s
[2020-12-12T10:09:08.489-0800][gc,marking   ] GC(2) Concurrent Cleanup for Next Mark
[2020-12-12T10:09:08.492-0800][gc,marking   ] GC(2) Concurrent Cleanup for Next Mark 2.156ms
[2020-12-12T10:09:08.492-0800][gc           ] GC(2) Concurrent Cycle 8.270ms
[2020-12-12T10:09:09.511-0800][gc,start     ] GC(3) Pause Young (Normal) (G1 Evacuation Pause)
[2020-12-12T10:09:09.511-0800][gc,task      ] GC(3) Using 10 workers of 10 for evacuation
[2020-12-12T10:09:09.517-0800][gc,phases    ] GC(3)   Pre Evacuate Collection Set: 0.1ms
[2020-12-12T10:09:09.517-0800][gc,phases    ] GC(3)   Merge Heap Roots: 0.1ms
[2020-12-12T10:09:09.517-0800][gc,phases    ] GC(3)   Evacuate Collection Set: 5.3ms
[2020-12-12T10:09:09.517-0800][gc,phases    ] GC(3)   Post Evacuate Collection Set: 0.8ms
[2020-12-12T10:09:09.517-0800][gc,phases    ] GC(3)   Other: 0.1ms
[2020-12-12T10:09:09.517-0800][gc,heap      ] GC(3) Eden regions: 248->0(242)
[2020-12-12T10:09:09.517-0800][gc,heap      ] GC(3) Survivor regions: 8->14(32)
[2020-12-12T10:09:09.517-0800][gc,heap      ] GC(3) Old regions: 0->0
[2020-12-12T10:09:09.517-0800][gc,heap      ] GC(3) Archive regions: 2->2
[2020-12-12T10:09:09.517-0800][gc,heap      ] GC(3) Humongous regions: 0->0
[2020-12-12T10:09:09.517-0800][gc,metaspace ] GC(3) Metaspace: 24159K(25088K)->24159K(25088K) NonClass: 21202K(21760K)->21202K(21760K) Class: 2956K(3328K)->2956K(3328K)
[2020-12-12T10:09:09.517-0800][gc           ] GC(3) Pause Young (Normal) (G1 Evacuation Pause) 256M->13M(512M) 6.515ms
[2020-12-12T10:09:09.517-0800][gc,cpu       ] GC(3) User=0.04s Sys=0.00s Real=0.00s
[2020-12-12T10:09:10.044-0800][gc,start     ] GC(4) Pause Young (Normal) (G1 Evacuation Pause)
[2020-12-12T10:09:10.044-0800][gc,task      ] GC(4) Using 10 workers of 10 for evacuation
[2020-12-12T10:09:10.049-0800][gc,phases    ] GC(4)   Pre Evacuate Collection Set: 0.1ms
[2020-12-12T10:09:10.049-0800][gc,phases    ] GC(4)   Merge Heap Roots: 0.1ms
[2020-12-12T10:09:10.049-0800][gc,phases    ] GC(4)   Evacuate Collection Set: 3.8ms
[2020-12-12T10:09:10.049-0800][gc,phases    ] GC(4)   Post Evacuate Collection Set: 0.8ms
[2020-12-12T10:09:10.049-0800][gc,phases    ] GC(4)   Other: 0.1ms
[2020-12-12T10:09:10.049-0800][gc,heap      ] GC(4) Eden regions: 242->0(242)
[2020-12-12T10:09:10.049-0800][gc,heap      ] GC(4) Survivor regions: 14->14(32)
[2020-12-12T10:09:10.049-0800][gc,heap      ] GC(4) Old regions: 0->0
[2020-12-12T10:09:10.049-0800][gc,heap      ] GC(4) Archive regions: 2->2
[2020-12-12T10:09:10.049-0800][gc,heap      ] GC(4) Humongous regions: 0->0
[2020-12-12T10:09:10.049-0800][gc,metaspace ] GC(4) Metaspace: 25090K(25856K)->25090K(25856K) NonClass: 22044K(22528K)->22044K(22528K) Class: 3046K(3328K)->3046K(3328K)
[2020-12-12T10:09:10.049-0800][gc           ] GC(4) Pause Young (Normal) (G1 Evacuation Pause) 255M->14M(512M) 5.085ms
[2020-12-12T10:09:10.049-0800][gc,cpu       ] GC(4) User=0.03s Sys=0.00s Real=0.00s
[2020-12-12T10:09:10.937-0800][gc,start     ] GC(5) Pause Young (Normal) (G1 Evacuation Pause)
[2020-12-12T10:09:10.937-0800][gc,task      ] GC(5) Using 10 workers of 10 for evacuation
[2020-12-12T10:09:10.944-0800][gc,phases    ] GC(5)   Pre Evacuate Collection Set: 0.1ms
[2020-12-12T10:09:10.944-0800][gc,phases    ] GC(5)   Merge Heap Roots: 0.1ms
[2020-12-12T10:09:10.944-0800][gc,phases    ] GC(5)   Evacuate Collection Set: 5.9ms
[2020-12-12T10:09:10.944-0800][gc,phases    ] GC(5)   Post Evacuate Collection Set: 1.2ms
[2020-12-12T10:09:10.944-0800][gc,phases    ] GC(5)   Other: 0.2ms
[2020-12-12T10:09:10.944-0800][gc,heap      ] GC(5) Eden regions: 242->0(237)
[2020-12-12T10:09:10.944-0800][gc,heap      ] GC(5) Survivor regions: 14->19(32)
[2020-12-12T10:09:10.944-0800][gc,heap      ] GC(5) Old regions: 0->0
[2020-12-12T10:09:10.944-0800][gc,heap      ] GC(5) Archive regions: 2->2
[2020-12-12T10:09:10.944-0800][gc,heap      ] GC(5) Humongous regions: 0->0
[2020-12-12T10:09:10.944-0800][gc,metaspace ] GC(5) Metaspace: 30796K(31744K)->30796K(31744K) NonClass: 27017K(27648K)->27017K(27648K) Class: 3779K(4096K)->3779K(4096K)
[2020-12-12T10:09:10.944-0800][gc           ] GC(5) Pause Young (Normal) (G1 Evacuation Pause) 256M->19M(512M) 7.633ms
[2020-12-12T10:09:10.945-0800][gc,cpu       ] GC(5) User=0.06s Sys=0.00s Real=0.01s
[2020-12-12T10:09:11.327-0800][gc,start     ] GC(6) Pause Young (Concurrent Start) (Metadata GC Threshold)
[2020-12-12T10:09:11.327-0800][gc,task      ] GC(6) Using 10 workers of 10 for evacuation
[2020-12-12T10:09:11.335-0800][gc,phases    ] GC(6)   Pre Evacuate Collection Set: 0.1ms
[2020-12-12T10:09:11.335-0800][gc,phases    ] GC(6)   Merge Heap Roots: 0.1ms
[2020-12-12T10:09:11.335-0800][gc,phases    ] GC(6)   Evacuate Collection Set: 6.9ms
[2020-12-12T10:09:11.335-0800][gc,phases    ] GC(6)   Post Evacuate Collection Set: 1.1ms
[2020-12-12T10:09:11.335-0800][gc,phases    ] GC(6)   Other: 0.2ms
[2020-12-12T10:09:11.335-0800][gc,heap      ] GC(6) Eden regions: 85->0(240)
[2020-12-12T10:09:11.335-0800][gc,heap      ] GC(6) Survivor regions: 19->16(32)
[2020-12-12T10:09:11.335-0800][gc,heap      ] GC(6) Old regions: 0->5
[2020-12-12T10:09:11.335-0800][gc,heap      ] GC(6) Archive regions: 2->2
[2020-12-12T10:09:11.335-0800][gc,heap      ] GC(6) Humongous regions: 0->0
[2020-12-12T10:09:11.335-0800][gc,metaspace ] GC(6) Metaspace: 34777K(35840K)->34777K(35840K) NonClass: 30528K(31232K)->30528K(31232K) Class: 4248K(4608K)->4248K(4608K)
[2020-12-12T10:09:11.335-0800][gc           ] GC(6) Pause Young (Concurrent Start) (Metadata GC Threshold) 104M->21M(512M) 8.433ms
[2020-12-12T10:09:11.335-0800][gc,cpu       ] GC(6) User=0.06s Sys=0.00s Real=0.01s
[2020-12-12T10:09:11.335-0800][gc           ] GC(7) Concurrent Cycle
[2020-12-12T10:09:11.335-0800][gc,marking   ] GC(7) Concurrent Clear Claimed Marks
[2020-12-12T10:09:11.335-0800][gc,marking   ] GC(7) Concurrent Clear Claimed Marks 0.103ms
[2020-12-12T10:09:11.335-0800][gc,marking   ] GC(7) Concurrent Scan Root Regions
[2020-12-12T10:09:11.340-0800][gc,marking   ] GC(7) Concurrent Scan Root Regions 4.461ms
[2020-12-12T10:09:11.340-0800][gc,marking   ] GC(7) Concurrent Mark (4.727s)
[2020-12-12T10:09:11.340-0800][gc,marking   ] GC(7) Concurrent Mark From Roots
[2020-12-12T10:09:11.340-0800][gc,task      ] GC(7) Using 3 workers of 3 for marking
[2020-12-12T10:09:11.341-0800][gc,marking   ] GC(7) Concurrent Mark From Roots 0.976ms
[2020-12-12T10:09:11.341-0800][gc,marking   ] GC(7) Concurrent Preclean
[2020-12-12T10:09:11.341-0800][gc,marking   ] GC(7) Concurrent Preclean 0.023ms
[2020-12-12T10:09:11.341-0800][gc,marking   ] GC(7) Concurrent Mark (4.727s, 4.728s) 1.051ms
[2020-12-12T10:09:11.341-0800][gc,start     ] GC(7) Pause Remark
[2020-12-12T10:09:11.342-0800][gc           ] GC(7) Pause Remark 22M->22M(512M) 1.513ms
[2020-12-12T10:09:11.342-0800][gc,cpu       ] GC(7) User=0.02s Sys=0.00s Real=0.00s
[2020-12-12T10:09:11.342-0800][gc,marking   ] GC(7) Concurrent Rebuild Remembered Sets
[2020-12-12T10:09:11.344-0800][gc,marking   ] GC(7) Concurrent Rebuild Remembered Sets 1.647ms
[2020-12-12T10:09:11.344-0800][gc,start     ] GC(7) Pause Cleanup
[2020-12-12T10:09:11.344-0800][gc           ] GC(7) Pause Cleanup 22M->22M(512M) 0.100ms
[2020-12-12T10:09:11.344-0800][gc,cpu       ] GC(7) User=0.00s Sys=0.00s Real=0.00s
[2020-12-12T10:09:11.344-0800][gc,marking   ] GC(7) Concurrent Cleanup for Next Mark
[2020-12-12T10:09:11.347-0800][gc,marking   ] GC(7) Concurrent Cleanup for Next Mark 2.672ms
[2020-12-12T10:09:11.347-0800][gc           ] GC(7) Concurrent Cycle 12.197ms
[2020-12-12T10:09:12.740-0800][gc,start     ] GC(8) Pause Young (Normal) (G1 Evacuation Pause)
[2020-12-12T10:09:12.740-0800][gc,task      ] GC(8) Using 10 workers of 10 for evacuation
[2020-12-12T10:09:12.747-0800][gc,phases    ] GC(8)   Pre Evacuate Collection Set: 0.1ms
[2020-12-12T10:09:12.747-0800][gc,phases    ] GC(8)   Merge Heap Roots: 0.1ms
[2020-12-12T10:09:12.747-0800][gc,phases    ] GC(8)   Evacuate Collection Set: 6.5ms
[2020-12-12T10:09:12.747-0800][gc,phases    ] GC(8)   Post Evacuate Collection Set: 0.8ms
[2020-12-12T10:09:12.747-0800][gc,phases    ] GC(8)   Other: 0.1ms
[2020-12-12T10:09:12.747-0800][gc,heap      ] GC(8) Eden regions: 240->0(236)
[2020-12-12T10:09:12.747-0800][gc,heap      ] GC(8) Survivor regions: 16->20(32)
[2020-12-12T10:09:12.747-0800][gc,heap      ] GC(8) Old regions: 5->5
[2020-12-12T10:09:12.747-0800][gc,heap      ] GC(8) Archive regions: 2->2
[2020-12-12T10:09:12.747-0800][gc,heap      ] GC(8) Humongous regions: 0->0
[2020-12-12T10:09:12.747-0800][gc,metaspace ] GC(8) Metaspace: 45839K(47488K)->45839K(47488K) NonClass: 40300K(41472K)->40300K(41472K) Class: 5539K(6016K)->5539K(6016K)
[2020-12-12T10:09:12.747-0800][gc           ] GC(8) Pause Young (Normal) (G1 Evacuation Pause) 261M->25M(512M) 7.662ms
[2020-12-12T10:09:12.747-0800][gc,cpu       ] GC(8) User=0.06s Sys=0.00s Real=0.00s
[2020-12-12T10:09:14.346-0800][gc,start     ] GC(9) Pause Young (Normal) (G1 Evacuation Pause)
[2020-12-12T10:09:14.346-0800][gc,task      ] GC(9) Using 10 workers of 10 for evacuation
[2020-12-12T10:09:14.355-0800][gc,phases    ] GC(9)   Pre Evacuate Collection Set: 0.1ms
[2020-12-12T10:09:14.355-0800][gc,phases    ] GC(9)   Merge Heap Roots: 0.1ms
[2020-12-12T10:09:14.355-0800][gc,phases    ] GC(9)   Evacuate Collection Set: 8.2ms
[2020-12-12T10:09:14.355-0800][gc,phases    ] GC(9)   Post Evacuate Collection Set: 1.0ms
[2020-12-12T10:09:14.355-0800][gc,phases    ] GC(9)   Other: 0.1ms
[2020-12-12T10:09:14.355-0800][gc,heap      ] GC(9) Eden regions: 236->0(228)
[2020-12-12T10:09:14.355-0800][gc,heap      ] GC(9) Survivor regions: 20->28(32)
[2020-12-12T10:09:14.355-0800][gc,heap      ] GC(9) Old regions: 5->8
[2020-12-12T10:09:14.355-0800][gc,heap      ] GC(9) Archive regions: 2->2
[2020-12-12T10:09:14.355-0800][gc,heap      ] GC(9) Humongous regions: 6->6
[2020-12-12T10:09:14.355-0800][gc,metaspace ] GC(9) Metaspace: 58245K(60032K)->58245K(60032K) NonClass: 51196K(52224K)->51196K(52224K) Class: 7049K(7808K)->7049K(7808K)
[2020-12-12T10:09:14.355-0800][gc           ] GC(9) Pause Young (Normal) (G1 Evacuation Pause) 267M->41M(512M) 9.645ms
[2020-12-12T10:09:14.355-0800][gc,cpu       ] GC(9) User=0.07s Sys=0.01s Real=0.01s
[2020-12-12T10:09:14.371-0800][gc,start     ] GC(10) Pause Young (Concurrent Start) (Metadata GC Threshold)
[2020-12-12T10:09:14.371-0800][gc,task      ] GC(10) Using 10 workers of 10 for evacuation
[2020-12-12T10:09:14.381-0800][gc,phases    ] GC(10)   Pre Evacuate Collection Set: 0.2ms
[2020-12-12T10:09:14.381-0800][gc,phases    ] GC(10)   Merge Heap Roots: 0.0ms
[2020-12-12T10:09:14.381-0800][gc,phases    ] GC(10)   Evacuate Collection Set: 8.8ms
[2020-12-12T10:09:14.381-0800][gc,phases    ] GC(10)   Post Evacuate Collection Set: 0.6ms
[2020-12-12T10:09:14.381-0800][gc,phases    ] GC(10)   Other: 0.2ms
[2020-12-12T10:09:14.381-0800][gc,heap      ] GC(10) Eden regions: 7->0(239)
[2020-12-12T10:09:14.381-0800][gc,heap      ] GC(10) Survivor regions: 28->17(32)
[2020-12-12T10:09:14.381-0800][gc,heap      ] GC(10) Old regions: 8->19
[2020-12-12T10:09:14.381-0800][gc,heap      ] GC(10) Archive regions: 2->2
[2020-12-12T10:09:14.381-0800][gc,heap      ] GC(10) Humongous regions: 6->6
[2020-12-12T10:09:14.381-0800][gc,metaspace ] GC(10) Metaspace: 58403K(60160K)->58403K(60160K) NonClass: 51333K(52352K)->51333K(52352K) Class: 7070K(7808K)->7070K(7808K)
[2020-12-12T10:09:14.381-0800][gc           ] GC(10) Pause Young (Concurrent Start) (Metadata GC Threshold) 48M->41M(512M) 9.891ms
[2020-12-12T10:09:14.381-0800][gc,cpu       ] GC(10) User=0.07s Sys=0.01s Real=0.01s
[2020-12-12T10:09:14.381-0800][gc           ] GC(11) Concurrent Cycle
[2020-12-12T10:09:14.381-0800][gc,marking   ] GC(11) Concurrent Clear Claimed Marks
[2020-12-12T10:09:14.381-0800][gc,marking   ] GC(11) Concurrent Clear Claimed Marks 0.120ms
[2020-12-12T10:09:14.381-0800][gc,marking   ] GC(11) Concurrent Scan Root Regions
[2020-12-12T10:09:14.388-0800][gc,marking   ] GC(11) Concurrent Scan Root Regions 6.920ms
[2020-12-12T10:09:14.388-0800][gc,marking   ] GC(11) Concurrent Mark (7.775s)
[2020-12-12T10:09:14.388-0800][gc,marking   ] GC(11) Concurrent Mark From Roots
[2020-12-12T10:09:14.388-0800][gc,task      ] GC(11) Using 3 workers of 3 for marking
[2020-12-12T10:09:14.393-0800][gc,marking   ] GC(11) Concurrent Mark From Roots 5.133ms
[2020-12-12T10:09:14.393-0800][gc,marking   ] GC(11) Concurrent Preclean
[2020-12-12T10:09:14.393-0800][gc,marking   ] GC(11) Concurrent Preclean 0.050ms
[2020-12-12T10:09:14.393-0800][gc,marking   ] GC(11) Concurrent Mark (7.775s, 7.781s) 5.236ms
[2020-12-12T10:09:14.393-0800][gc,start     ] GC(11) Pause Remark
[2020-12-12T10:09:14.398-0800][gc           ] GC(11) Pause Remark 43M->43M(512M) 4.226ms
[2020-12-12T10:09:14.398-0800][gc,cpu       ] GC(11) User=0.03s Sys=0.01s Real=0.00s
[2020-12-12T10:09:14.398-0800][gc,marking   ] GC(11) Concurrent Rebuild Remembered Sets
[2020-12-12T10:09:14.407-0800][gc,marking   ] GC(11) Concurrent Rebuild Remembered Sets 8.767ms
[2020-12-12T10:09:14.407-0800][gc,start     ] GC(11) Pause Cleanup
[2020-12-12T10:09:14.407-0800][gc           ] GC(11) Pause Cleanup 45M->45M(512M) 0.115ms
[2020-12-12T10:09:14.407-0800][gc,cpu       ] GC(11) User=0.00s Sys=0.00s Real=0.00s
[2020-12-12T10:09:14.407-0800][gc,marking   ] GC(11) Concurrent Cleanup for Next Mark
[2020-12-12T10:09:14.408-0800][gc,marking   ] GC(11) Concurrent Cleanup for Next Mark 0.600ms
[2020-12-12T10:09:14.408-0800][gc           ] GC(11) Concurrent Cycle 26.938ms
[2020-12-12T10:09:16.487-0800][gc,start     ] GC(12) Pause Young (Normal) (G1 Evacuation Pause)
[2020-12-12T10:09:16.487-0800][gc,task      ] GC(12) Using 10 workers of 10 for evacuation
[2020-12-12T10:09:16.496-0800][gc,phases    ] GC(12)   Pre Evacuate Collection Set: 0.1ms
[2020-12-12T10:09:16.496-0800][gc,phases    ] GC(12)   Merge Heap Roots: 0.1ms
[2020-12-12T10:09:16.496-0800][gc,phases    ] GC(12)   Evacuate Collection Set: 8.0ms
[2020-12-12T10:09:16.496-0800][gc,phases    ] GC(12)   Post Evacuate Collection Set: 0.9ms
[2020-12-12T10:09:16.496-0800][gc,phases    ] GC(12)   Other: 0.6ms
[2020-12-12T10:09:16.496-0800][gc,heap      ] GC(12) Eden regions: 239->0(232)
[2020-12-12T10:09:16.496-0800][gc,heap      ] GC(12) Survivor regions: 17->24(32)
[2020-12-12T10:09:16.496-0800][gc,heap      ] GC(12) Old regions: 19->19
[2020-12-12T10:09:16.496-0800][gc,heap      ] GC(12) Archive regions: 2->2
[2020-12-12T10:09:16.496-0800][gc,heap      ] GC(12) Humongous regions: 6->6
[2020-12-12T10:09:16.496-0800][gc,metaspace ] GC(12) Metaspace: 73207K(75468K)->73207K(75468K) NonClass: 64144K(65536K)->64144K(65536K) Class: 9062K(9932K)->9062K(9932K)
[2020-12-12T10:09:16.497-0800][gc           ] GC(12) Pause Young (Normal) (G1 Evacuation Pause) 280M->48M(512M) 9.731ms
[2020-12-12T10:09:16.497-0800][gc,cpu       ] GC(12) User=0.08s Sys=0.00s Real=0.01s
[2020-12-12T10:09:17.393-0800][gc,start     ] GC(13) Pause Young (Normal) (G1 Evacuation Pause)
[2020-12-12T10:09:17.393-0800][gc,task      ] GC(13) Using 10 workers of 10 for evacuation
[2020-12-12T10:09:17.404-0800][gc,phases    ] GC(13)   Pre Evacuate Collection Set: 0.1ms
[2020-12-12T10:09:17.404-0800][gc,phases    ] GC(13)   Merge Heap Roots: 0.1ms
[2020-12-12T10:09:17.404-0800][gc,phases    ] GC(13)   Evacuate Collection Set: 9.7ms
[2020-12-12T10:09:17.404-0800][gc,phases    ] GC(13)   Post Evacuate Collection Set: 1.0ms
[2020-12-12T10:09:17.404-0800][gc,phases    ] GC(13)   Other: 0.2ms
[2020-12-12T10:09:17.404-0800][gc,heap      ] GC(13) Eden regions: 232->0(238)
[2020-12-12T10:09:17.404-0800][gc,heap      ] GC(13) Survivor regions: 24->18(32)
[2020-12-12T10:09:17.404-0800][gc,heap      ] GC(13) Old regions: 19->33
[2020-12-12T10:09:17.404-0800][gc,heap      ] GC(13) Archive regions: 2->2
[2020-12-12T10:09:17.404-0800][gc,heap      ] GC(13) Humongous regions: 6->6
[2020-12-12T10:09:17.404-0800][gc,metaspace ] GC(13) Metaspace: 81312K(83532K)->81312K(83532K) NonClass: 71149K(72448K)->71149K(72448K) Class: 10163K(11084K)->10163K(11084K)
[2020-12-12T10:09:17.404-0800][gc           ] GC(13) Pause Young (Normal) (G1 Evacuation Pause) 280M->56M(512M) 11.278ms
[2020-12-12T10:09:17.404-0800][gc,cpu       ] GC(13) User=0.09s Sys=0.01s Real=0.01s
[2020-12-12T10:31:01.201-0800][gc,start     ] GC(14) Pause Young (Normal) (G1 Evacuation Pause)
[2020-12-12T10:31:01.201-0800][gc,task      ] GC(14) Using 10 workers of 10 for evacuation
[2020-12-12T10:31:01.212-0800][gc,phases    ] GC(14)   Pre Evacuate Collection Set: 0.1ms
[2020-12-12T10:31:01.212-0800][gc,phases    ] GC(14)   Merge Heap Roots: 0.1ms
[2020-12-12T10:31:01.212-0800][gc,phases    ] GC(14)   Evacuate Collection Set: 9.2ms
[2020-12-12T10:31:01.212-0800][gc,phases    ] GC(14)   Post Evacuate Collection Set: 1.2ms
[2020-12-12T10:31:01.212-0800][gc,phases    ] GC(14)   Other: 0.6ms
[2020-12-12T10:31:01.212-0800][gc,heap      ] GC(14) Eden regions: 238->0(230)
[2020-12-12T10:31:01.212-0800][gc,heap      ] GC(14) Survivor regions: 18->26(32)
[2020-12-12T10:31:01.212-0800][gc,heap      ] GC(14) Old regions: 33->33
[2020-12-12T10:31:01.212-0800][gc,heap      ] GC(14) Archive regions: 2->2
[2020-12-12T10:31:01.212-0800][gc,heap      ] GC(14) Humongous regions: 18->18
[2020-12-12T10:31:01.212-0800][gc,metaspace ] GC(14) Metaspace: 89320K(92108K)->89320K(92108K) NonClass: 78440K(79872K)->78440K(79872K) Class: 10880K(12236K)->10880K(12236K)
[2020-12-12T10:31:01.212-0800][gc           ] GC(14) Pause Young (Normal) (G1 Evacuation Pause) 306M->77M(512M) 11.387ms
[2020-12-12T10:31:01.212-0800][gc,cpu       ] GC(14) User=0.09s Sys=0.01s Real=0.01s
[2020-12-12T10:53:02.785-0800][gc,start     ] GC(15) Pause Young (Normal) (G1 Evacuation Pause)
[2020-12-12T10:53:02.787-0800][gc,task      ] GC(15) Using 10 workers of 10 for evacuation
[2020-12-12T10:53:02.799-0800][gc,phases    ] GC(15)   Pre Evacuate Collection Set: 0.2ms
[2020-12-12T10:53:02.799-0800][gc,phases    ] GC(15)   Merge Heap Roots: 0.1ms
[2020-12-12T10:53:02.799-0800][gc,phases    ] GC(15)   Evacuate Collection Set: 10.4ms
[2020-12-12T10:53:02.799-0800][gc,phases    ] GC(15)   Post Evacuate Collection Set: 1.5ms
[2020-12-12T10:53:02.799-0800][gc,phases    ] GC(15)   Other: 1.9ms
[2020-12-12T10:53:02.799-0800][gc,heap      ] GC(15) Eden regions: 230->0(239)
[2020-12-12T10:53:02.799-0800][gc,heap      ] GC(15) Survivor regions: 26->17(32)
[2020-12-12T10:53:02.799-0800][gc,heap      ] GC(15) Old regions: 33->41
[2020-12-12T10:53:02.799-0800][gc,heap      ] GC(15) Archive regions: 2->2
[2020-12-12T10:53:02.799-0800][gc,heap      ] GC(15) Humongous regions: 18->18
[2020-12-12T10:53:02.799-0800][gc,metaspace ] GC(15) Metaspace: 90795K(93388K)->90795K(93388K) NonClass: 79910K(81152K)->79910K(81152K) Class: 10885K(12236K)->10885K(12236K)
[2020-12-12T10:53:02.799-0800][gc           ] GC(15) Pause Young (Normal) (G1 Evacuation Pause) 307M->76M(512M) 14.158ms
[2020-12-12T10:53:02.799-0800][gc,cpu       ] GC(15) User=0.10s Sys=0.01s Real=0.01s
[2020-12-12T11:15:58.231-0800][gc,start     ] GC(16) Pause Young (Normal) (G1 Evacuation Pause)
[2020-12-12T11:15:58.232-0800][gc,task      ] GC(16) Using 10 workers of 10 for evacuation
[2020-12-12T11:15:58.260-0800][gc,phases    ] GC(16)   Pre Evacuate Collection Set: 0.3ms
[2020-12-12T11:15:58.260-0800][gc,phases    ] GC(16)   Merge Heap Roots: 0.4ms
[2020-12-12T11:15:58.260-0800][gc,phases    ] GC(16)   Evacuate Collection Set: 26.2ms
[2020-12-12T11:15:58.260-0800][gc,phases    ] GC(16)   Post Evacuate Collection Set: 1.0ms
[2020-12-12T11:15:58.260-0800][gc,phases    ] GC(16)   Other: 1.4ms
[2020-12-12T11:15:58.260-0800][gc,heap      ] GC(16) Eden regions: 239->0(239)
[2020-12-12T11:15:58.260-0800][gc,heap      ] GC(16) Survivor regions: 17->17(32)
[2020-12-12T11:15:58.260-0800][gc,heap      ] GC(16) Old regions: 41->41
[2020-12-12T11:15:58.260-0800][gc,heap      ] GC(16) Archive regions: 2->2
[2020-12-12T11:15:58.260-0800][gc,heap      ] GC(16) Humongous regions: 18->18
[2020-12-12T11:15:58.260-0800][gc,metaspace ] GC(16) Metaspace: 90970K(93644K)->90970K(93644K) NonClass: 80081K(81408K)->80081K(81408K) Class: 10889K(12236K)->10889K(12236K)
[2020-12-12T11:15:58.260-0800][gc           ] GC(16) Pause Young (Normal) (G1 Evacuation Pause) 315M->75M(512M) 29.419ms
[2020-12-12T11:15:58.260-0800][gc,cpu       ] GC(16) User=0.08s Sys=0.10s Real=0.03s
[2020-12-12T11:39:34.229-0800][gc,start     ] GC(17) Pause Young (Normal) (G1 Evacuation Pause)
[2020-12-12T11:39:34.230-0800][gc,task      ] GC(17) Using 10 workers of 10 for evacuation
[2020-12-12T11:39:34.242-0800][gc,phases    ] GC(17)   Pre Evacuate Collection Set: 0.2ms
[2020-12-12T11:39:34.242-0800][gc,phases    ] GC(17)   Merge Heap Roots: 0.2ms
[2020-12-12T11:39:34.242-0800][gc,phases    ] GC(17)   Evacuate Collection Set: 10.0ms
[2020-12-12T11:39:34.242-0800][gc,phases    ] GC(17)   Post Evacuate Collection Set: 1.1ms
[2020-12-12T11:39:34.242-0800][gc,phases    ] GC(17)   Other: 1.0ms
[2020-12-12T11:39:34.242-0800][gc,heap      ] GC(17) Eden regions: 239->0(239)
[2020-12-12T11:39:34.242-0800][gc,heap      ] GC(17) Survivor regions: 17->17(32)
[2020-12-12T11:39:34.242-0800][gc,heap      ] GC(17) Old regions: 41->41
[2020-12-12T11:39:34.242-0800][gc,heap      ] GC(17) Archive regions: 2->2
[2020-12-12T11:39:34.242-0800][gc,heap      ] GC(17) Humongous regions: 18->18
[2020-12-12T11:39:34.242-0800][gc,metaspace ] GC(17) Metaspace: 91043K(93644K)->91043K(93644K) NonClass: 80152K(81408K)->80152K(81408K) Class: 10891K(12236K)->10891K(12236K)
[2020-12-12T11:39:34.242-0800][gc           ] GC(17) Pause Young (Normal) (G1 Evacuation Pause) 314M->75M(512M) 12.476ms
[2020-12-12T11:39:34.242-0800][gc,cpu       ] GC(17) User=0.07s Sys=0.02s Real=0.02s
[2020-12-12T12:03:21.807-0800][gc,start     ] GC(18) Pause Young (Normal) (G1 Evacuation Pause)
[2020-12-12T12:03:21.808-0800][gc,task      ] GC(18) Using 10 workers of 10 for evacuation
[2020-12-12T12:03:21.816-0800][gc,phases    ] GC(18)   Pre Evacuate Collection Set: 0.1ms
[2020-12-12T12:03:21.816-0800][gc,phases    ] GC(18)   Merge Heap Roots: 0.1ms
[2020-12-12T12:03:21.816-0800][gc,phases    ] GC(18)   Evacuate Collection Set: 6.8ms
[2020-12-12T12:03:21.816-0800][gc,phases    ] GC(18)   Post Evacuate Collection Set: 1.0ms
[2020-12-12T12:03:21.816-0800][gc,phases    ] GC(18)   Other: 1.3ms
[2020-12-12T12:03:21.816-0800][gc,heap      ] GC(18) Eden regions: 239->0(239)
[2020-12-12T12:03:21.816-0800][gc,heap      ] GC(18) Survivor regions: 17->17(32)
[2020-12-12T12:03:21.816-0800][gc,heap      ] GC(18) Old regions: 41->41
[2020-12-12T12:03:21.816-0800][gc,heap      ] GC(18) Archive regions: 2->2
[2020-12-12T12:03:21.816-0800][gc,heap      ] GC(18) Humongous regions: 18->18
[2020-12-12T12:03:21.816-0800][gc,metaspace ] GC(18) Metaspace: 91073K(93900K)->91073K(93900K) NonClass: 80181K(81664K)->80181K(81664K) Class: 10891K(12236K)->10891K(12236K)
[2020-12-12T12:03:21.816-0800][gc           ] GC(18) Pause Young (Normal) (G1 Evacuation Pause) 314M->75M(512M) 9.474ms
[2020-12-12T12:03:21.816-0800][gc,cpu       ] GC(18) User=0.07s Sys=0.00s Real=0.01s
[2020-12-12T12:27:13.456-0800][gc,start     ] GC(19) Pause Young (Normal) (G1 Evacuation Pause)
[2020-12-12T12:27:13.457-0800][gc,task      ] GC(19) Using 10 workers of 10 for evacuation
[2020-12-12T12:27:13.464-0800][gc,phases    ] GC(19)   Pre Evacuate Collection Set: 0.1ms
[2020-12-12T12:27:13.464-0800][gc,phases    ] GC(19)   Merge Heap Roots: 0.1ms
[2020-12-12T12:27:13.464-0800][gc,phases    ] GC(19)   Evacuate Collection Set: 6.0ms
[2020-12-12T12:27:13.464-0800][gc,phases    ] GC(19)   Post Evacuate Collection Set: 1.1ms
[2020-12-12T12:27:13.464-0800][gc,phases    ] GC(19)   Other: 1.1ms
[2020-12-12T12:27:13.464-0800][gc,heap      ] GC(19) Eden regions: 239->0(239)
[2020-12-12T12:27:13.464-0800][gc,heap      ] GC(19) Survivor regions: 17->17(32)
[2020-12-12T12:27:13.464-0800][gc,heap      ] GC(19) Old regions: 41->41
[2020-12-12T12:27:13.464-0800][gc,heap      ] GC(19) Archive regions: 2->2
[2020-12-12T12:27:13.464-0800][gc,heap      ] GC(19) Humongous regions: 18->18
[2020-12-12T12:27:13.464-0800][gc,metaspace ] GC(19) Metaspace: 91112K(93900K)->91112K(93900K) NonClass: 80218K(81664K)->80218K(81664K) Class: 10894K(12236K)->10894K(12236K)
[2020-12-12T12:27:13.464-0800][gc           ] GC(19) Pause Young (Normal) (G1 Evacuation Pause) 314M->75M(512M) 8.412ms
[2020-12-12T12:27:13.465-0800][gc,cpu       ] GC(19) User=0.06s Sys=0.00s Real=0.01s
[2020-12-12T12:51:06.977-0800][gc,start     ] GC(20) Pause Young (Normal) (G1 Evacuation Pause)
[2020-12-12T12:51:06.977-0800][gc,task      ] GC(20) Using 10 workers of 10 for evacuation
[2020-12-12T12:51:06.985-0800][gc,phases    ] GC(20)   Pre Evacuate Collection Set: 0.1ms
[2020-12-12T12:51:06.985-0800][gc,phases    ] GC(20)   Merge Heap Roots: 0.1ms
[2020-12-12T12:51:06.985-0800][gc,phases    ] GC(20)   Evacuate Collection Set: 6.2ms
[2020-12-12T12:51:06.985-0800][gc,phases    ] GC(20)   Post Evacuate Collection Set: 1.0ms
[2020-12-12T12:51:06.985-0800][gc,phases    ] GC(20)   Other: 1.1ms
[2020-12-12T12:51:06.985-0800][gc,heap      ] GC(20) Eden regions: 239->0(238)
[2020-12-12T12:51:06.985-0800][gc,heap      ] GC(20) Survivor regions: 17->18(32)
[2020-12-12T12:51:06.985-0800][gc,heap      ] GC(20) Old regions: 41->41
[2020-12-12T12:51:06.985-0800][gc,heap      ] GC(20) Archive regions: 2->2
[2020-12-12T12:51:06.985-0800][gc,heap      ] GC(20) Humongous regions: 18->18
[2020-12-12T12:51:06.985-0800][gc,metaspace ] GC(20) Metaspace: 91141K(93900K)->91141K(93900K) NonClass: 80243K(81664K)->80243K(81664K) Class: 10898K(12236K)->10898K(12236K)
[2020-12-12T12:51:06.985-0800][gc           ] GC(20) Pause Young (Normal) (G1 Evacuation Pause) 314M->76M(512M) 8.603ms
[2020-12-12T12:51:06.985-0800][gc,cpu       ] GC(20) User=0.06s Sys=0.00s Real=0.01s
[2020-12-12T13:14:57.700-0800][gc,start     ] GC(21) Pause Young (Normal) (G1 Evacuation Pause)
[2020-12-12T13:14:57.701-0800][gc,task      ] GC(21) Using 10 workers of 10 for evacuation
[2020-12-12T13:14:57.709-0800][gc,phases    ] GC(21)   Pre Evacuate Collection Set: 0.1ms
[2020-12-12T13:14:57.709-0800][gc,phases    ] GC(21)   Merge Heap Roots: 0.1ms
[2020-12-12T13:14:57.709-0800][gc,phases    ] GC(21)   Evacuate Collection Set: 6.3ms
[2020-12-12T13:14:57.709-0800][gc,phases    ] GC(21)   Post Evacuate Collection Set: 1.1ms
[2020-12-12T13:14:57.709-0800][gc,phases    ] GC(21)   Other: 1.1ms
[2020-12-12T13:14:57.709-0800][gc,heap      ] GC(21) Eden regions: 238->0(238)
[2020-12-12T13:14:57.709-0800][gc,heap      ] GC(21) Survivor regions: 18->18(32)
[2020-12-12T13:14:57.709-0800][gc,heap      ] GC(21) Old regions: 41->41
[2020-12-12T13:14:57.709-0800][gc,heap      ] GC(21) Archive regions: 2->2
[2020-12-12T13:14:57.709-0800][gc,heap      ] GC(21) Humongous regions: 18->18
[2020-12-12T13:14:57.709-0800][gc,metaspace ] GC(21) Metaspace: 91148K(93900K)->91148K(93900K) NonClass: 80249K(81664K)->80249K(81664K) Class: 10898K(12236K)->10898K(12236K)
[2020-12-12T13:14:57.709-0800][gc           ] GC(21) Pause Young (Normal) (G1 Evacuation Pause) 314M->76M(512M) 8.695ms
[2020-12-12T13:14:57.709-0800][gc,cpu       ] GC(21) User=0.06s Sys=0.00s Real=0.00s
[2020-12-12T13:38:53.647-0800][gc,start     ] GC(22) Pause Young (Normal) (G1 Evacuation Pause)
[2020-12-12T13:38:53.648-0800][gc,task      ] GC(22) Using 10 workers of 10 for evacuation
[2020-12-12T13:38:53.656-0800][gc,phases    ] GC(22)   Pre Evacuate Collection Set: 0.1ms
[2020-12-12T13:38:53.656-0800][gc,phases    ] GC(22)   Merge Heap Roots: 0.1ms
[2020-12-12T13:38:53.656-0800][gc,phases    ] GC(22)   Evacuate Collection Set: 6.7ms
[2020-12-12T13:38:53.656-0800][gc,phases    ] GC(22)   Post Evacuate Collection Set: 1.1ms
[2020-12-12T13:38:53.656-0800][gc,phases    ] GC(22)   Other: 1.3ms
[2020-12-12T13:38:53.656-0800][gc,heap      ] GC(22) Eden regions: 238->0(239)
[2020-12-12T13:38:53.656-0800][gc,heap      ] GC(22) Survivor regions: 18->17(32)
[2020-12-12T13:38:53.656-0800][gc,heap      ] GC(22) Old regions: 41->41
[2020-12-12T13:38:53.656-0800][gc,heap      ] GC(22) Archive regions: 2->2
[2020-12-12T13:38:53.656-0800][gc,heap      ] GC(22) Humongous regions: 18->18
[2020-12-12T13:38:53.656-0800][gc,metaspace ] GC(22) Metaspace: 91160K(93900K)->91160K(93900K) NonClass: 80258K(81664K)->80258K(81664K) Class: 10901K(12236K)->10901K(12236K)
[2020-12-12T13:38:53.656-0800][gc           ] GC(22) Pause Young (Normal) (G1 Evacuation Pause) 314M->76M(512M) 9.477ms
[2020-12-12T13:38:53.656-0800][gc,cpu       ] GC(22) User=0.07s Sys=0.00s Real=0.01s
[2020-12-12T14:42:09.056-0800][gc,start     ] GC(23) Pause Young (Normal) (G1 Evacuation Pause)
[2020-12-12T14:42:09.057-0800][gc,task      ] GC(23) Using 10 workers of 10 for evacuation
[2020-12-12T14:42:09.078-0800][gc,phases    ] GC(23)   Pre Evacuate Collection Set: 0.2ms
[2020-12-12T14:42:09.078-0800][gc,phases    ] GC(23)   Merge Heap Roots: 0.1ms
[2020-12-12T14:42:09.078-0800][gc,phases    ] GC(23)   Evacuate Collection Set: 18.9ms
[2020-12-12T14:42:09.078-0800][gc,phases    ] GC(23)   Post Evacuate Collection Set: 1.0ms
[2020-12-12T14:42:09.078-0800][gc,phases    ] GC(23)   Other: 1.4ms
[2020-12-12T14:42:09.078-0800][gc,heap      ] GC(23) Eden regions: 239->0(238)
[2020-12-12T14:42:09.078-0800][gc,heap      ] GC(23) Survivor regions: 17->18(32)
[2020-12-12T14:42:09.078-0800][gc,heap      ] GC(23) Old regions: 41->41
[2020-12-12T14:42:09.078-0800][gc,heap      ] GC(23) Archive regions: 2->2
[2020-12-12T14:42:09.078-0800][gc,heap      ] GC(23) Humongous regions: 18->18
[2020-12-12T14:42:09.078-0800][gc,metaspace ] GC(23) Metaspace: 91183K(93900K)->91183K(93900K) NonClass: 80280K(81664K)->80280K(81664K) Class: 10903K(12236K)->10903K(12236K)
[2020-12-12T14:42:09.078-0800][gc           ] GC(23) Pause Young (Normal) (G1 Evacuation Pause) 315M->76M(512M) 21.689ms
[2020-12-12T14:42:09.078-0800][gc,cpu       ] GC(23) User=0.07s Sys=0.06s Real=0.02s
[2020-12-12T17:11:19.929-0800][gc,start     ] GC(24) Pause Young (Normal) (G1 Evacuation Pause)
[2020-12-12T17:11:19.930-0800][gc,task      ] GC(24) Using 10 workers of 10 for evacuation
[2020-12-12T17:11:19.965-0800][gc,phases    ] GC(24)   Pre Evacuate Collection Set: 1.3ms
[2020-12-12T17:11:19.965-0800][gc,phases    ] GC(24)   Merge Heap Roots: 0.5ms
[2020-12-12T17:11:19.965-0800][gc,phases    ] GC(24)   Evacuate Collection Set: 30.8ms
[2020-12-12T17:11:19.965-0800][gc,phases    ] GC(24)   Post Evacuate Collection Set: 2.0ms
[2020-12-12T17:11:19.965-0800][gc,phases    ] GC(24)   Other: 1.5ms
[2020-12-12T17:11:19.965-0800][gc,heap      ] GC(24) Eden regions: 238->0(238)
[2020-12-12T17:11:19.965-0800][gc,heap      ] GC(24) Survivor regions: 18->18(32)
[2020-12-12T17:11:19.965-0800][gc,heap      ] GC(24) Old regions: 41->41
[2020-12-12T17:11:19.965-0800][gc,heap      ] GC(24) Archive regions: 2->2
[2020-12-12T17:11:19.965-0800][gc,heap      ] GC(24) Humongous regions: 18->18
[2020-12-12T17:11:19.965-0800][gc,metaspace ] GC(24) Metaspace: 91230K(93900K)->91230K(93900K) NonClass: 80324K(81664K)->80324K(81664K) Class: 10906K(12236K)->10906K(12236K)
[2020-12-12T17:11:19.965-0800][gc           ] GC(24) Pause Young (Normal) (G1 Evacuation Pause) 314M->76M(512M) 36.194ms
[2020-12-12T17:11:19.965-0800][gc,cpu       ] GC(24) User=0.08s Sys=0.17s Real=0.04s
[2020-12-13T00:04:02.083-0800][gc,start     ] GC(25) Pause Young (Normal) (G1 Evacuation Pause)
[2020-12-13T00:04:02.085-0800][gc,task      ] GC(25) Using 10 workers of 10 for evacuation
[2020-12-13T00:04:02.128-0800][gc,phases    ] GC(25)   Pre Evacuate Collection Set: 0.3ms
[2020-12-13T00:04:02.128-0800][gc,phases    ] GC(25)   Merge Heap Roots: 0.4ms
[2020-12-13T00:04:02.128-0800][gc,phases    ] GC(25)   Evacuate Collection Set: 36.2ms
[2020-12-13T00:04:02.128-0800][gc,phases    ] GC(25)   Post Evacuate Collection Set: 5.6ms
[2020-12-13T00:04:02.128-0800][gc,phases    ] GC(25)   Other: 3.3ms
[2020-12-13T00:04:02.129-0800][gc,heap      ] GC(25) Eden regions: 238->0(245)
[2020-12-13T00:04:02.129-0800][gc,heap      ] GC(25) Survivor regions: 18->11(32)
[2020-12-13T00:04:02.129-0800][gc,heap      ] GC(25) Old regions: 41->48
[2020-12-13T00:04:02.129-0800][gc,heap      ] GC(25) Archive regions: 2->2
[2020-12-13T00:04:02.129-0800][gc,heap      ] GC(25) Humongous regions: 18->18
[2020-12-13T00:04:02.129-0800][gc,metaspace ] GC(25) Metaspace: 91273K(93900K)->91273K(93900K) NonClass: 80367K(81664K)->80367K(81664K) Class: 10906K(12236K)->10906K(12236K)
[2020-12-13T00:04:02.129-0800][gc           ] GC(25) Pause Young (Normal) (G1 Evacuation Pause) 314M->76M(512M) 46.325ms
[2020-12-13T00:04:02.129-0800][gc,cpu       ] GC(25) User=0.27s Sys=0.07s Real=0.04s
[2020-12-14T11:13:09.354-0800][gc,start     ] GC(26) Pause Young (Normal) (G1 Evacuation Pause)
[2020-12-14T11:13:09.355-0800][gc,task      ] GC(26) Using 10 workers of 10 for evacuation
[2020-12-14T11:13:09.362-0800][gc,phases    ] GC(26)   Pre Evacuate Collection Set: 0.2ms
[2020-12-14T11:13:09.363-0800][gc,phases    ] GC(26)   Merge Heap Roots: 0.2ms
[2020-12-14T11:13:09.363-0800][gc,phases    ] GC(26)   Evacuate Collection Set: 5.0ms
[2020-12-14T11:13:09.363-0800][gc,phases    ] GC(26)   Post Evacuate Collection Set: 1.2ms
[2020-12-14T11:13:09.363-0800][gc,phases    ] GC(26)   Other: 2.1ms
[2020-12-14T11:13:09.363-0800][gc,heap      ] GC(26) Eden regions: 245->0(245)
[2020-12-14T11:13:09.363-0800][gc,heap      ] GC(26) Survivor regions: 11->11(32)
[2020-12-14T11:13:09.363-0800][gc,heap      ] GC(26) Old regions: 48->48
[2020-12-14T11:13:09.363-0800][gc,heap      ] GC(26) Archive regions: 2->2
[2020-12-14T11:13:09.363-0800][gc,heap      ] GC(26) Humongous regions: 18->18
[2020-12-14T11:13:09.363-0800][gc,metaspace ] GC(26) Metaspace: 91290K(93900K)->91290K(93900K) NonClass: 80383K(81664K)->80383K(81664K) Class: 10907K(12236K)->10907K(12236K)
[2020-12-14T11:13:09.363-0800][gc           ] GC(26) Pause Young (Normal) (G1 Evacuation Pause) 321M->76M(512M) 8.773ms
[2020-12-14T11:13:09.363-0800][gc,cpu       ] GC(26) User=0.05s Sys=0.00s Real=0.01s
[2020-12-14T20:34:47.353-0800][gc,start     ] GC(27) Pause Young (Normal) (G1 Evacuation Pause)
[2020-12-14T20:34:47.355-0800][gc,task      ] GC(27) Using 10 workers of 10 for evacuation
[2020-12-14T20:34:47.391-0800][gc,phases    ] GC(27)   Pre Evacuate Collection Set: 1.9ms
[2020-12-14T20:34:47.391-0800][gc,phases    ] GC(27)   Merge Heap Roots: 0.5ms
[2020-12-14T20:34:47.391-0800][gc,phases    ] GC(27)   Evacuate Collection Set: 28.8ms
[2020-12-14T20:34:47.391-0800][gc,phases    ] GC(27)   Post Evacuate Collection Set: 4.8ms
[2020-12-14T20:34:47.391-0800][gc,phases    ] GC(27)   Other: 2.1ms
[2020-12-14T20:34:47.391-0800][gc,heap      ] GC(27) Eden regions: 245->0(245)
[2020-12-14T20:34:47.391-0800][gc,heap      ] GC(27) Survivor regions: 11->11(32)
[2020-12-14T20:34:47.391-0800][gc,heap      ] GC(27) Old regions: 48->48
[2020-12-14T20:34:47.391-0800][gc,heap      ] GC(27) Archive regions: 2->2
[2020-12-14T20:34:47.391-0800][gc,heap      ] GC(27) Humongous regions: 18->18
[2020-12-14T20:34:47.391-0800][gc,metaspace ] GC(27) Metaspace: 91478K(94156K)->91478K(94156K) NonClass: 80560K(81920K)->80560K(81920K) Class: 10918K(12236K)->10918K(12236K)
[2020-12-14T20:34:47.392-0800][gc           ] GC(27) Pause Young (Normal) (G1 Evacuation Pause) 321M->76M(512M) 38.131ms
[2020-12-14T20:34:47.392-0800][gc,cpu       ] GC(27) User=0.07s Sys=0.19s Real=0.04s
[2020-12-14T21:01:22.611-0800][gc,start     ] GC(28) Pause Young (Normal) (G1 Evacuation Pause)
[2020-12-14T21:01:22.612-0800][gc,task      ] GC(28) Using 10 workers of 10 for evacuation
[2020-12-14T21:01:22.620-0800][gc,phases    ] GC(28)   Pre Evacuate Collection Set: 0.2ms
[2020-12-14T21:01:22.620-0800][gc,phases    ] GC(28)   Merge Heap Roots: 0.1ms
[2020-12-14T21:01:22.620-0800][gc,phases    ] GC(28)   Evacuate Collection Set: 6.5ms
[2020-12-14T21:01:22.620-0800][gc,phases    ] GC(28)   Post Evacuate Collection Set: 1.1ms
[2020-12-14T21:01:22.620-0800][gc,phases    ] GC(28)   Other: 1.7ms
[2020-12-14T21:01:22.620-0800][gc,heap      ] GC(28) Eden regions: 245->0(245)
[2020-12-14T21:01:22.620-0800][gc,heap      ] GC(28) Survivor regions: 11->11(32)
[2020-12-14T21:01:22.620-0800][gc,heap      ] GC(28) Old regions: 48->48
[2020-12-14T21:01:22.620-0800][gc,heap      ] GC(28) Archive regions: 2->2
[2020-12-14T21:01:22.620-0800][gc,heap      ] GC(28) Humongous regions: 18->18
[2020-12-14T21:01:22.620-0800][gc,metaspace ] GC(28) Metaspace: 92616K(95564K)->92616K(95564K) NonClass: 81557K(82944K)->81557K(82944K) Class: 11059K(12620K)->11059K(12620K)
[2020-12-14T21:01:22.620-0800][gc           ] GC(28) Pause Young (Normal) (G1 Evacuation Pause) 321M->77M(512M) 9.708ms
[2020-12-14T21:01:22.621-0800][gc,cpu       ] GC(28) User=0.04s Sys=0.02s Real=0.01s
[2020-12-14T21:16:12.604-0800][gc,start     ] GC(29) Pause Young (Normal) (G1 Evacuation Pause)
[2020-12-14T21:16:12.605-0800][gc,task      ] GC(29) Using 10 workers of 10 for evacuation
[2020-12-14T21:16:12.634-0800][gc,phases    ] GC(29)   Pre Evacuate Collection Set: 0.9ms
[2020-12-14T21:16:12.634-0800][gc,phases    ] GC(29)   Merge Heap Roots: 0.3ms
[2020-12-14T21:16:12.634-0800][gc,phases    ] GC(29)   Evacuate Collection Set: 26.6ms
[2020-12-14T21:16:12.634-0800][gc,phases    ] GC(29)   Post Evacuate Collection Set: 1.3ms
[2020-12-14T21:16:12.634-0800][gc,phases    ] GC(29)   Other: 1.1ms
[2020-12-14T21:16:12.634-0800][gc,heap      ] GC(29) Eden regions: 245->0(252)
[2020-12-14T21:16:12.634-0800][gc,heap      ] GC(29) Survivor regions: 11->4(32)
[2020-12-14T21:16:12.634-0800][gc,heap      ] GC(29) Old regions: 48->55
[2020-12-14T21:16:12.634-0800][gc,heap      ] GC(29) Archive regions: 2->2
[2020-12-14T21:16:12.634-0800][gc,heap      ] GC(29) Humongous regions: 18->18
[2020-12-14T21:16:12.634-0800][gc,metaspace ] GC(29) Metaspace: 92721K(95564K)->92721K(95564K) NonClass: 81658K(82944K)->81658K(82944K) Class: 11062K(12620K)->11062K(12620K)
[2020-12-14T21:16:12.634-0800][gc           ] GC(29) Pause Young (Normal) (G1 Evacuation Pause) 322M->77M(512M) 30.366ms
[2020-12-14T21:16:12.634-0800][gc,cpu       ] GC(29) User=0.06s Sys=0.15s Real=0.03s
[2020-12-14T21:53:17.641-0800][gc,start     ] GC(30) Pause Young (Normal) (G1 Evacuation Pause)
[2020-12-14T21:53:17.643-0800][gc,task      ] GC(30) Using 10 workers of 10 for evacuation
[2020-12-14T21:53:17.659-0800][gc,phases    ] GC(30)   Pre Evacuate Collection Set: 1.9ms
[2020-12-14T21:53:17.659-0800][gc,phases    ] GC(30)   Merge Heap Roots: 0.4ms
[2020-12-14T21:53:17.659-0800][gc,phases    ] GC(30)   Evacuate Collection Set: 11.5ms
[2020-12-14T21:53:17.659-0800][gc,phases    ] GC(30)   Post Evacuate Collection Set: 2.2ms
[2020-12-14T21:53:17.659-0800][gc,phases    ] GC(30)   Other: 2.2ms
[2020-12-14T21:53:17.659-0800][gc,heap      ] GC(30) Eden regions: 252->0(252)
[2020-12-14T21:53:17.659-0800][gc,heap      ] GC(30) Survivor regions: 4->4(32)
[2020-12-14T21:53:17.659-0800][gc,heap      ] GC(30) Old regions: 55->56
[2020-12-14T21:53:17.659-0800][gc,heap      ] GC(30) Archive regions: 2->2
[2020-12-14T21:53:17.659-0800][gc,heap      ] GC(30) Humongous regions: 18->18
[2020-12-14T21:53:17.659-0800][gc,metaspace ] GC(30) Metaspace: 92809K(95820K)->92809K(95820K) NonClass: 81737K(83200K)->81737K(83200K) Class: 11072K(12620K)->11072K(12620K)
[2020-12-14T21:53:17.659-0800][gc           ] GC(30) Pause Young (Normal) (G1 Evacuation Pause) 329M->77M(512M) 18.124ms
[2020-12-14T21:53:17.660-0800][gc,cpu       ] GC(30) User=0.03s Sys=0.07s Real=0.02s
[2020-12-14T22:02:38.800-0800][gc,start     ] GC(31) Pause Young (Normal) (G1 Evacuation Pause)
[2020-12-14T22:02:38.801-0800][gc,task      ] GC(31) Using 10 workers of 10 for evacuation
[2020-12-14T22:02:38.806-0800][gc,phases    ] GC(31)   Pre Evacuate Collection Set: 0.2ms
[2020-12-14T22:02:38.806-0800][gc,phases    ] GC(31)   Merge Heap Roots: 0.1ms
[2020-12-14T22:02:38.806-0800][gc,phases    ] GC(31)   Evacuate Collection Set: 3.1ms
[2020-12-14T22:02:38.806-0800][gc,phases    ] GC(31)   Post Evacuate Collection Set: 0.8ms
[2020-12-14T22:02:38.806-0800][gc,phases    ] GC(31)   Other: 1.1ms
[2020-12-14T22:02:38.806-0800][gc,heap      ] GC(31) Eden regions: 252->0(253)
[2020-12-14T22:02:38.806-0800][gc,heap      ] GC(31) Survivor regions: 4->3(32)
[2020-12-14T22:02:38.806-0800][gc,heap      ] GC(31) Old regions: 56->56
[2020-12-14T22:02:38.806-0800][gc,heap      ] GC(31) Archive regions: 2->2
[2020-12-14T22:02:38.806-0800][gc,heap      ] GC(31) Humongous regions: 18->18
[2020-12-14T22:02:38.806-0800][gc,metaspace ] GC(31) Metaspace: 92874K(95820K)->92874K(95820K) NonClass: 81801K(83200K)->81801K(83200K) Class: 11073K(12620K)->11073K(12620K)
[2020-12-14T22:02:38.806-0800][gc           ] GC(31) Pause Young (Normal) (G1 Evacuation Pause) 329M->77M(512M) 5.463ms
[2020-12-14T22:02:38.806-0800][gc,cpu       ] GC(31) User=0.02s Sys=0.01s Real=0.00s
[2020-12-14T22:12:17.020-0800][gc,start     ] GC(32) Pause Young (Normal) (G1 Evacuation Pause)
[2020-12-14T22:12:17.021-0800][gc,task      ] GC(32) Using 10 workers of 10 for evacuation
[2020-12-14T22:12:17.036-0800][gc,phases    ] GC(32)   Pre Evacuate Collection Set: 1.2ms
[2020-12-14T22:12:17.036-0800][gc,phases    ] GC(32)   Merge Heap Roots: 0.3ms
[2020-12-14T22:12:17.036-0800][gc,phases    ] GC(32)   Evacuate Collection Set: 10.6ms
[2020-12-14T22:12:17.036-0800][gc,phases    ] GC(32)   Post Evacuate Collection Set: 1.9ms
[2020-12-14T22:12:17.036-0800][gc,phases    ] GC(32)   Other: 1.4ms
[2020-12-14T22:12:17.036-0800][gc,heap      ] GC(32) Eden regions: 253->0(253)
[2020-12-14T22:12:17.036-0800][gc,heap      ] GC(32) Survivor regions: 3->3(32)
[2020-12-14T22:12:17.036-0800][gc,heap      ] GC(32) Old regions: 56->56
[2020-12-14T22:12:17.036-0800][gc,heap      ] GC(32) Archive regions: 2->2
[2020-12-14T22:12:17.036-0800][gc,heap      ] GC(32) Humongous regions: 18->18
[2020-12-14T22:12:17.036-0800][gc,metaspace ] GC(32) Metaspace: 92896K(95820K)->92896K(95820K) NonClass: 81823K(83200K)->81823K(83200K) Class: 11073K(12620K)->11073K(12620K)
[2020-12-14T22:12:17.036-0800][gc           ] GC(32) Pause Young (Normal) (G1 Evacuation Pause) 330M->77M(512M) 15.667ms
[2020-12-14T22:12:17.036-0800][gc,cpu       ] GC(32) User=0.03s Sys=0.06s Real=0.01s
[2020-12-14T22:21:54.403-0800][gc,start     ] GC(33) Pause Young (Normal) (G1 Evacuation Pause)
[2020-12-14T22:21:54.403-0800][gc,task      ] GC(33) Using 10 workers of 10 for evacuation
[2020-12-14T22:21:54.408-0800][gc,phases    ] GC(33)   Pre Evacuate Collection Set: 0.1ms
[2020-12-14T22:21:54.408-0800][gc,phases    ] GC(33)   Merge Heap Roots: 0.1ms
[2020-12-14T22:21:54.408-0800][gc,phases    ] GC(33)   Evacuate Collection Set: 3.0ms
[2020-12-14T22:21:54.408-0800][gc,phases    ] GC(33)   Post Evacuate Collection Set: 0.8ms
[2020-12-14T22:21:54.408-0800][gc,phases    ] GC(33)   Other: 1.1ms
[2020-12-14T22:21:54.408-0800][gc,heap      ] GC(33) Eden regions: 253->0(253)
[2020-12-14T22:21:54.408-0800][gc,heap      ] GC(33) Survivor regions: 3->3(32)
[2020-12-14T22:21:54.408-0800][gc,heap      ] GC(33) Old regions: 56->56
[2020-12-14T22:21:54.408-0800][gc,heap      ] GC(33) Archive regions: 2->2
[2020-12-14T22:21:54.408-0800][gc,heap      ] GC(33) Humongous regions: 18->18
[2020-12-14T22:21:54.408-0800][gc,metaspace ] GC(33) Metaspace: 92914K(95820K)->92914K(95820K) NonClass: 81841K(83200K)->81841K(83200K) Class: 11073K(12620K)->11073K(12620K)
[2020-12-14T22:21:54.408-0800][gc           ] GC(33) Pause Young (Normal) (G1 Evacuation Pause) 330M->77M(512M) 5.224ms
[2020-12-14T22:21:54.408-0800][gc,cpu       ] GC(33) User=0.02s Sys=0.01s Real=0.00s
[2020-12-14T22:31:31.462-0800][gc,start     ] GC(34) Pause Young (Normal) (G1 Evacuation Pause)
[2020-12-14T22:31:31.463-0800][gc,task      ] GC(34) Using 10 workers of 10 for evacuation
[2020-12-14T22:31:31.467-0800][gc,phases    ] GC(34)   Pre Evacuate Collection Set: 0.2ms
[2020-12-14T22:31:31.467-0800][gc,phases    ] GC(34)   Merge Heap Roots: 0.1ms
[2020-12-14T22:31:31.467-0800][gc,phases    ] GC(34)   Evacuate Collection Set: 2.7ms
[2020-12-14T22:31:31.467-0800][gc,phases    ] GC(34)   Post Evacuate Collection Set: 0.6ms
[2020-12-14T22:31:31.467-0800][gc,phases    ] GC(34)   Other: 1.7ms
[2020-12-14T22:31:31.467-0800][gc,heap      ] GC(34) Eden regions: 253->0(253)
[2020-12-14T22:31:31.467-0800][gc,heap      ] GC(34) Survivor regions: 3->3(32)
[2020-12-14T22:31:31.467-0800][gc,heap      ] GC(34) Old regions: 56->56
[2020-12-14T22:31:31.467-0800][gc,heap      ] GC(34) Archive regions: 2->2
[2020-12-14T22:31:31.467-0800][gc,heap      ] GC(34) Humongous regions: 18->18
[2020-12-14T22:31:31.467-0800][gc,metaspace ] GC(34) Metaspace: 92932K(95820K)->92932K(95820K) NonClass: 81859K(83200K)->81859K(83200K) Class: 11073K(12620K)->11073K(12620K)
[2020-12-14T22:31:31.467-0800][gc           ] GC(34) Pause Young (Normal) (G1 Evacuation Pause) 330M->77M(512M) 5.418ms
[2020-12-14T22:31:31.467-0800][gc,cpu       ] GC(34) User=0.01s Sys=0.00s Real=0.00s
[2020-12-14T22:41:10.463-0800][gc,start     ] GC(35) Pause Young (Normal) (G1 Evacuation Pause)
[2020-12-14T22:41:10.464-0800][gc,task      ] GC(35) Using 10 workers of 10 for evacuation
[2020-12-14T22:41:10.478-0800][gc,phases    ] GC(35)   Pre Evacuate Collection Set: 1.9ms
[2020-12-14T22:41:10.479-0800][gc,phases    ] GC(35)   Merge Heap Roots: 0.4ms
[2020-12-14T22:41:10.479-0800][gc,phases    ] GC(35)   Evacuate Collection Set: 10.2ms
[2020-12-14T22:41:10.479-0800][gc,phases    ] GC(35)   Post Evacuate Collection Set: 1.6ms
[2020-12-14T22:41:10.479-0800][gc,phases    ] GC(35)   Other: 2.1ms
[2020-12-14T22:41:10.479-0800][gc,heap      ] GC(35) Eden regions: 253->0(253)
[2020-12-14T22:41:10.479-0800][gc,heap      ] GC(35) Survivor regions: 3->3(32)
[2020-12-14T22:41:10.479-0800][gc,heap      ] GC(35) Old regions: 56->56
[2020-12-14T22:41:10.479-0800][gc,heap      ] GC(35) Archive regions: 2->2
[2020-12-14T22:41:10.479-0800][gc,heap      ] GC(35) Humongous regions: 18->18
[2020-12-14T22:41:10.479-0800][gc,metaspace ] GC(35) Metaspace: 92937K(95820K)->92937K(95820K) NonClass: 81864K(83200K)->81864K(83200K) Class: 11073K(12620K)->11073K(12620K)
[2020-12-14T22:41:10.479-0800][gc           ] GC(35) Pause Young (Normal) (G1 Evacuation Pause) 330M->76M(512M) 16.174ms
[2020-12-14T22:41:10.479-0800][gc,cpu       ] GC(35) User=0.03s Sys=0.06s Real=0.01s
[2020-12-14T22:51:02.626-0800][gc,start     ] GC(36) Pause Young (Normal) (G1 Evacuation Pause)
[2020-12-14T22:51:02.628-0800][gc,task      ] GC(36) Using 10 workers of 10 for evacuation
[2020-12-14T22:51:02.636-0800][gc,phases    ] GC(36)   Pre Evacuate Collection Set: 0.2ms
[2020-12-14T22:51:02.636-0800][gc,phases    ] GC(36)   Merge Heap Roots: 0.1ms
[2020-12-14T22:51:02.636-0800][gc,phases    ] GC(36)   Evacuate Collection Set: 7.0ms
[2020-12-14T22:51:02.636-0800][gc,phases    ] GC(36)   Post Evacuate Collection Set: 0.9ms
[2020-12-14T22:51:02.636-0800][gc,phases    ] GC(36)   Other: 1.9ms
[2020-12-14T22:51:02.636-0800][gc,heap      ] GC(36) Eden regions: 253->0(251)
[2020-12-14T22:51:02.636-0800][gc,heap      ] GC(36) Survivor regions: 3->5(32)
[2020-12-14T22:51:02.636-0800][gc,heap      ] GC(36) Old regions: 56->56
[2020-12-14T22:51:02.637-0800][gc,heap      ] GC(36) Archive regions: 2->2
[2020-12-14T22:51:02.637-0800][gc,heap      ] GC(36) Humongous regions: 18->18
[2020-12-14T22:51:02.637-0800][gc,metaspace ] GC(36) Metaspace: 92959K(95820K)->92959K(95820K) NonClass: 81885K(83200K)->81885K(83200K) Class: 11074K(12620K)->11074K(12620K)
[2020-12-14T22:51:02.637-0800][gc           ] GC(36) Pause Young (Normal) (G1 Evacuation Pause) 329M->79M(512M) 10.137ms
[2020-12-14T22:51:02.637-0800][gc,cpu       ] GC(36) User=0.04s Sys=0.03s Real=0.01s
