[2020-12-11T10:55:41.003-0800][gc,heap] Heap region size: 1M
[2020-12-11T10:55:41.003-0800][gc,heap,coops] Heap address: 0x00000007e0000000, size: 512 MB, Compressed Oops mode: Zero based, Oop shift amount: 3
[2020-12-11T10:55:41.007-0800][gc           ] Using G1
[2020-12-11T10:55:41.007-0800][gc,cds       ] Mark closed archive regions in map: [0x00000007fff00000, 0x00000007fff7aff8]
[2020-12-11T10:55:41.008-0800][gc,cds       ] Mark open archive regions in map: [0x00000007ffe00000, 0x00000007ffe50ff8]
[2020-12-11T10:55:41.023-0800][gc           ] Periodic GC disabled
[2020-12-11T10:55:42.145-0800][gc,start     ] GC(0) Pause Young (Normal) (G1 Evacuation Pause)
[2020-12-11T10:55:42.145-0800][gc,task      ] GC(0) Using 10 workers of 10 for evacuation
[2020-12-11T10:55:42.150-0800][gc,phases    ] GC(0)   Pre Evacuate Collection Set: 0.1ms
[2020-12-11T10:55:42.150-0800][gc,phases    ] GC(0)   Merge Heap Roots: 0.1ms
[2020-12-11T10:55:42.150-0800][gc,phases    ] GC(0)   Evacuate Collection Set: 4.3ms
[2020-12-11T10:55:42.151-0800][gc,phases    ] GC(0)   Post Evacuate Collection Set: 0.6ms
[2020-12-11T10:55:42.151-0800][gc,phases    ] GC(0)   Other: 0.6ms
[2020-12-11T10:55:42.151-0800][gc,heap      ] GC(0) Eden regions: 256->0(250)
[2020-12-11T10:55:42.151-0800][gc,heap      ] GC(0) Survivor regions: 0->6(32)
[2020-12-11T10:55:42.151-0800][gc,heap      ] GC(0) Old regions: 0->0
[2020-12-11T10:55:42.151-0800][gc,heap      ] GC(0) Archive regions: 2->2
[2020-12-11T10:55:42.151-0800][gc,heap      ] GC(0) Humongous regions: 0->0
[2020-12-11T10:55:42.151-0800][gc,metaspace ] GC(0) Metaspace: 14404K(15104K)->14404K(15104K) NonClass: 12615K(13056K)->12615K(13056K) Class: 1788K(2048K)->1788K(2048K)
[2020-12-11T10:55:42.151-0800][gc           ] GC(0) Pause Young (Normal) (G1 Evacuation Pause) 256M->6M(512M) 5.730ms
[2020-12-11T10:55:42.151-0800][gc,cpu       ] GC(0) User=0.05s Sys=0.01s Real=0.01s
[2020-12-11T10:55:42.542-0800][gc,start     ] GC(1) Pause Young (Concurrent Start) (Metadata GC Threshold)
[2020-12-11T10:55:42.542-0800][gc,task      ] GC(1) Using 10 workers of 10 for evacuation
[2020-12-11T10:55:42.546-0800][gc,phases    ] GC(1)   Pre Evacuate Collection Set: 0.1ms
[2020-12-11T10:55:42.546-0800][gc,phases    ] GC(1)   Merge Heap Roots: 0.1ms
[2020-12-11T10:55:42.546-0800][gc,phases    ] GC(1)   Evacuate Collection Set: 3.5ms
[2020-12-11T10:55:42.546-0800][gc,phases    ] GC(1)   Post Evacuate Collection Set: 0.6ms
[2020-12-11T10:55:42.546-0800][gc,phases    ] GC(1)   Other: 0.2ms
[2020-12-11T10:55:42.546-0800][gc,heap      ] GC(1) Eden regions: 192->0(248)
[2020-12-11T10:55:42.546-0800][gc,heap      ] GC(1) Survivor regions: 6->8(32)
[2020-12-11T10:55:42.546-0800][gc,heap      ] GC(1) Old regions: 0->0
[2020-12-11T10:55:42.546-0800][gc,heap      ] GC(1) Archive regions: 2->2
[2020-12-11T10:55:42.546-0800][gc,heap      ] GC(1) Humongous regions: 0->0
[2020-12-11T10:55:42.546-0800][gc,metaspace ] GC(1) Metaspace: 20605K(21248K)->20605K(21248K) NonClass: 18038K(18432K)->18038K(18432K) Class: 2567K(2816K)->2567K(2816K)
[2020-12-11T10:55:42.546-0800][gc           ] GC(1) Pause Young (Concurrent Start) (Metadata GC Threshold) 198M->8M(512M) 4.737ms
[2020-12-11T10:55:42.546-0800][gc,cpu       ] GC(1) User=0.04s Sys=0.00s Real=0.00s
[2020-12-11T10:55:42.546-0800][gc           ] GC(2) Concurrent Cycle
[2020-12-11T10:55:42.547-0800][gc,marking   ] GC(2) Concurrent Clear Claimed Marks
[2020-12-11T10:55:42.547-0800][gc,marking   ] GC(2) Concurrent Clear Claimed Marks 0.041ms
[2020-12-11T10:55:42.547-0800][gc,marking   ] GC(2) Concurrent Scan Root Regions
[2020-12-11T10:55:42.550-0800][gc,marking   ] GC(2) Concurrent Scan Root Regions 2.996ms
[2020-12-11T10:55:42.550-0800][gc,marking   ] GC(2) Concurrent Mark (1.553s)
[2020-12-11T10:55:42.550-0800][gc,marking   ] GC(2) Concurrent Mark From Roots
[2020-12-11T10:55:42.550-0800][gc,task      ] GC(2) Using 3 workers of 3 for marking
[2020-12-11T10:55:42.551-0800][gc,marking   ] GC(2) Concurrent Mark From Roots 1.152ms
[2020-12-11T10:55:42.551-0800][gc,marking   ] GC(2) Concurrent Preclean
[2020-12-11T10:55:42.551-0800][gc,marking   ] GC(2) Concurrent Preclean 0.059ms
[2020-12-11T10:55:42.551-0800][gc,marking   ] GC(2) Concurrent Mark (1.553s, 1.554s) 1.415ms
[2020-12-11T10:55:42.551-0800][gc,start     ] GC(2) Pause Remark
[2020-12-11T10:55:42.552-0800][gc           ] GC(2) Pause Remark 9M->9M(512M) 1.209ms
[2020-12-11T10:55:42.554-0800][gc,cpu       ] GC(2) User=0.01s Sys=0.00s Real=0.00s
[2020-12-11T10:55:42.554-0800][gc,marking   ] GC(2) Concurrent Rebuild Remembered Sets
[2020-12-11T10:55:42.554-0800][gc,marking   ] GC(2) Concurrent Rebuild Remembered Sets 0.588ms
[2020-12-11T10:55:42.555-0800][gc,start     ] GC(2) Pause Cleanup
[2020-12-11T10:55:42.555-0800][gc           ] GC(2) Pause Cleanup 9M->9M(512M) 0.098ms
[2020-12-11T10:55:42.555-0800][gc,cpu       ] GC(2) User=0.00s Sys=0.00s Real=0.00s
[2020-12-11T10:55:42.555-0800][gc,marking   ] GC(2) Concurrent Cleanup for Next Mark
[2020-12-11T10:55:42.558-0800][gc,marking   ] GC(2) Concurrent Cleanup for Next Mark 2.627ms
[2020-12-11T10:55:42.558-0800][gc           ] GC(2) Concurrent Cycle 11.442ms
[2020-12-11T10:55:43.396-0800][gc,start     ] GC(3) Pause Young (Normal) (G1 Evacuation Pause)
[2020-12-11T10:55:43.396-0800][gc,task      ] GC(3) Using 10 workers of 10 for evacuation
[2020-12-11T10:55:43.402-0800][gc,phases    ] GC(3)   Pre Evacuate Collection Set: 0.1ms
[2020-12-11T10:55:43.402-0800][gc,phases    ] GC(3)   Merge Heap Roots: 0.0ms
[2020-12-11T10:55:43.402-0800][gc,phases    ] GC(3)   Evacuate Collection Set: 5.0ms
[2020-12-11T10:55:43.402-0800][gc,phases    ] GC(3)   Post Evacuate Collection Set: 0.7ms
[2020-12-11T10:55:43.402-0800][gc,phases    ] GC(3)   Other: 0.1ms
[2020-12-11T10:55:43.402-0800][gc,heap      ] GC(3) Eden regions: 248->0(242)
[2020-12-11T10:55:43.402-0800][gc,heap      ] GC(3) Survivor regions: 8->14(32)
[2020-12-11T10:55:43.402-0800][gc,heap      ] GC(3) Old regions: 0->0
[2020-12-11T10:55:43.402-0800][gc,heap      ] GC(3) Archive regions: 2->2
[2020-12-11T10:55:43.402-0800][gc,heap      ] GC(3) Humongous regions: 0->0
[2020-12-11T10:55:43.402-0800][gc,metaspace ] GC(3) Metaspace: 24742K(25600K)->24742K(25600K) NonClass: 21727K(22272K)->21727K(22272K) Class: 3015K(3328K)->3015K(3328K)
[2020-12-11T10:55:43.402-0800][gc           ] GC(3) Pause Young (Normal) (G1 Evacuation Pause) 256M->14M(512M) 6.070ms
[2020-12-11T10:55:43.402-0800][gc,cpu       ] GC(3) User=0.04s Sys=0.01s Real=0.01s
[2020-12-11T10:55:44.051-0800][gc,start     ] GC(4) Pause Young (Normal) (G1 Evacuation Pause)
[2020-12-11T10:55:44.051-0800][gc,task      ] GC(4) Using 10 workers of 10 for evacuation
[2020-12-11T10:55:44.058-0800][gc,phases    ] GC(4)   Pre Evacuate Collection Set: 0.1ms
[2020-12-11T10:55:44.058-0800][gc,phases    ] GC(4)   Merge Heap Roots: 0.1ms
[2020-12-11T10:55:44.058-0800][gc,phases    ] GC(4)   Evacuate Collection Set: 6.1ms
[2020-12-11T10:55:44.058-0800][gc,phases    ] GC(4)   Post Evacuate Collection Set: 1.0ms
[2020-12-11T10:55:44.058-0800][gc,phases    ] GC(4)   Other: 0.1ms
[2020-12-11T10:55:44.058-0800][gc,heap      ] GC(4) Eden regions: 242->0(240)
[2020-12-11T10:55:44.058-0800][gc,heap      ] GC(4) Survivor regions: 14->16(32)
[2020-12-11T10:55:44.058-0800][gc,heap      ] GC(4) Old regions: 0->0
[2020-12-11T10:55:44.058-0800][gc,heap      ] GC(4) Archive regions: 2->2
[2020-12-11T10:55:44.058-0800][gc,heap      ] GC(4) Humongous regions: 0->0
[2020-12-11T10:55:44.058-0800][gc,metaspace ] GC(4) Metaspace: 25871K(26752K)->25871K(26752K) NonClass: 22710K(23296K)->22710K(23296K) Class: 3160K(3456K)->3160K(3456K)
[2020-12-11T10:55:44.058-0800][gc           ] GC(4) Pause Young (Normal) (G1 Evacuation Pause) 256M->16M(512M) 7.552ms
[2020-12-11T10:55:44.058-0800][gc,cpu       ] GC(4) User=0.07s Sys=0.00s Real=0.00s
[2020-12-11T10:55:45.410-0800][gc,start     ] GC(5) Pause Young (Normal) (G1 Evacuation Pause)
[2020-12-11T10:55:45.411-0800][gc,task      ] GC(5) Using 10 workers of 10 for evacuation
[2020-12-11T10:55:45.421-0800][gc,phases    ] GC(5)   Pre Evacuate Collection Set: 0.1ms
[2020-12-11T10:55:45.421-0800][gc,phases    ] GC(5)   Merge Heap Roots: 0.1ms
[2020-12-11T10:55:45.421-0800][gc,phases    ] GC(5)   Evacuate Collection Set: 8.6ms
[2020-12-11T10:55:45.421-0800][gc,phases    ] GC(5)   Post Evacuate Collection Set: 1.5ms
[2020-12-11T10:55:45.421-0800][gc,phases    ] GC(5)   Other: 0.1ms
[2020-12-11T10:55:45.421-0800][gc,heap      ] GC(5) Eden regions: 240->0(235)
[2020-12-11T10:55:45.421-0800][gc,heap      ] GC(5) Survivor regions: 16->21(32)
[2020-12-11T10:55:45.421-0800][gc,heap      ] GC(5) Old regions: 0->0
[2020-12-11T10:55:45.421-0800][gc,heap      ] GC(5) Archive regions: 2->2
[2020-12-11T10:55:45.421-0800][gc,heap      ] GC(5) Humongous regions: 0->0
[2020-12-11T10:55:45.421-0800][gc,metaspace ] GC(5) Metaspace: 34566K(35840K)->34566K(35840K) NonClass: 30325K(31232K)->30325K(31232K) Class: 4240K(4608K)->4240K(4608K)
[2020-12-11T10:55:45.421-0800][gc           ] GC(5) Pause Young (Normal) (G1 Evacuation Pause) 256M->21M(512M) 10.441ms
[2020-12-11T10:55:45.421-0800][gc,cpu       ] GC(5) User=0.10s Sys=0.00s Real=0.01s
[2020-12-11T10:55:45.442-0800][gc,start     ] GC(6) Pause Young (Concurrent Start) (Metadata GC Threshold)
[2020-12-11T10:55:45.442-0800][gc,task      ] GC(6) Using 10 workers of 10 for evacuation
[2020-12-11T10:55:45.453-0800][gc,phases    ] GC(6)   Pre Evacuate Collection Set: 0.1ms
[2020-12-11T10:55:45.453-0800][gc,phases    ] GC(6)   Merge Heap Roots: 0.0ms
[2020-12-11T10:55:45.453-0800][gc,phases    ] GC(6)   Evacuate Collection Set: 9.7ms
[2020-12-11T10:55:45.453-0800][gc,phases    ] GC(6)   Post Evacuate Collection Set: 0.9ms
[2020-12-11T10:55:45.453-0800][gc,phases    ] GC(6)   Other: 0.2ms
[2020-12-11T10:55:45.453-0800][gc,heap      ] GC(6) Eden regions: 5->0(240)
[2020-12-11T10:55:45.453-0800][gc,heap      ] GC(6) Survivor regions: 21->16(32)
[2020-12-11T10:55:45.453-0800][gc,heap      ] GC(6) Old regions: 0->6
[2020-12-11T10:55:45.453-0800][gc,heap      ] GC(6) Archive regions: 2->2
[2020-12-11T10:55:45.453-0800][gc,heap      ] GC(6) Humongous regions: 0->0
[2020-12-11T10:55:45.453-0800][gc,metaspace ] GC(6) Metaspace: 34825K(35840K)->34825K(35840K) NonClass: 30564K(31232K)->30564K(31232K) Class: 4260K(4608K)->4260K(4608K)
[2020-12-11T10:55:45.453-0800][gc           ] GC(6) Pause Young (Concurrent Start) (Metadata GC Threshold) 25M->21M(512M) 10.995ms
[2020-12-11T10:55:45.453-0800][gc,cpu       ] GC(6) User=0.11s Sys=0.01s Real=0.01s
[2020-12-11T10:55:45.453-0800][gc           ] GC(7) Concurrent Cycle
[2020-12-11T10:55:45.453-0800][gc,marking   ] GC(7) Concurrent Clear Claimed Marks
[2020-12-11T10:55:45.453-0800][gc,marking   ] GC(7) Concurrent Clear Claimed Marks 0.073ms
[2020-12-11T10:55:45.453-0800][gc,marking   ] GC(7) Concurrent Scan Root Regions
[2020-12-11T10:55:45.458-0800][gc,marking   ] GC(7) Concurrent Scan Root Regions 5.320ms
[2020-12-11T10:55:45.458-0800][gc,marking   ] GC(7) Concurrent Mark (4.461s)
[2020-12-11T10:55:45.458-0800][gc,marking   ] GC(7) Concurrent Mark From Roots
[2020-12-11T10:55:45.458-0800][gc,task      ] GC(7) Using 3 workers of 3 for marking
[2020-12-11T10:55:45.459-0800][gc,marking   ] GC(7) Concurrent Mark From Roots 1.066ms
[2020-12-11T10:55:45.459-0800][gc,marking   ] GC(7) Concurrent Preclean
[2020-12-11T10:55:45.459-0800][gc,marking   ] GC(7) Concurrent Preclean 0.036ms
[2020-12-11T10:55:45.459-0800][gc,marking   ] GC(7) Concurrent Mark (4.461s, 4.463s) 1.161ms
[2020-12-11T10:55:45.460-0800][gc,start     ] GC(7) Pause Remark
[2020-12-11T10:55:45.461-0800][gc           ] GC(7) Pause Remark 22M->22M(512M) 1.607ms
[2020-12-11T10:55:45.461-0800][gc,cpu       ] GC(7) User=0.02s Sys=0.00s Real=0.00s
[2020-12-11T10:55:45.461-0800][gc,marking   ] GC(7) Concurrent Rebuild Remembered Sets
[2020-12-11T10:55:45.463-0800][gc,marking   ] GC(7) Concurrent Rebuild Remembered Sets 1.691ms
[2020-12-11T10:55:45.463-0800][gc,start     ] GC(7) Pause Cleanup
[2020-12-11T10:55:45.464-0800][gc           ] GC(7) Pause Cleanup 23M->23M(512M) 0.095ms
[2020-12-11T10:55:45.464-0800][gc,cpu       ] GC(7) User=0.00s Sys=0.00s Real=0.00s
[2020-12-11T10:55:45.464-0800][gc,marking   ] GC(7) Concurrent Cleanup for Next Mark
[2020-12-11T10:55:45.466-0800][gc,marking   ] GC(7) Concurrent Cleanup for Next Mark 2.476ms
[2020-12-11T10:55:45.466-0800][gc           ] GC(7) Concurrent Cycle 13.284ms
[2020-12-11T10:55:47.103-0800][gc,start     ] GC(8) Pause Young (Normal) (G1 Evacuation Pause)
[2020-12-11T10:55:47.103-0800][gc,task      ] GC(8) Using 10 workers of 10 for evacuation
[2020-12-11T10:55:47.110-0800][gc,phases    ] GC(8)   Pre Evacuate Collection Set: 0.1ms
[2020-12-11T10:55:47.110-0800][gc,phases    ] GC(8)   Merge Heap Roots: 0.1ms
[2020-12-11T10:55:47.110-0800][gc,phases    ] GC(8)   Evacuate Collection Set: 6.2ms
[2020-12-11T10:55:47.110-0800][gc,phases    ] GC(8)   Post Evacuate Collection Set: 1.0ms
[2020-12-11T10:55:47.110-0800][gc,phases    ] GC(8)   Other: 0.1ms
[2020-12-11T10:55:47.110-0800][gc,heap      ] GC(8) Eden regions: 240->0(236)
[2020-12-11T10:55:47.110-0800][gc,heap      ] GC(8) Survivor regions: 16->20(32)
[2020-12-11T10:55:47.110-0800][gc,heap      ] GC(8) Old regions: 6->6
[2020-12-11T10:55:47.110-0800][gc,heap      ] GC(8) Archive regions: 2->2
[2020-12-11T10:55:47.110-0800][gc,heap      ] GC(8) Humongous regions: 0->0
[2020-12-11T10:55:47.110-0800][gc,metaspace ] GC(8) Metaspace: 46238K(47744K)->46238K(47744K) NonClass: 40648K(41728K)->40648K(41728K) Class: 5589K(6016K)->5589K(6016K)
[2020-12-11T10:55:47.110-0800][gc           ] GC(8) Pause Young (Normal) (G1 Evacuation Pause) 261M->25M(512M) 7.571ms
[2020-12-11T10:55:47.110-0800][gc,cpu       ] GC(8) User=0.06s Sys=0.00s Real=0.01s
[2020-12-11T10:55:48.839-0800][gc,start     ] GC(9) Pause Young (Concurrent Start) (Metadata GC Threshold)
[2020-12-11T10:55:48.839-0800][gc,task      ] GC(9) Using 10 workers of 10 for evacuation
[2020-12-11T10:55:48.851-0800][gc,phases    ] GC(9)   Pre Evacuate Collection Set: 0.1ms
[2020-12-11T10:55:48.851-0800][gc,phases    ] GC(9)   Merge Heap Roots: 0.1ms
[2020-12-11T10:55:48.851-0800][gc,phases    ] GC(9)   Evacuate Collection Set: 10.7ms
[2020-12-11T10:55:48.851-0800][gc,phases    ] GC(9)   Post Evacuate Collection Set: 1.1ms
[2020-12-11T10:55:48.851-0800][gc,phases    ] GC(9)   Other: 0.2ms
[2020-12-11T10:55:48.851-0800][gc,heap      ] GC(9) Eden regions: 228->0(233)
[2020-12-11T10:55:48.851-0800][gc,heap      ] GC(9) Survivor regions: 20->23(32)
[2020-12-11T10:55:48.851-0800][gc,heap      ] GC(9) Old regions: 6->12
[2020-12-11T10:55:48.851-0800][gc,heap      ] GC(9) Archive regions: 2->2
[2020-12-11T10:55:48.851-0800][gc,heap      ] GC(9) Humongous regions: 6->6
[2020-12-11T10:55:48.851-0800][gc,metaspace ] GC(9) Metaspace: 58457K(60160K)->58457K(60160K) NonClass: 51361K(52352K)->51361K(52352K) Class: 7096K(7808K)->7096K(7808K)
[2020-12-11T10:55:48.851-0800][gc           ] GC(9) Pause Young (Concurrent Start) (Metadata GC Threshold) 259M->41M(512M) 12.419ms
[2020-12-11T10:55:48.851-0800][gc,cpu       ] GC(9) User=0.13s Sys=0.01s Real=0.02s
[2020-12-11T10:55:48.852-0800][gc           ] GC(10) Concurrent Cycle
[2020-12-11T10:55:48.852-0800][gc,marking   ] GC(10) Concurrent Clear Claimed Marks
[2020-12-11T10:55:48.852-0800][gc,marking   ] GC(10) Concurrent Clear Claimed Marks 0.132ms
[2020-12-11T10:55:48.852-0800][gc,marking   ] GC(10) Concurrent Scan Root Regions
[2020-12-11T10:55:48.860-0800][gc,marking   ] GC(10) Concurrent Scan Root Regions 8.613ms
[2020-12-11T10:55:48.860-0800][gc,marking   ] GC(10) Concurrent Mark (7.863s)
[2020-12-11T10:55:48.860-0800][gc,marking   ] GC(10) Concurrent Mark From Roots
[2020-12-11T10:55:48.860-0800][gc,task      ] GC(10) Using 3 workers of 3 for marking
[2020-12-11T10:55:48.865-0800][gc,marking   ] GC(10) Concurrent Mark From Roots 4.658ms
[2020-12-11T10:55:48.865-0800][gc,marking   ] GC(10) Concurrent Preclean
[2020-12-11T10:55:48.865-0800][gc,marking   ] GC(10) Concurrent Preclean 0.052ms
[2020-12-11T10:55:48.865-0800][gc,marking   ] GC(10) Concurrent Mark (7.863s, 7.868s) 4.757ms
[2020-12-11T10:55:48.865-0800][gc,start     ] GC(10) Pause Remark
[2020-12-11T10:55:48.870-0800][gc           ] GC(10) Pause Remark 44M->44M(512M) 4.597ms
[2020-12-11T10:55:48.870-0800][gc,cpu       ] GC(10) User=0.04s Sys=0.00s Real=0.01s
[2020-12-11T10:55:48.870-0800][gc,marking   ] GC(10) Concurrent Rebuild Remembered Sets
[2020-12-11T10:55:48.877-0800][gc,marking   ] GC(10) Concurrent Rebuild Remembered Sets 7.100ms
[2020-12-11T10:55:48.878-0800][gc,start     ] GC(10) Pause Cleanup
[2020-12-11T10:55:48.878-0800][gc           ] GC(10) Pause Cleanup 45M->45M(512M) 0.106ms
[2020-12-11T10:55:48.878-0800][gc,cpu       ] GC(10) User=0.00s Sys=0.00s Real=0.00s
[2020-12-11T10:55:48.878-0800][gc,marking   ] GC(10) Concurrent Cleanup for Next Mark
[2020-12-11T10:55:48.879-0800][gc,marking   ] GC(10) Concurrent Cleanup for Next Mark 0.649ms
[2020-12-11T10:55:48.879-0800][gc           ] GC(10) Concurrent Cycle 27.079ms
[2020-12-11T10:55:50.869-0800][gc,start     ] GC(11) Pause Young (Normal) (G1 Evacuation Pause)
[2020-12-11T10:55:50.869-0800][gc,task      ] GC(11) Using 10 workers of 10 for evacuation
[2020-12-11T10:55:50.883-0800][gc,phases    ] GC(11)   Pre Evacuate Collection Set: 0.1ms
[2020-12-11T10:55:50.892-0800][gc,phases    ] GC(11)   Merge Heap Roots: 0.1ms
[2020-12-11T10:55:50.892-0800][gc,phases    ] GC(11)   Evacuate Collection Set: 12.7ms
[2020-12-11T10:55:50.892-0800][gc,phases    ] GC(11)   Post Evacuate Collection Set: 1.1ms
[2020-12-11T10:55:50.892-0800][gc,phases    ] GC(11)   Other: 0.2ms
[2020-12-11T10:55:50.892-0800][gc,heap      ] GC(11) Eden regions: 233->0(230)
[2020-12-11T10:55:50.892-0800][gc,heap      ] GC(11) Survivor regions: 23->26(32)
[2020-12-11T10:55:50.892-0800][gc,heap      ] GC(11) Old regions: 12->19
[2020-12-11T10:55:50.893-0800][gc,heap      ] GC(11) Archive regions: 2->2
[2020-12-11T10:55:50.893-0800][gc,heap      ] GC(11) Humongous regions: 6->6
[2020-12-11T10:55:50.893-0800][gc,metaspace ] GC(11) Metaspace: 73019K(75136K)->73019K(75136K) NonClass: 63969K(65280K)->63969K(65280K) Class: 9049K(9856K)->9049K(9856K)
[2020-12-11T10:55:50.893-0800][gc           ] GC(11) Pause Young (Normal) (G1 Evacuation Pause) 274M->50M(512M) 23.999ms
[2020-12-11T10:55:50.893-0800][gc,cpu       ] GC(11) User=0.13s Sys=0.01s Real=0.03s
[2020-12-11T10:55:51.865-0800][gc,start     ] GC(12) Pause Young (Normal) (G1 Evacuation Pause)
[2020-12-11T10:55:51.865-0800][gc,task      ] GC(12) Using 10 workers of 10 for evacuation
[2020-12-11T10:55:51.878-0800][gc,phases    ] GC(12)   Pre Evacuate Collection Set: 0.1ms
[2020-12-11T10:55:51.878-0800][gc,phases    ] GC(12)   Merge Heap Roots: 0.1ms
[2020-12-11T10:55:51.878-0800][gc,phases    ] GC(12)   Evacuate Collection Set: 11.8ms
[2020-12-11T10:55:51.878-0800][gc,phases    ] GC(12)   Post Evacuate Collection Set: 1.0ms
[2020-12-11T10:55:51.878-0800][gc,phases    ] GC(12)   Other: 0.2ms
[2020-12-11T10:55:51.878-0800][gc,heap      ] GC(12) Eden regions: 230->0(238)
[2020-12-11T10:55:51.878-0800][gc,heap      ] GC(12) Survivor regions: 26->18(32)
[2020-12-11T10:55:51.878-0800][gc,heap      ] GC(12) Old regions: 19->34
[2020-12-11T10:55:51.878-0800][gc,heap      ] GC(12) Archive regions: 2->2
[2020-12-11T10:55:51.878-0800][gc,heap      ] GC(12) Humongous regions: 6->6
[2020-12-11T10:55:51.878-0800][gc,metaspace ] GC(12) Metaspace: 81094K(83200K)->81094K(83200K) NonClass: 70952K(72192K)->70952K(72192K) Class: 10142K(11008K)->10142K(11008K)
[2020-12-11T10:55:51.878-0800][gc           ] GC(12) Pause Young (Normal) (G1 Evacuation Pause) 280M->58M(512M) 13.229ms
[2020-12-11T10:55:51.878-0800][gc,cpu       ] GC(12) User=0.12s Sys=0.02s Real=0.01s
[2020-12-11T11:03:49.899-0800][gc,heap,exit ] Heap
[2020-12-11T11:03:49.899-0800][gc,heap,exit ]  garbage-first heap   total 524288K, used 227371K [0x00000007e0000000, 0x0000000800000000)
[2020-12-11T11:03:49.899-0800][gc,heap,exit ]   region size 1024K, 182 young (186368K), 18 survivors (18432K)
[2020-12-11T11:03:49.899-0800][gc,heap,exit ]  Metaspace       used 87674K, capacity 90191K, committed 90624K, reserved 1128448K
[2020-12-11T11:03:49.899-0800][gc,heap,exit ]   class space    used 10820K, capacity 12182K, committed 12288K, reserved 1048576K
