[2020-12-11T11:03:34.751-0800][gc,heap] Heap region size: 1M
[2020-12-11T11:03:34.751-0800][gc,heap,coops] Heap address: 0x00000007e0000000, size: 512 MB, Compressed Oops mode: Zero based, Oop shift amount: 3
[2020-12-11T11:03:34.755-0800][gc           ] Using G1
[2020-12-11T11:03:34.756-0800][gc,cds       ] Mark closed archive regions in map: [0x00000007fff00000, 0x00000007fff7aff8]
[2020-12-11T11:03:34.756-0800][gc,cds       ] Mark open archive regions in map: [0x00000007ffe00000, 0x00000007ffe50ff8]
[2020-12-11T11:03:34.772-0800][gc           ] Periodic GC disabled
[2020-12-11T11:03:35.936-0800][gc,start     ] GC(0) Pause Young (Normal) (G1 Evacuation Pause)
[2020-12-11T11:03:35.937-0800][gc,task      ] GC(0) Using 10 workers of 10 for evacuation
[2020-12-11T11:03:35.944-0800][gc,phases    ] GC(0)   Pre Evacuate Collection Set: 0.1ms
[2020-12-11T11:03:35.944-0800][gc,phases    ] GC(0)   Merge Heap Roots: 0.1ms
[2020-12-11T11:03:35.944-0800][gc,phases    ] GC(0)   Evacuate Collection Set: 6.5ms
[2020-12-11T11:03:35.944-0800][gc,phases    ] GC(0)   Post Evacuate Collection Set: 0.8ms
[2020-12-11T11:03:35.944-0800][gc,phases    ] GC(0)   Other: 0.7ms
[2020-12-11T11:03:35.944-0800][gc,heap      ] GC(0) Eden regions: 256->0(250)
[2020-12-11T11:03:35.944-0800][gc,heap      ] GC(0) Survivor regions: 0->6(32)
[2020-12-11T11:03:35.944-0800][gc,heap      ] GC(0) Old regions: 0->0
[2020-12-11T11:03:35.944-0800][gc,heap      ] GC(0) Archive regions: 2->2
[2020-12-11T11:03:35.944-0800][gc,heap      ] GC(0) Humongous regions: 0->0
[2020-12-11T11:03:35.944-0800][gc,metaspace ] GC(0) Metaspace: 13731K(14464K)->13731K(14464K) NonClass: 12005K(12544K)->12005K(12544K) Class: 1726K(1920K)->1726K(1920K)
[2020-12-11T11:03:35.944-0800][gc           ] GC(0) Pause Young (Normal) (G1 Evacuation Pause) 256M->6M(512M) 8.458ms
[2020-12-11T11:03:35.945-0800][gc,cpu       ] GC(0) User=0.04s Sys=0.01s Real=0.01s
[2020-12-11T11:03:36.339-0800][gc,start     ] GC(1) Pause Young (Normal) (G1 Evacuation Pause)
[2020-12-11T11:03:36.339-0800][gc,task      ] GC(1) Using 10 workers of 10 for evacuation
[2020-12-11T11:03:36.343-0800][gc,phases    ] GC(1)   Pre Evacuate Collection Set: 0.1ms
[2020-12-11T11:03:36.343-0800][gc,phases    ] GC(1)   Merge Heap Roots: 0.0ms
[2020-12-11T11:03:36.343-0800][gc,phases    ] GC(1)   Evacuate Collection Set: 3.2ms
[2020-12-11T11:03:36.343-0800][gc,phases    ] GC(1)   Post Evacuate Collection Set: 0.6ms
[2020-12-11T11:03:36.343-0800][gc,phases    ] GC(1)   Other: 0.1ms
[2020-12-11T11:03:36.343-0800][gc,heap      ] GC(1) Eden regions: 250->0(248)
[2020-12-11T11:03:36.343-0800][gc,heap      ] GC(1) Survivor regions: 6->8(32)
[2020-12-11T11:03:36.343-0800][gc,heap      ] GC(1) Old regions: 0->0
[2020-12-11T11:03:36.343-0800][gc,heap      ] GC(1) Archive regions: 2->2
[2020-12-11T11:03:36.343-0800][gc,heap      ] GC(1) Humongous regions: 0->0
[2020-12-11T11:03:36.343-0800][gc,metaspace ] GC(1) Metaspace: 19836K(20608K)->19836K(20608K) NonClass: 17359K(17920K)->17359K(17920K) Class: 2477K(2688K)->2477K(2688K)
[2020-12-11T11:03:36.343-0800][gc           ] GC(1) Pause Young (Normal) (G1 Evacuation Pause) 256M->8M(512M) 4.083ms
[2020-12-11T11:03:36.343-0800][gc,cpu       ] GC(1) User=0.03s Sys=0.01s Real=0.01s
[2020-12-11T11:03:36.363-0800][gc,start     ] GC(2) Pause Young (Concurrent Start) (Metadata GC Threshold)
[2020-12-11T11:03:36.363-0800][gc,task      ] GC(2) Using 10 workers of 10 for evacuation
[2020-12-11T11:03:36.366-0800][gc,phases    ] GC(2)   Pre Evacuate Collection Set: 0.1ms
[2020-12-11T11:03:36.366-0800][gc,phases    ] GC(2)   Merge Heap Roots: 0.0ms
[2020-12-11T11:03:36.366-0800][gc,phases    ] GC(2)   Evacuate Collection Set: 2.6ms
[2020-12-11T11:03:36.366-0800][gc,phases    ] GC(2)   Post Evacuate Collection Set: 0.5ms
[2020-12-11T11:03:36.366-0800][gc,phases    ] GC(2)   Other: 0.2ms
[2020-12-11T11:03:36.366-0800][gc,heap      ] GC(2) Eden regions: 9->0(248)
[2020-12-11T11:03:36.366-0800][gc,heap      ] GC(2) Survivor regions: 8->8(32)
[2020-12-11T11:03:36.366-0800][gc,heap      ] GC(2) Old regions: 0->0
[2020-12-11T11:03:36.366-0800][gc,heap      ] GC(2) Archive regions: 2->2
[2020-12-11T11:03:36.366-0800][gc,heap      ] GC(2) Humongous regions: 0->0
[2020-12-11T11:03:36.366-0800][gc,metaspace ] GC(2) Metaspace: 20603K(21248K)->20603K(21248K) NonClass: 18043K(18432K)->18043K(18432K) Class: 2560K(2816K)->2560K(2816K)
[2020-12-11T11:03:36.366-0800][gc           ] GC(2) Pause Young (Concurrent Start) (Metadata GC Threshold) 17M->8M(512M) 3.520ms
[2020-12-11T11:03:36.366-0800][gc,cpu       ] GC(2) User=0.03s Sys=0.01s Real=0.00s
[2020-12-11T11:03:36.366-0800][gc           ] GC(3) Concurrent Cycle
[2020-12-11T11:03:36.366-0800][gc,marking   ] GC(3) Concurrent Clear Claimed Marks
[2020-12-11T11:03:36.366-0800][gc,marking   ] GC(3) Concurrent Clear Claimed Marks 0.035ms
[2020-12-11T11:03:36.366-0800][gc,marking   ] GC(3) Concurrent Scan Root Regions
[2020-12-11T11:03:36.368-0800][gc,marking   ] GC(3) Concurrent Scan Root Regions 2.164ms
[2020-12-11T11:03:36.369-0800][gc,marking   ] GC(3) Concurrent Mark (1.624s)
[2020-12-11T11:03:36.369-0800][gc,marking   ] GC(3) Concurrent Mark From Roots
[2020-12-11T11:03:36.369-0800][gc,task      ] GC(3) Using 3 workers of 3 for marking
[2020-12-11T11:03:36.370-0800][gc,marking   ] GC(3) Concurrent Mark From Roots 1.016ms
[2020-12-11T11:03:36.370-0800][gc,marking   ] GC(3) Concurrent Preclean
[2020-12-11T11:03:36.370-0800][gc,marking   ] GC(3) Concurrent Preclean 0.031ms
[2020-12-11T11:03:36.370-0800][gc,marking   ] GC(3) Concurrent Mark (1.624s, 1.625s) 1.110ms
[2020-12-11T11:03:36.370-0800][gc,start     ] GC(3) Pause Remark
[2020-12-11T11:03:36.371-0800][gc           ] GC(3) Pause Remark 10M->10M(512M) 0.937ms
[2020-12-11T11:03:36.371-0800][gc,cpu       ] GC(3) User=0.01s Sys=0.00s Real=0.00s
[2020-12-11T11:03:36.371-0800][gc,marking   ] GC(3) Concurrent Rebuild Remembered Sets
[2020-12-11T11:03:36.371-0800][gc,marking   ] GC(3) Concurrent Rebuild Remembered Sets 0.405ms
[2020-12-11T11:03:36.371-0800][gc,start     ] GC(3) Pause Cleanup
[2020-12-11T11:03:36.372-0800][gc           ] GC(3) Pause Cleanup 10M->10M(512M) 0.093ms
[2020-12-11T11:03:36.372-0800][gc,cpu       ] GC(3) User=0.00s Sys=0.00s Real=0.00s
[2020-12-11T11:03:36.372-0800][gc,marking   ] GC(3) Concurrent Cleanup for Next Mark
[2020-12-11T11:03:36.375-0800][gc,marking   ] GC(3) Concurrent Cleanup for Next Mark 3.236ms
[2020-12-11T11:03:36.375-0800][gc           ] GC(3) Concurrent Cycle 8.724ms
[2020-12-11T11:03:37.337-0800][gc,start     ] GC(4) Pause Young (Normal) (G1 Evacuation Pause)
[2020-12-11T11:03:37.337-0800][gc,task      ] GC(4) Using 10 workers of 10 for evacuation
[2020-12-11T11:03:37.344-0800][gc,phases    ] GC(4)   Pre Evacuate Collection Set: 0.1ms
[2020-12-11T11:03:37.344-0800][gc,phases    ] GC(4)   Merge Heap Roots: 0.1ms
[2020-12-11T11:03:37.344-0800][gc,phases    ] GC(4)   Evacuate Collection Set: 5.3ms
[2020-12-11T11:03:37.344-0800][gc,phases    ] GC(4)   Post Evacuate Collection Set: 0.8ms
[2020-12-11T11:03:37.344-0800][gc,phases    ] GC(4)   Other: 0.1ms
[2020-12-11T11:03:37.344-0800][gc,heap      ] GC(4) Eden regions: 248->0(243)
[2020-12-11T11:03:37.344-0800][gc,heap      ] GC(4) Survivor regions: 8->13(32)
[2020-12-11T11:03:37.344-0800][gc,heap      ] GC(4) Old regions: 0->0
[2020-12-11T11:03:37.344-0800][gc,heap      ] GC(4) Archive regions: 2->2
[2020-12-11T11:03:37.344-0800][gc,heap      ] GC(4) Humongous regions: 0->0
[2020-12-11T11:03:37.344-0800][gc,metaspace ] GC(4) Metaspace: 24428K(25344K)->24428K(25344K) NonClass: 21458K(22016K)->21458K(22016K) Class: 2970K(3328K)->2970K(3328K)
[2020-12-11T11:03:37.344-0800][gc           ] GC(4) Pause Young (Normal) (G1 Evacuation Pause) 256M->13M(512M) 6.465ms
[2020-12-11T11:03:37.344-0800][gc,cpu       ] GC(4) User=0.05s Sys=0.00s Real=0.01s
[2020-12-11T11:03:38.072-0800][gc,start     ] GC(5) Pause Young (Normal) (G1 Evacuation Pause)
[2020-12-11T11:03:38.072-0800][gc,task      ] GC(5) Using 10 workers of 10 for evacuation
[2020-12-11T11:03:38.081-0800][gc,phases    ] GC(5)   Pre Evacuate Collection Set: 0.1ms
[2020-12-11T11:03:38.081-0800][gc,phases    ] GC(5)   Merge Heap Roots: 0.1ms
[2020-12-11T11:03:38.081-0800][gc,phases    ] GC(5)   Evacuate Collection Set: 7.3ms
[2020-12-11T11:03:38.081-0800][gc,phases    ] GC(5)   Post Evacuate Collection Set: 0.9ms
[2020-12-11T11:03:38.081-0800][gc,phases    ] GC(5)   Other: 0.2ms
[2020-12-11T11:03:38.081-0800][gc,heap      ] GC(5) Eden regions: 243->0(242)
[2020-12-11T11:03:38.081-0800][gc,heap      ] GC(5) Survivor regions: 13->14(32)
[2020-12-11T11:03:38.081-0800][gc,heap      ] GC(5) Old regions: 0->0
[2020-12-11T11:03:38.081-0800][gc,heap      ] GC(5) Archive regions: 2->2
[2020-12-11T11:03:38.081-0800][gc,heap      ] GC(5) Humongous regions: 0->0
[2020-12-11T11:03:38.081-0800][gc,metaspace ] GC(5) Metaspace: 25001K(25856K)->25001K(25856K) NonClass: 21968K(22528K)->21968K(22528K) Class: 3032K(3328K)->3032K(3328K)
[2020-12-11T11:03:38.081-0800][gc           ] GC(5) Pause Young (Normal) (G1 Evacuation Pause) 256M->14M(512M) 8.775ms
[2020-12-11T11:03:38.081-0800][gc,cpu       ] GC(5) User=0.06s Sys=0.00s Real=0.01s
[2020-12-11T11:03:39.141-0800][gc,start     ] GC(6) Pause Young (Normal) (G1 Evacuation Pause)
[2020-12-11T11:03:39.141-0800][gc,task      ] GC(6) Using 10 workers of 10 for evacuation
[2020-12-11T11:03:39.147-0800][gc,phases    ] GC(6)   Pre Evacuate Collection Set: 0.1ms
[2020-12-11T11:03:39.147-0800][gc,phases    ] GC(6)   Merge Heap Roots: 0.1ms
[2020-12-11T11:03:39.147-0800][gc,phases    ] GC(6)   Evacuate Collection Set: 5.2ms
[2020-12-11T11:03:39.147-0800][gc,phases    ] GC(6)   Post Evacuate Collection Set: 0.9ms
[2020-12-11T11:03:39.147-0800][gc,phases    ] GC(6)   Other: 0.1ms
[2020-12-11T11:03:39.147-0800][gc,heap      ] GC(6) Eden regions: 242->0(238)
[2020-12-11T11:03:39.147-0800][gc,heap      ] GC(6) Survivor regions: 14->18(32)
[2020-12-11T11:03:39.147-0800][gc,heap      ] GC(6) Old regions: 0->0
[2020-12-11T11:03:39.147-0800][gc,heap      ] GC(6) Archive regions: 2->2
[2020-12-11T11:03:39.147-0800][gc,heap      ] GC(6) Humongous regions: 0->0
[2020-12-11T11:03:39.147-0800][gc,metaspace ] GC(6) Metaspace: 29894K(30976K)->29894K(30976K) NonClass: 26234K(26880K)->26234K(26880K) Class: 3660K(4096K)->3660K(4096K)
[2020-12-11T11:03:39.147-0800][gc           ] GC(6) Pause Young (Normal) (G1 Evacuation Pause) 256M->18M(512M) 6.444ms
[2020-12-11T11:03:39.147-0800][gc,cpu       ] GC(6) User=0.05s Sys=0.01s Real=0.00s
[2020-12-11T11:03:39.646-0800][gc,start     ] GC(7) Pause Young (Concurrent Start) (Metadata GC Threshold)
[2020-12-11T11:03:39.646-0800][gc,task      ] GC(7) Using 10 workers of 10 for evacuation
[2020-12-11T11:03:39.654-0800][gc,phases    ] GC(7)   Pre Evacuate Collection Set: 0.1ms
[2020-12-11T11:03:39.654-0800][gc,phases    ] GC(7)   Merge Heap Roots: 0.0ms
[2020-12-11T11:03:39.654-0800][gc,phases    ] GC(7)   Evacuate Collection Set: 6.9ms
[2020-12-11T11:03:39.654-0800][gc,phases    ] GC(7)   Post Evacuate Collection Set: 0.9ms
[2020-12-11T11:03:39.654-0800][gc,phases    ] GC(7)   Other: 0.1ms
[2020-12-11T11:03:39.654-0800][gc,heap      ] GC(7) Eden regions: 115->0(241)
[2020-12-11T11:03:39.654-0800][gc,heap      ] GC(7) Survivor regions: 18->15(32)
[2020-12-11T11:03:39.654-0800][gc,heap      ] GC(7) Old regions: 0->6
[2020-12-11T11:03:39.654-0800][gc,heap      ] GC(7) Archive regions: 2->2
[2020-12-11T11:03:39.654-0800][gc,heap      ] GC(7) Humongous regions: 0->0
[2020-12-11T11:03:39.654-0800][gc,metaspace ] GC(7) Metaspace: 34820K(35840K)->34820K(35840K) NonClass: 30563K(31232K)->30563K(31232K) Class: 4256K(4608K)->4256K(4608K)
[2020-12-11T11:03:39.654-0800][gc           ] GC(7) Pause Young (Concurrent Start) (Metadata GC Threshold) 133M->20M(512M) 8.103ms
[2020-12-11T11:03:39.654-0800][gc,cpu       ] GC(7) User=0.07s Sys=0.01s Real=0.01s
[2020-12-11T11:03:39.654-0800][gc           ] GC(8) Concurrent Cycle
[2020-12-11T11:03:39.655-0800][gc,marking   ] GC(8) Concurrent Clear Claimed Marks
[2020-12-11T11:03:39.655-0800][gc,marking   ] GC(8) Concurrent Clear Claimed Marks 0.098ms
[2020-12-11T11:03:39.655-0800][gc,marking   ] GC(8) Concurrent Scan Root Regions
[2020-12-11T11:03:39.659-0800][gc,marking   ] GC(8) Concurrent Scan Root Regions 4.824ms
[2020-12-11T11:03:39.660-0800][gc,marking   ] GC(8) Concurrent Mark (4.915s)
[2020-12-11T11:03:39.660-0800][gc,marking   ] GC(8) Concurrent Mark From Roots
[2020-12-11T11:03:39.660-0800][gc,task      ] GC(8) Using 3 workers of 3 for marking
[2020-12-11T11:03:39.660-0800][gc,marking   ] GC(8) Concurrent Mark From Roots 0.780ms
[2020-12-11T11:03:39.660-0800][gc,marking   ] GC(8) Concurrent Preclean
[2020-12-11T11:03:39.660-0800][gc,marking   ] GC(8) Concurrent Preclean 0.025ms
[2020-12-11T11:03:39.660-0800][gc,marking   ] GC(8) Concurrent Mark (4.915s, 4.916s) 0.861ms
[2020-12-11T11:03:39.661-0800][gc,start     ] GC(8) Pause Remark
[2020-12-11T11:03:39.662-0800][gc           ] GC(8) Pause Remark 21M->21M(512M) 1.328ms
[2020-12-11T11:03:39.662-0800][gc,cpu       ] GC(8) User=0.01s Sys=0.00s Real=0.00s
[2020-12-11T11:03:39.662-0800][gc,marking   ] GC(8) Concurrent Rebuild Remembered Sets
[2020-12-11T11:03:39.664-0800][gc,marking   ] GC(8) Concurrent Rebuild Remembered Sets 1.586ms
[2020-12-11T11:03:39.664-0800][gc,start     ] GC(8) Pause Cleanup
[2020-12-11T11:03:39.664-0800][gc           ] GC(8) Pause Cleanup 22M->22M(512M) 0.084ms
[2020-12-11T11:03:39.664-0800][gc,cpu       ] GC(8) User=0.00s Sys=0.00s Real=0.00s
[2020-12-11T11:03:39.664-0800][gc,marking   ] GC(8) Concurrent Cleanup for Next Mark
[2020-12-11T11:03:39.666-0800][gc,marking   ] GC(8) Concurrent Cleanup for Next Mark 2.184ms
[2020-12-11T11:03:39.666-0800][gc           ] GC(8) Concurrent Cycle 11.627ms
