[2020-12-11T10:11:05.559-0800][gc,heap] Heap region size: 1M
[2020-12-11T10:11:05.559-0800][gc,heap,coops] Heap address: 0x00000007e0000000, size: 512 MB, Compressed Oops mode: Zero based, Oop shift amount: 3
[2020-12-11T10:11:05.563-0800][gc           ] Using G1
[2020-12-11T10:11:05.564-0800][gc,cds       ] Mark closed archive regions in map: [0x00000007fff00000, 0x00000007fff7aff8]
[2020-12-11T10:11:05.564-0800][gc,cds       ] Mark open archive regions in map: [0x00000007ffe00000, 0x00000007ffe50ff8]
[2020-12-11T10:11:05.580-0800][gc           ] Periodic GC disabled
[2020-12-11T10:11:06.623-0800][gc,start     ] GC(0) Pause Young (Normal) (G1 Evacuation Pause)
[2020-12-11T10:11:06.623-0800][gc,task      ] GC(0) Using 10 workers of 10 for evacuation
[2020-12-11T10:11:06.628-0800][gc,phases    ] GC(0)   Pre Evacuate Collection Set: 0.1ms
[2020-12-11T10:11:06.628-0800][gc,phases    ] GC(0)   Merge Heap Roots: 0.1ms
[2020-12-11T10:11:06.628-0800][gc,phases    ] GC(0)   Evacuate Collection Set: 3.7ms
[2020-12-11T10:11:06.628-0800][gc,phases    ] GC(0)   Post Evacuate Collection Set: 0.5ms
[2020-12-11T10:11:06.628-0800][gc,phases    ] GC(0)   Other: 0.5ms
[2020-12-11T10:11:06.628-0800][gc,heap      ] GC(0) Eden regions: 256->0(250)
[2020-12-11T10:11:06.628-0800][gc,heap      ] GC(0) Survivor regions: 0->6(32)
[2020-12-11T10:11:06.628-0800][gc,heap      ] GC(0) Old regions: 0->0
[2020-12-11T10:11:06.628-0800][gc,heap      ] GC(0) Archive regions: 2->2
[2020-12-11T10:11:06.628-0800][gc,heap      ] GC(0) Humongous regions: 0->0
[2020-12-11T10:11:06.628-0800][gc,metaspace ] GC(0) Metaspace: 13718K(14208K)->13718K(14208K) NonClass: 11986K(12288K)->11986K(12288K) Class: 1731K(1920K)->1731K(1920K)
[2020-12-11T10:11:06.628-0800][gc           ] GC(0) Pause Young (Normal) (G1 Evacuation Pause) 256M->6M(512M) 5.007ms
[2020-12-11T10:11:06.628-0800][gc,cpu       ] GC(0) User=0.04s Sys=0.01s Real=0.00s
[2020-12-11T10:11:07.081-0800][gc,start     ] GC(1) Pause Young (Concurrent Start) (Metadata GC Threshold)
[2020-12-11T10:11:07.081-0800][gc,task      ] GC(1) Using 10 workers of 10 for evacuation
[2020-12-11T10:11:07.085-0800][gc,phases    ] GC(1)   Pre Evacuate Collection Set: 0.1ms
[2020-12-11T10:11:07.085-0800][gc,phases    ] GC(1)   Merge Heap Roots: 0.1ms
[2020-12-11T10:11:07.085-0800][gc,phases    ] GC(1)   Evacuate Collection Set: 3.1ms
[2020-12-11T10:11:07.085-0800][gc,phases    ] GC(1)   Post Evacuate Collection Set: 0.5ms
[2020-12-11T10:11:07.085-0800][gc,phases    ] GC(1)   Other: 0.2ms
[2020-12-11T10:11:07.085-0800][gc,heap      ] GC(1) Eden regions: 242->0(248)
[2020-12-11T10:11:07.085-0800][gc,heap      ] GC(1) Survivor regions: 6->8(32)
[2020-12-11T10:11:07.085-0800][gc,heap      ] GC(1) Old regions: 0->0
[2020-12-11T10:11:07.085-0800][gc,heap      ] GC(1) Archive regions: 2->2
[2020-12-11T10:11:07.085-0800][gc,heap      ] GC(1) Humongous regions: 0->0
[2020-12-11T10:11:07.085-0800][gc,metaspace ] GC(1) Metaspace: 20582K(21248K)->20582K(21248K) NonClass: 18013K(18432K)->18013K(18432K) Class: 2568K(2816K)->2568K(2816K)
[2020-12-11T10:11:07.086-0800][gc           ] GC(1) Pause Young (Concurrent Start) (Metadata GC Threshold) 248M->8M(512M) 4.157ms
[2020-12-11T10:11:07.086-0800][gc,cpu       ] GC(1) User=0.03s Sys=0.00s Real=0.00s
[2020-12-11T10:11:07.086-0800][gc           ] GC(2) Concurrent Cycle
[2020-12-11T10:11:07.086-0800][gc,marking   ] GC(2) Concurrent Clear Claimed Marks
[2020-12-11T10:11:07.086-0800][gc,marking   ] GC(2) Concurrent Clear Claimed Marks 0.053ms
[2020-12-11T10:11:07.086-0800][gc,marking   ] GC(2) Concurrent Scan Root Regions
[2020-12-11T10:11:07.088-0800][gc,marking   ] GC(2) Concurrent Scan Root Regions 2.640ms
[2020-12-11T10:11:07.088-0800][gc,marking   ] GC(2) Concurrent Mark (1.537s)
[2020-12-11T10:11:07.088-0800][gc,marking   ] GC(2) Concurrent Mark From Roots
[2020-12-11T10:11:07.088-0800][gc,task      ] GC(2) Using 3 workers of 3 for marking
[2020-12-11T10:11:07.090-0800][gc,marking   ] GC(2) Concurrent Mark From Roots 1.147ms
[2020-12-11T10:11:07.090-0800][gc,marking   ] GC(2) Concurrent Preclean
[2020-12-11T10:11:07.090-0800][gc,marking   ] GC(2) Concurrent Preclean 0.029ms
[2020-12-11T10:11:07.090-0800][gc,marking   ] GC(2) Concurrent Mark (1.537s, 1.538s) 1.258ms
[2020-12-11T10:11:07.090-0800][gc,start     ] GC(2) Pause Remark
[2020-12-11T10:11:07.091-0800][gc           ] GC(2) Pause Remark 10M->10M(512M) 0.877ms
[2020-12-11T10:11:07.091-0800][gc,cpu       ] GC(2) User=0.00s Sys=0.00s Real=0.00s
[2020-12-11T10:11:07.091-0800][gc,marking   ] GC(2) Concurrent Rebuild Remembered Sets
[2020-12-11T10:11:07.091-0800][gc,marking   ] GC(2) Concurrent Rebuild Remembered Sets 0.443ms
[2020-12-11T10:11:07.092-0800][gc,start     ] GC(2) Pause Cleanup
[2020-12-11T10:11:07.092-0800][gc           ] GC(2) Pause Cleanup 11M->11M(512M) 0.102ms
[2020-12-11T10:11:07.092-0800][gc,cpu       ] GC(2) User=0.00s Sys=0.00s Real=0.00s
[2020-12-11T10:11:07.092-0800][gc,marking   ] GC(2) Concurrent Cleanup for Next Mark
[2020-12-11T10:11:07.094-0800][gc,marking   ] GC(2) Concurrent Cleanup for Next Mark 2.485ms
[2020-12-11T10:11:07.094-0800][gc           ] GC(2) Concurrent Cycle 8.889ms
[2020-12-11T10:11:08.248-0800][gc,start     ] GC(3) Pause Young (Normal) (G1 Evacuation Pause)
[2020-12-11T10:11:08.248-0800][gc,task      ] GC(3) Using 10 workers of 10 for evacuation
[2020-12-11T10:11:08.256-0800][gc,phases    ] GC(3)   Pre Evacuate Collection Set: 0.1ms
[2020-12-11T10:11:08.256-0800][gc,phases    ] GC(3)   Merge Heap Roots: 0.1ms
[2020-12-11T10:11:08.256-0800][gc,phases    ] GC(3)   Evacuate Collection Set: 6.4ms
[2020-12-11T10:11:08.256-0800][gc,phases    ] GC(3)   Post Evacuate Collection Set: 0.8ms
[2020-12-11T10:11:08.256-0800][gc,phases    ] GC(3)   Other: 0.2ms
[2020-12-11T10:11:08.256-0800][gc,heap      ] GC(3) Eden regions: 248->0(242)
[2020-12-11T10:11:08.256-0800][gc,heap      ] GC(3) Survivor regions: 8->14(32)
[2020-12-11T10:11:08.256-0800][gc,heap      ] GC(3) Old regions: 0->0
[2020-12-11T10:11:08.256-0800][gc,heap      ] GC(3) Archive regions: 2->2
[2020-12-11T10:11:08.256-0800][gc,heap      ] GC(3) Humongous regions: 0->0
[2020-12-11T10:11:08.256-0800][gc,metaspace ] GC(3) Metaspace: 24626K(25600K)->24626K(25600K) NonClass: 21633K(22272K)->21633K(22272K) Class: 2992K(3328K)->2992K(3328K)
[2020-12-11T10:11:08.256-0800][gc           ] GC(3) Pause Young (Normal) (G1 Evacuation Pause) 256M->14M(512M) 7.743ms
[2020-12-11T10:11:08.256-0800][gc,cpu       ] GC(3) User=0.06s Sys=0.01s Real=0.01s
[2020-12-11T10:11:08.959-0800][gc,start     ] GC(4) Pause Young (Normal) (G1 Evacuation Pause)
[2020-12-11T10:11:08.959-0800][gc,task      ] GC(4) Using 10 workers of 10 for evacuation
[2020-12-11T10:11:08.964-0800][gc,phases    ] GC(4)   Pre Evacuate Collection Set: 0.1ms
[2020-12-11T10:11:08.964-0800][gc,phases    ] GC(4)   Merge Heap Roots: 0.0ms
[2020-12-11T10:11:08.964-0800][gc,phases    ] GC(4)   Evacuate Collection Set: 4.1ms
[2020-12-11T10:11:08.964-0800][gc,phases    ] GC(4)   Post Evacuate Collection Set: 0.7ms
[2020-12-11T10:11:08.964-0800][gc,phases    ] GC(4)   Other: 0.1ms
[2020-12-11T10:11:08.964-0800][gc,heap      ] GC(4) Eden regions: 242->0(241)
[2020-12-11T10:11:08.964-0800][gc,heap      ] GC(4) Survivor regions: 14->15(32)
[2020-12-11T10:11:08.964-0800][gc,heap      ] GC(4) Old regions: 0->0
[2020-12-11T10:11:08.964-0800][gc,heap      ] GC(4) Archive regions: 2->2
[2020-12-11T10:11:08.964-0800][gc,heap      ] GC(4) Humongous regions: 0->0
[2020-12-11T10:11:08.964-0800][gc,metaspace ] GC(4) Metaspace: 25453K(26496K)->25453K(26496K) NonClass: 22349K(23040K)->22349K(23040K) Class: 3104K(3456K)->3104K(3456K)
[2020-12-11T10:11:08.964-0800][gc           ] GC(4) Pause Young (Normal) (G1 Evacuation Pause) 256M->15M(512M) 5.152ms
[2020-12-11T10:11:08.964-0800][gc,cpu       ] GC(4) User=0.05s Sys=0.00s Real=0.01s
[2020-12-11T10:11:10.153-0800][gc,start     ] GC(5) Pause Young (Normal) (G1 Evacuation Pause)
[2020-12-11T10:11:10.153-0800][gc,task      ] GC(5) Using 10 workers of 10 for evacuation
[2020-12-11T10:11:10.161-0800][gc,phases    ] GC(5)   Pre Evacuate Collection Set: 0.1ms
[2020-12-11T10:11:10.161-0800][gc,phases    ] GC(5)   Merge Heap Roots: 0.0ms
[2020-12-11T10:11:10.161-0800][gc,phases    ] GC(5)   Evacuate Collection Set: 7.1ms
[2020-12-11T10:11:10.161-0800][gc,phases    ] GC(5)   Post Evacuate Collection Set: 1.1ms
[2020-12-11T10:11:10.161-0800][gc,phases    ] GC(5)   Other: 0.1ms
[2020-12-11T10:11:10.161-0800][gc,heap      ] GC(5) Eden regions: 241->0(236)
[2020-12-11T10:11:10.161-0800][gc,heap      ] GC(5) Survivor regions: 15->20(32)
[2020-12-11T10:11:10.161-0800][gc,heap      ] GC(5) Old regions: 0->0
[2020-12-11T10:11:10.161-0800][gc,heap      ] GC(5) Archive regions: 2->2
[2020-12-11T10:11:10.161-0800][gc,heap      ] GC(5) Humongous regions: 0->0
[2020-12-11T10:11:10.161-0800][gc,metaspace ] GC(5) Metaspace: 33462K(34432K)->33462K(34432K) NonClass: 29369K(29952K)->29369K(29952K) Class: 4092K(4480K)->4092K(4480K)
[2020-12-11T10:11:10.161-0800][gc           ] GC(5) Pause Young (Normal) (G1 Evacuation Pause) 256M->20M(512M) 8.595ms
[2020-12-11T10:11:10.161-0800][gc,cpu       ] GC(5) User=0.08s Sys=0.00s Real=0.01s
[2020-12-11T10:11:10.339-0800][gc,start     ] GC(6) Pause Young (Concurrent Start) (Metadata GC Threshold)
[2020-12-11T10:11:10.339-0800][gc,task      ] GC(6) Using 10 workers of 10 for evacuation
[2020-12-11T10:11:10.349-0800][gc,phases    ] GC(6)   Pre Evacuate Collection Set: 0.1ms
[2020-12-11T10:11:10.349-0800][gc,phases    ] GC(6)   Merge Heap Roots: 0.0ms
[2020-12-11T10:11:10.349-0800][gc,phases    ] GC(6)   Evacuate Collection Set: 8.7ms
[2020-12-11T10:11:10.349-0800][gc,phases    ] GC(6)   Post Evacuate Collection Set: 1.0ms
[2020-12-11T10:11:10.349-0800][gc,phases    ] GC(6)   Other: 0.1ms
[2020-12-11T10:11:10.349-0800][gc,heap      ] GC(6) Eden regions: 33->0(240)
[2020-12-11T10:11:10.349-0800][gc,heap      ] GC(6) Survivor regions: 20->16(32)
[2020-12-11T10:11:10.349-0800][gc,heap      ] GC(6) Old regions: 0->6
[2020-12-11T10:11:10.349-0800][gc,heap      ] GC(6) Archive regions: 2->2
[2020-12-11T10:11:10.349-0800][gc,heap      ] GC(6) Humongous regions: 0->0
[2020-12-11T10:11:10.349-0800][gc,metaspace ] GC(6) Metaspace: 34804K(35840K)->34804K(35840K) NonClass: 30545K(31232K)->30545K(31232K) Class: 4259K(4608K)->4259K(4608K)
[2020-12-11T10:11:10.349-0800][gc           ] GC(6) Pause Young (Concurrent Start) (Metadata GC Threshold) 53M->21M(512M) 10.262ms
[2020-12-11T10:11:10.349-0800][gc,cpu       ] GC(6) User=0.09s Sys=0.01s Real=0.01s
[2020-12-11T10:11:10.349-0800][gc           ] GC(7) Concurrent Cycle
[2020-12-11T10:11:10.349-0800][gc,marking   ] GC(7) Concurrent Clear Claimed Marks
[2020-12-11T10:11:10.349-0800][gc,marking   ] GC(7) Concurrent Clear Claimed Marks 0.072ms
[2020-12-11T10:11:10.349-0800][gc,marking   ] GC(7) Concurrent Scan Root Regions
[2020-12-11T10:11:10.355-0800][gc,marking   ] GC(7) Concurrent Scan Root Regions 5.846ms
[2020-12-11T10:11:10.355-0800][gc,marking   ] GC(7) Concurrent Mark (4.804s)
[2020-12-11T10:11:10.355-0800][gc,marking   ] GC(7) Concurrent Mark From Roots
[2020-12-11T10:11:10.355-0800][gc,task      ] GC(7) Using 3 workers of 3 for marking
[2020-12-11T10:11:10.356-0800][gc,marking   ] GC(7) Concurrent Mark From Roots 1.116ms
[2020-12-11T10:11:10.356-0800][gc,marking   ] GC(7) Concurrent Preclean
[2020-12-11T10:11:10.356-0800][gc,marking   ] GC(7) Concurrent Preclean 0.029ms
[2020-12-11T10:11:10.357-0800][gc,marking   ] GC(7) Concurrent Mark (4.804s, 4.805s) 1.196ms
[2020-12-11T10:11:10.357-0800][gc,start     ] GC(7) Pause Remark
[2020-12-11T10:11:10.358-0800][gc           ] GC(7) Pause Remark 22M->22M(512M) 1.462ms
[2020-12-11T10:11:10.358-0800][gc,cpu       ] GC(7) User=0.01s Sys=0.00s Real=0.00s
[2020-12-11T10:11:10.358-0800][gc,marking   ] GC(7) Concurrent Rebuild Remembered Sets
[2020-12-11T10:11:10.360-0800][gc,marking   ] GC(7) Concurrent Rebuild Remembered Sets 1.836ms
[2020-12-11T10:11:10.360-0800][gc,start     ] GC(7) Pause Cleanup
[2020-12-11T10:11:10.360-0800][gc           ] GC(7) Pause Cleanup 22M->22M(512M) 0.104ms
[2020-12-11T10:11:10.360-0800][gc,cpu       ] GC(7) User=0.00s Sys=0.00s Real=0.00s
[2020-12-11T10:11:10.360-0800][gc,marking   ] GC(7) Concurrent Cleanup for Next Mark
[2020-12-11T10:11:10.363-0800][gc,marking   ] GC(7) Concurrent Cleanup for Next Mark 2.635ms
[2020-12-11T10:11:10.363-0800][gc           ] GC(7) Concurrent Cycle 13.789ms
[2020-12-11T10:11:11.709-0800][gc,start     ] GC(8) Pause Young (Normal) (G1 Evacuation Pause)
[2020-12-11T10:11:11.709-0800][gc,task      ] GC(8) Using 10 workers of 10 for evacuation
[2020-12-11T10:11:11.716-0800][gc,phases    ] GC(8)   Pre Evacuate Collection Set: 0.1ms
[2020-12-11T10:11:11.716-0800][gc,phases    ] GC(8)   Merge Heap Roots: 0.0ms
[2020-12-11T10:11:11.716-0800][gc,phases    ] GC(8)   Evacuate Collection Set: 5.5ms
[2020-12-11T10:11:11.716-0800][gc,phases    ] GC(8)   Post Evacuate Collection Set: 0.7ms
[2020-12-11T10:11:11.716-0800][gc,phases    ] GC(8)   Other: 0.1ms
[2020-12-11T10:11:11.716-0800][gc,heap      ] GC(8) Eden regions: 240->0(236)
[2020-12-11T10:11:11.716-0800][gc,heap      ] GC(8) Survivor regions: 16->20(32)
[2020-12-11T10:11:11.716-0800][gc,heap      ] GC(8) Old regions: 6->6
[2020-12-11T10:11:11.716-0800][gc,heap      ] GC(8) Archive regions: 2->2
[2020-12-11T10:11:11.716-0800][gc,heap      ] GC(8) Humongous regions: 0->0
[2020-12-11T10:11:11.716-0800][gc,metaspace ] GC(8) Metaspace: 45800K(47232K)->45800K(47232K) NonClass: 40252K(41216K)->40252K(41216K) Class: 5547K(6016K)->5547K(6016K)
[2020-12-11T10:11:11.716-0800][gc           ] GC(8) Pause Young (Normal) (G1 Evacuation Pause) 261M->25M(512M) 6.506ms
[2020-12-11T10:11:11.716-0800][gc,cpu       ] GC(8) User=0.05s Sys=0.00s Real=0.01s
[2020-12-11T10:11:13.331-0800][gc,start     ] GC(9) Pause Young (Normal) (G1 Evacuation Pause)
[2020-12-11T10:11:13.331-0800][gc,task      ] GC(9) Using 10 workers of 10 for evacuation
[2020-12-11T10:11:13.343-0800][gc,phases    ] GC(9)   Pre Evacuate Collection Set: 0.1ms
[2020-12-11T10:11:13.343-0800][gc,phases    ] GC(9)   Merge Heap Roots: 0.1ms
[2020-12-11T10:11:13.343-0800][gc,phases    ] GC(9)   Evacuate Collection Set: 10.5ms
[2020-12-11T10:11:13.343-0800][gc,phases    ] GC(9)   Post Evacuate Collection Set: 1.1ms
[2020-12-11T10:11:13.343-0800][gc,phases    ] GC(9)   Other: 0.2ms
[2020-12-11T10:11:13.343-0800][gc,heap      ] GC(9) Eden regions: 236->0(233)
[2020-12-11T10:11:13.343-0800][gc,heap      ] GC(9) Survivor regions: 20->23(32)
[2020-12-11T10:11:13.343-0800][gc,heap      ] GC(9) Old regions: 6->12
[2020-12-11T10:11:13.343-0800][gc,heap      ] GC(9) Archive regions: 2->2
[2020-12-11T10:11:13.343-0800][gc,heap      ] GC(9) Humongous regions: 6->6
[2020-12-11T10:11:13.343-0800][gc,metaspace ] GC(9) Metaspace: 58198K(59948K)->58198K(59948K) NonClass: 51136K(52140K)->51136K(52140K) Class: 7061K(7808K)->7061K(7808K)
[2020-12-11T10:11:13.343-0800][gc           ] GC(9) Pause Young (Normal) (G1 Evacuation Pause) 267M->41M(512M) 11.977ms
[2020-12-11T10:11:13.343-0800][gc,cpu       ] GC(9) User=0.10s Sys=0.01s Real=0.01s
[2020-12-11T10:11:13.351-0800][gc,start     ] GC(10) Pause Young (Concurrent Start) (Metadata GC Threshold)
[2020-12-11T10:11:13.351-0800][gc,task      ] GC(10) Using 10 workers of 10 for evacuation
[2020-12-11T10:11:13.361-0800][gc,phases    ] GC(10)   Pre Evacuate Collection Set: 0.1ms
[2020-12-11T10:11:13.361-0800][gc,phases    ] GC(10)   Merge Heap Roots: 0.1ms
[2020-12-11T10:11:13.361-0800][gc,phases    ] GC(10)   Evacuate Collection Set: 8.5ms
[2020-12-11T10:11:13.361-0800][gc,phases    ] GC(10)   Post Evacuate Collection Set: 0.6ms
[2020-12-11T10:11:13.361-0800][gc,phases    ] GC(10)   Other: 0.2ms
[2020-12-11T10:11:13.361-0800][gc,heap      ] GC(10) Eden regions: 3->0(239)
[2020-12-11T10:11:13.361-0800][gc,heap      ] GC(10) Survivor regions: 23->17(32)
[2020-12-11T10:11:13.361-0800][gc,heap      ] GC(10) Old regions: 12->19
[2020-12-11T10:11:13.361-0800][gc,heap      ] GC(10) Archive regions: 2->2
[2020-12-11T10:11:13.361-0800][gc,heap      ] GC(10) Humongous regions: 6->6
[2020-12-11T10:11:13.361-0800][gc,metaspace ] GC(10) Metaspace: 58304K(59948K)->58304K(59948K) NonClass: 51232K(52140K)->51232K(52140K) Class: 7072K(7808K)->7072K(7808K)
[2020-12-11T10:11:13.361-0800][gc           ] GC(10) Pause Young (Concurrent Start) (Metadata GC Threshold) 43M->41M(512M) 9.602ms
[2020-12-11T10:11:13.361-0800][gc,cpu       ] GC(10) User=0.08s Sys=0.01s Real=0.01s
[2020-12-11T10:11:13.361-0800][gc           ] GC(11) Concurrent Cycle
[2020-12-11T10:11:13.361-0800][gc,marking   ] GC(11) Concurrent Clear Claimed Marks
[2020-12-11T10:11:13.361-0800][gc,marking   ] GC(11) Concurrent Clear Claimed Marks 0.110ms
[2020-12-11T10:11:13.361-0800][gc,marking   ] GC(11) Concurrent Scan Root Regions
[2020-12-11T10:11:13.368-0800][gc,marking   ] GC(11) Concurrent Scan Root Regions 6.852ms
[2020-12-11T10:11:13.368-0800][gc,marking   ] GC(11) Concurrent Mark (7.816s)
[2020-12-11T10:11:13.368-0800][gc,marking   ] GC(11) Concurrent Mark From Roots
[2020-12-11T10:11:13.368-0800][gc,task      ] GC(11) Using 3 workers of 3 for marking
[2020-12-11T10:11:13.377-0800][gc,marking   ] GC(11) Concurrent Mark From Roots 9.504ms
[2020-12-11T10:11:13.377-0800][gc,marking   ] GC(11) Concurrent Preclean
[2020-12-11T10:11:13.377-0800][gc,marking   ] GC(11) Concurrent Preclean 0.066ms
[2020-12-11T10:11:13.377-0800][gc,marking   ] GC(11) Concurrent Mark (7.816s, 7.826s) 9.626ms
[2020-12-11T10:11:13.378-0800][gc,start     ] GC(11) Pause Remark
[2020-12-11T10:11:13.382-0800][gc           ] GC(11) Pause Remark 46M->46M(512M) 4.131ms
[2020-12-11T10:11:13.382-0800][gc,cpu       ] GC(11) User=0.04s Sys=0.00s Real=0.01s
[2020-12-11T10:11:13.382-0800][gc,marking   ] GC(11) Concurrent Rebuild Remembered Sets
[2020-12-11T10:11:13.392-0800][gc,marking   ] GC(11) Concurrent Rebuild Remembered Sets 9.997ms
[2020-12-11T10:11:13.392-0800][gc,start     ] GC(11) Pause Cleanup
[2020-12-11T10:11:13.393-0800][gc           ] GC(11) Pause Cleanup 47M->47M(512M) 0.128ms
[2020-12-11T10:11:13.393-0800][gc,cpu       ] GC(11) User=0.00s Sys=0.00s Real=0.00s
[2020-12-11T10:11:13.393-0800][gc,marking   ] GC(11) Concurrent Cleanup for Next Mark
[2020-12-11T10:11:13.393-0800][gc,marking   ] GC(11) Concurrent Cleanup for Next Mark 0.619ms
[2020-12-11T10:11:13.393-0800][gc           ] GC(11) Concurrent Cycle 32.526ms
[2020-12-11T10:11:15.060-0800][gc,start     ] GC(12) Pause Young (Normal) (G1 Evacuation Pause)
[2020-12-11T10:11:15.098-0800][gc,task      ] GC(12) Using 10 workers of 10 for evacuation
[2020-12-11T10:11:15.110-0800][gc,phases    ] GC(12)   Pre Evacuate Collection Set: 0.1ms
[2020-12-11T10:11:15.110-0800][gc,phases    ] GC(12)   Merge Heap Roots: 0.1ms
[2020-12-11T10:11:15.110-0800][gc,phases    ] GC(12)   Evacuate Collection Set: 9.6ms
[2020-12-11T10:11:15.110-0800][gc,phases    ] GC(12)   Post Evacuate Collection Set: 0.9ms
[2020-12-11T10:11:15.110-0800][gc,phases    ] GC(12)   Other: 39.4ms
[2020-12-11T10:11:15.110-0800][gc,heap      ] GC(12) Eden regions: 239->0(230)
[2020-12-11T10:11:15.110-0800][gc,heap      ] GC(12) Survivor regions: 17->26(32)
[2020-12-11T10:11:15.110-0800][gc,heap      ] GC(12) Old regions: 19->19
[2020-12-11T10:11:15.110-0800][gc,heap      ] GC(12) Archive regions: 2->2
[2020-12-11T10:11:15.110-0800][gc,heap      ] GC(12) Humongous regions: 6->6
[2020-12-11T10:11:15.110-0800][gc,metaspace ] GC(12) Metaspace: 72976K(75128K)->72976K(75128K) NonClass: 63921K(65196K)->63921K(65196K) Class: 9054K(9932K)->9054K(9932K)
[2020-12-11T10:11:15.110-0800][gc           ] GC(12) Pause Young (Normal) (G1 Evacuation Pause) 280M->50M(512M) 50.167ms
[2020-12-11T10:11:15.110-0800][gc,cpu       ] GC(12) User=0.13s Sys=0.01s Real=0.05s
[2020-12-11T10:11:16.022-0800][gc,start     ] GC(13) Pause Young (Normal) (G1 Evacuation Pause)
[2020-12-11T10:11:16.023-0800][gc,task      ] GC(13) Using 10 workers of 10 for evacuation
[2020-12-11T10:11:16.034-0800][gc,phases    ] GC(13)   Pre Evacuate Collection Set: 0.1ms
[2020-12-11T10:11:16.034-0800][gc,phases    ] GC(13)   Merge Heap Roots: 0.1ms
[2020-12-11T10:11:16.034-0800][gc,phases    ] GC(13)   Evacuate Collection Set: 10.0ms
[2020-12-11T10:11:16.034-0800][gc,phases    ] GC(13)   Post Evacuate Collection Set: 0.8ms
[2020-12-11T10:11:16.034-0800][gc,phases    ] GC(13)   Other: 0.2ms
[2020-12-11T10:11:16.034-0800][gc,heap      ] GC(13) Eden regions: 230->0(238)
[2020-12-11T10:11:16.034-0800][gc,heap      ] GC(13) Survivor regions: 26->18(32)
[2020-12-11T10:11:16.034-0800][gc,heap      ] GC(13) Old regions: 19->33
[2020-12-11T10:11:16.034-0800][gc,heap      ] GC(13) Archive regions: 2->2
[2020-12-11T10:11:16.034-0800][gc,heap      ] GC(13) Humongous regions: 6->6
[2020-12-11T10:11:16.034-0800][gc,metaspace ] GC(13) Metaspace: 81025K(83192K)->81025K(83192K) NonClass: 70880K(72108K)->70880K(72108K) Class: 10144K(11084K)->10144K(11084K)
[2020-12-11T10:11:16.034-0800][gc           ] GC(13) Pause Young (Normal) (G1 Evacuation Pause) 280M->57M(512M) 11.293ms
[2020-12-11T10:11:16.034-0800][gc,cpu       ] GC(13) User=0.09s Sys=0.01s Real=0.01s
[2020-12-11T10:52:53.374-0800][gc,start     ] GC(14) Pause Young (Normal) (G1 Evacuation Pause)
[2020-12-11T10:52:53.374-0800][gc,task      ] GC(14) Using 10 workers of 10 for evacuation
[2020-12-11T10:52:53.444-0800][gc,phases    ] GC(14)   Pre Evacuate Collection Set: 0.8ms
[2020-12-11T10:52:53.444-0800][gc,phases    ] GC(14)   Merge Heap Roots: 0.2ms
[2020-12-11T10:52:53.444-0800][gc,phases    ] GC(14)   Evacuate Collection Set: 67.1ms
[2020-12-11T10:52:53.444-0800][gc,phases    ] GC(14)   Post Evacuate Collection Set: 1.6ms
[2020-12-11T10:52:53.444-0800][gc,phases    ] GC(14)   Other: 0.4ms
[2020-12-11T10:52:53.444-0800][gc,heap      ] GC(14) Eden regions: 238->0(233)
[2020-12-11T10:52:53.444-0800][gc,heap      ] GC(14) Survivor regions: 18->23(32)
[2020-12-11T10:52:53.444-0800][gc,heap      ] GC(14) Old regions: 33->33
[2020-12-11T10:52:53.444-0800][gc,heap      ] GC(14) Archive regions: 2->2
[2020-12-11T10:52:53.444-0800][gc,heap      ] GC(14) Humongous regions: 10->10
[2020-12-11T10:52:53.444-0800][gc,metaspace ] GC(14) Metaspace: 89757K(92920K)->89757K(92920K) NonClass: 78805K(80300K)->78805K(80300K) Class: 10951K(12620K)->10951K(12620K)
[2020-12-11T10:52:53.444-0800][gc           ] GC(14) Pause Young (Normal) (G1 Evacuation Pause) 299M->66M(512M) 70.120ms
[2020-12-11T10:52:53.444-0800][gc,cpu       ] GC(14) User=0.10s Sys=0.30s Real=0.07s
