[2020-12-10T22:35:06.102-0800][gc,heap] Heap region size: 1M
[2020-12-10T22:35:06.102-0800][gc,heap,coops] Heap address: 0x00000007e0000000, size: 512 MB, Compressed Oops mode: Zero based, Oop shift amount: 3
[2020-12-10T22:35:06.107-0800][gc           ] Using G1
[2020-12-10T22:35:06.107-0800][gc,cds       ] Mark closed archive regions in map: [0x00000007fff00000, 0x00000007fff7aff8]
[2020-12-10T22:35:06.107-0800][gc,cds       ] Mark open archive regions in map: [0x00000007ffe00000, 0x00000007ffe50ff8]
[2020-12-10T22:35:06.123-0800][gc           ] Periodic GC disabled
[2020-12-10T22:35:07.578-0800][gc,start     ] GC(0) Pause Young (Normal) (G1 Evacuation Pause)
[2020-12-10T22:35:07.578-0800][gc,task      ] GC(0) Using 10 workers of 10 for evacuation
[2020-12-10T22:35:07.584-0800][gc,phases    ] GC(0)   Pre Evacuate Collection Set: 0.1ms
[2020-12-10T22:35:07.584-0800][gc,phases    ] GC(0)   Merge Heap Roots: 0.1ms
[2020-12-10T22:35:07.584-0800][gc,phases    ] GC(0)   Evacuate Collection Set: 4.6ms
[2020-12-10T22:35:07.584-0800][gc,phases    ] GC(0)   Post Evacuate Collection Set: 0.6ms
[2020-12-10T22:35:07.584-0800][gc,phases    ] GC(0)   Other: 0.6ms
[2020-12-10T22:35:07.584-0800][gc,heap      ] GC(0) Eden regions: 256->0(250)
[2020-12-10T22:35:07.584-0800][gc,heap      ] GC(0) Survivor regions: 0->6(32)
[2020-12-10T22:35:07.584-0800][gc,heap      ] GC(0) Old regions: 0->0
[2020-12-10T22:35:07.584-0800][gc,heap      ] GC(0) Archive regions: 2->2
[2020-12-10T22:35:07.584-0800][gc,heap      ] GC(0) Humongous regions: 0->0
[2020-12-10T22:35:07.584-0800][gc,metaspace ] GC(0) Metaspace: 14873K(15616K)->14873K(15616K) NonClass: 13047K(13568K)->13047K(13568K) Class: 1825K(2048K)->1825K(2048K)
[2020-12-10T22:35:07.584-0800][gc           ] GC(0) Pause Young (Normal) (G1 Evacuation Pause) 256M->6M(512M) 6.246ms
[2020-12-10T22:35:07.584-0800][gc,cpu       ] GC(0) User=0.04s Sys=0.01s Real=0.01s
[2020-12-10T22:35:08.110-0800][gc,start     ] GC(1) Pause Young (Concurrent Start) (Metadata GC Threshold)
[2020-12-10T22:35:08.110-0800][gc,task      ] GC(1) Using 10 workers of 10 for evacuation
[2020-12-10T22:35:08.115-0800][gc,phases    ] GC(1)   Pre Evacuate Collection Set: 0.1ms
[2020-12-10T22:35:08.115-0800][gc,phases    ] GC(1)   Merge Heap Roots: 0.0ms
[2020-12-10T22:35:08.115-0800][gc,phases    ] GC(1)   Evacuate Collection Set: 4.0ms
[2020-12-10T22:35:08.115-0800][gc,phases    ] GC(1)   Post Evacuate Collection Set: 0.7ms
[2020-12-10T22:35:08.115-0800][gc,phases    ] GC(1)   Other: 0.3ms
[2020-12-10T22:35:08.115-0800][gc,heap      ] GC(1) Eden regions: 212->0(248)
[2020-12-10T22:35:08.115-0800][gc,heap      ] GC(1) Survivor regions: 6->8(32)
[2020-12-10T22:35:08.115-0800][gc,heap      ] GC(1) Old regions: 0->0
[2020-12-10T22:35:08.115-0800][gc,heap      ] GC(1) Archive regions: 2->2
[2020-12-10T22:35:08.115-0800][gc,heap      ] GC(1) Humongous regions: 0->0
[2020-12-10T22:35:08.115-0800][gc,metaspace ] GC(1) Metaspace: 20660K(21248K)->20660K(21248K) NonClass: 18095K(18432K)->18095K(18432K) Class: 2565K(2816K)->2565K(2816K)
[2020-12-10T22:35:08.115-0800][gc           ] GC(1) Pause Young (Concurrent Start) (Metadata GC Threshold) 217M->8M(512M) 5.241ms
[2020-12-10T22:35:08.115-0800][gc,cpu       ] GC(1) User=0.04s Sys=0.01s Real=0.00s
[2020-12-10T22:35:08.115-0800][gc           ] GC(2) Concurrent Cycle
[2020-12-10T22:35:08.115-0800][gc,marking   ] GC(2) Concurrent Clear Claimed Marks
[2020-12-10T22:35:08.115-0800][gc,marking   ] GC(2) Concurrent Clear Claimed Marks 0.052ms
[2020-12-10T22:35:08.115-0800][gc,marking   ] GC(2) Concurrent Scan Root Regions
[2020-12-10T22:35:08.118-0800][gc,marking   ] GC(2) Concurrent Scan Root Regions 2.395ms
[2020-12-10T22:35:08.118-0800][gc,marking   ] GC(2) Concurrent Mark (2.023s)
[2020-12-10T22:35:08.118-0800][gc,marking   ] GC(2) Concurrent Mark From Roots
[2020-12-10T22:35:08.118-0800][gc,task      ] GC(2) Using 3 workers of 3 for marking
[2020-12-10T22:35:08.119-0800][gc,marking   ] GC(2) Concurrent Mark From Roots 0.946ms
[2020-12-10T22:35:08.119-0800][gc,marking   ] GC(2) Concurrent Preclean
[2020-12-10T22:35:08.119-0800][gc,marking   ] GC(2) Concurrent Preclean 0.034ms
[2020-12-10T22:35:08.119-0800][gc,marking   ] GC(2) Concurrent Mark (2.023s, 2.024s) 1.046ms
[2020-12-10T22:35:08.119-0800][gc,start     ] GC(2) Pause Remark
[2020-12-10T22:35:08.120-0800][gc           ] GC(2) Pause Remark 9M->9M(512M) 1.013ms
[2020-12-10T22:35:08.120-0800][gc,cpu       ] GC(2) User=0.01s Sys=0.00s Real=0.01s
[2020-12-10T22:35:08.120-0800][gc,marking   ] GC(2) Concurrent Rebuild Remembered Sets
[2020-12-10T22:35:08.120-0800][gc,marking   ] GC(2) Concurrent Rebuild Remembered Sets 0.463ms
[2020-12-10T22:35:08.121-0800][gc,start     ] GC(2) Pause Cleanup
[2020-12-10T22:35:08.121-0800][gc           ] GC(2) Pause Cleanup 10M->10M(512M) 0.080ms
[2020-12-10T22:35:08.121-0800][gc,cpu       ] GC(2) User=0.00s Sys=0.00s Real=0.00s
[2020-12-10T22:35:08.121-0800][gc,marking   ] GC(2) Concurrent Cleanup for Next Mark
[2020-12-10T22:35:08.124-0800][gc,marking   ] GC(2) Concurrent Cleanup for Next Mark 2.844ms
[2020-12-10T22:35:08.124-0800][gc           ] GC(2) Concurrent Cycle 8.620ms
[2020-12-10T22:35:09.114-0800][gc,start     ] GC(3) Pause Young (Normal) (G1 Evacuation Pause)
[2020-12-10T22:35:09.114-0800][gc,task      ] GC(3) Using 10 workers of 10 for evacuation
[2020-12-10T22:35:09.120-0800][gc,phases    ] GC(3)   Pre Evacuate Collection Set: 0.1ms
[2020-12-10T22:35:09.120-0800][gc,phases    ] GC(3)   Merge Heap Roots: 0.0ms
[2020-12-10T22:35:09.120-0800][gc,phases    ] GC(3)   Evacuate Collection Set: 4.8ms
[2020-12-10T22:35:09.120-0800][gc,phases    ] GC(3)   Post Evacuate Collection Set: 0.7ms
[2020-12-10T22:35:09.120-0800][gc,phases    ] GC(3)   Other: 0.1ms
[2020-12-10T22:35:09.120-0800][gc,heap      ] GC(3) Eden regions: 248->0(242)
[2020-12-10T22:35:09.120-0800][gc,heap      ] GC(3) Survivor regions: 8->14(32)
[2020-12-10T22:35:09.120-0800][gc,heap      ] GC(3) Old regions: 0->0
[2020-12-10T22:35:09.120-0800][gc,heap      ] GC(3) Archive regions: 2->2
[2020-12-10T22:35:09.120-0800][gc,heap      ] GC(3) Humongous regions: 0->0
[2020-12-10T22:35:09.120-0800][gc,metaspace ] GC(3) Metaspace: 24165K(25088K)->24165K(25088K) NonClass: 21205K(21760K)->21205K(21760K) Class: 2960K(3328K)->2960K(3328K)
[2020-12-10T22:35:09.120-0800][gc           ] GC(3) Pause Young (Normal) (G1 Evacuation Pause) 256M->14M(512M) 5.869ms
[2020-12-10T22:35:09.120-0800][gc,cpu       ] GC(3) User=0.05s Sys=0.01s Real=0.01s
[2020-12-10T22:35:09.725-0800][gc,start     ] GC(4) Pause Young (Normal) (G1 Evacuation Pause)
[2020-12-10T22:35:09.725-0800][gc,task      ] GC(4) Using 10 workers of 10 for evacuation
[2020-12-10T22:35:09.730-0800][gc,phases    ] GC(4)   Pre Evacuate Collection Set: 0.1ms
[2020-12-10T22:35:09.730-0800][gc,phases    ] GC(4)   Merge Heap Roots: 0.1ms
[2020-12-10T22:35:09.730-0800][gc,phases    ] GC(4)   Evacuate Collection Set: 3.7ms
[2020-12-10T22:35:09.730-0800][gc,phases    ] GC(4)   Post Evacuate Collection Set: 0.6ms
[2020-12-10T22:35:09.730-0800][gc,phases    ] GC(4)   Other: 0.1ms
[2020-12-10T22:35:09.730-0800][gc,heap      ] GC(4) Eden regions: 242->0(242)
[2020-12-10T22:35:09.730-0800][gc,heap      ] GC(4) Survivor regions: 14->14(32)
[2020-12-10T22:35:09.730-0800][gc,heap      ] GC(4) Old regions: 0->0
[2020-12-10T22:35:09.730-0800][gc,heap      ] GC(4) Archive regions: 2->2
[2020-12-10T22:35:09.730-0800][gc,heap      ] GC(4) Humongous regions: 0->0
[2020-12-10T22:35:09.730-0800][gc,metaspace ] GC(4) Metaspace: 24824K(25600K)->24824K(25600K) NonClass: 21811K(22272K)->21811K(22272K) Class: 3012K(3328K)->3012K(3328K)
[2020-12-10T22:35:09.730-0800][gc           ] GC(4) Pause Young (Normal) (G1 Evacuation Pause) 256M->14M(512M) 4.612ms
[2020-12-10T22:35:09.730-0800][gc,cpu       ] GC(4) User=0.03s Sys=0.00s Real=0.01s
[2020-12-10T22:35:10.750-0800][gc,start     ] GC(5) Pause Young (Normal) (G1 Evacuation Pause)
[2020-12-10T22:35:10.750-0800][gc,task      ] GC(5) Using 10 workers of 10 for evacuation
[2020-12-10T22:35:10.758-0800][gc,phases    ] GC(5)   Pre Evacuate Collection Set: 0.1ms
[2020-12-10T22:35:10.758-0800][gc,phases    ] GC(5)   Merge Heap Roots: 0.1ms
[2020-12-10T22:35:10.758-0800][gc,phases    ] GC(5)   Evacuate Collection Set: 6.8ms
[2020-12-10T22:35:10.758-0800][gc,phases    ] GC(5)   Post Evacuate Collection Set: 1.0ms
[2020-12-10T22:35:10.758-0800][gc,phases    ] GC(5)   Other: 0.1ms
[2020-12-10T22:35:10.758-0800][gc,heap      ] GC(5) Eden regions: 242->0(238)
[2020-12-10T22:35:10.758-0800][gc,heap      ] GC(5) Survivor regions: 14->18(32)
[2020-12-10T22:35:10.758-0800][gc,heap      ] GC(5) Old regions: 0->0
[2020-12-10T22:35:10.758-0800][gc,heap      ] GC(5) Archive regions: 2->2
[2020-12-10T22:35:10.758-0800][gc,heap      ] GC(5) Humongous regions: 0->0
[2020-12-10T22:35:10.758-0800][gc,metaspace ] GC(5) Metaspace: 29197K(30336K)->29197K(30336K) NonClass: 25605K(26368K)->25605K(26368K) Class: 3591K(3968K)->3591K(3968K)
[2020-12-10T22:35:10.758-0800][gc           ] GC(5) Pause Young (Normal) (G1 Evacuation Pause) 256M->18M(512M) 8.205ms
[2020-12-10T22:35:10.758-0800][gc,cpu       ] GC(5) User=0.07s Sys=0.00s Real=0.00s
[2020-12-10T22:35:11.520-0800][gc,start     ] GC(6) Pause Young (Concurrent Start) (Metadata GC Threshold)
[2020-12-10T22:35:11.520-0800][gc,task      ] GC(6) Using 10 workers of 10 for evacuation
[2020-12-10T22:35:11.531-0800][gc,phases    ] GC(6)   Pre Evacuate Collection Set: 0.1ms
[2020-12-10T22:35:11.545-0800][gc,phases    ] GC(6)   Merge Heap Roots: 0.0ms
[2020-12-10T22:35:11.545-0800][gc,phases    ] GC(6)   Evacuate Collection Set: 9.4ms
[2020-12-10T22:35:11.545-0800][gc,phases    ] GC(6)   Post Evacuate Collection Set: 1.6ms
[2020-12-10T22:35:11.545-0800][gc,phases    ] GC(6)   Other: 0.2ms
[2020-12-10T22:35:11.545-0800][gc,heap      ] GC(6) Eden regions: 147->0(240)
[2020-12-10T22:35:11.545-0800][gc,heap      ] GC(6) Survivor regions: 18->16(32)
[2020-12-10T22:35:11.545-0800][gc,heap      ] GC(6) Old regions: 0->5
[2020-12-10T22:35:11.545-0800][gc,heap      ] GC(6) Archive regions: 2->2
[2020-12-10T22:35:11.545-0800][gc,heap      ] GC(6) Humongous regions: 0->0
[2020-12-10T22:35:11.545-0800][gc,metaspace ] GC(6) Metaspace: 34803K(35840K)->34803K(35840K) NonClass: 30547K(31232K)->30547K(31232K) Class: 4255K(4608K)->4255K(4608K)
[2020-12-10T22:35:11.545-0800][gc           ] GC(6) Pause Young (Concurrent Start) (Metadata GC Threshold) 164M->21M(512M) 25.408ms
[2020-12-10T22:35:11.545-0800][gc,cpu       ] GC(6) User=0.11s Sys=0.01s Real=0.02s
[2020-12-10T22:35:11.545-0800][gc           ] GC(7) Concurrent Cycle
[2020-12-10T22:35:11.545-0800][gc,marking   ] GC(7) Concurrent Clear Claimed Marks
[2020-12-10T22:35:11.546-0800][gc,marking   ] GC(7) Concurrent Clear Claimed Marks 0.112ms
[2020-12-10T22:35:11.546-0800][gc,marking   ] GC(7) Concurrent Scan Root Regions
[2020-12-10T22:35:11.553-0800][gc,marking   ] GC(7) Concurrent Scan Root Regions 7.176ms
[2020-12-10T22:35:11.553-0800][gc,marking   ] GC(7) Concurrent Mark (5.458s)
[2020-12-10T22:35:11.553-0800][gc,marking   ] GC(7) Concurrent Mark From Roots
[2020-12-10T22:35:11.553-0800][gc,task      ] GC(7) Using 3 workers of 3 for marking
[2020-12-10T22:35:11.554-0800][gc,marking   ] GC(7) Concurrent Mark From Roots 1.419ms
[2020-12-10T22:35:11.554-0800][gc,marking   ] GC(7) Concurrent Preclean
[2020-12-10T22:35:11.554-0800][gc,marking   ] GC(7) Concurrent Preclean 0.031ms
[2020-12-10T22:35:11.554-0800][gc,marking   ] GC(7) Concurrent Mark (5.458s, 5.459s) 1.512ms
[2020-12-10T22:35:11.554-0800][gc,start     ] GC(7) Pause Remark
[2020-12-10T22:35:11.556-0800][gc           ] GC(7) Pause Remark 22M->22M(512M) 1.665ms
[2020-12-10T22:35:11.556-0800][gc,cpu       ] GC(7) User=0.01s Sys=0.00s Real=0.00s
[2020-12-10T22:35:11.556-0800][gc,marking   ] GC(7) Concurrent Rebuild Remembered Sets
[2020-12-10T22:35:11.558-0800][gc,marking   ] GC(7) Concurrent Rebuild Remembered Sets 2.076ms
[2020-12-10T22:35:11.559-0800][gc,start     ] GC(7) Pause Cleanup
[2020-12-10T22:35:11.559-0800][gc           ] GC(7) Pause Cleanup 23M->23M(512M) 0.115ms
[2020-12-10T22:35:11.559-0800][gc,cpu       ] GC(7) User=0.00s Sys=0.00s Real=0.00s
[2020-12-10T22:35:11.559-0800][gc,marking   ] GC(7) Concurrent Cleanup for Next Mark
[2020-12-10T22:35:11.561-0800][gc,marking   ] GC(7) Concurrent Cleanup for Next Mark 2.636ms
[2020-12-10T22:35:11.561-0800][gc           ] GC(7) Concurrent Cycle 16.048ms
[2020-12-10T22:35:13.304-0800][gc,start     ] GC(8) Pause Young (Normal) (G1 Evacuation Pause)
[2020-12-10T22:35:13.304-0800][gc,task      ] GC(8) Using 10 workers of 10 for evacuation
[2020-12-10T22:35:13.313-0800][gc,phases    ] GC(8)   Pre Evacuate Collection Set: 0.1ms
[2020-12-10T22:35:13.313-0800][gc,phases    ] GC(8)   Merge Heap Roots: 0.0ms
[2020-12-10T22:35:13.313-0800][gc,phases    ] GC(8)   Evacuate Collection Set: 7.3ms
[2020-12-10T22:35:13.313-0800][gc,phases    ] GC(8)   Post Evacuate Collection Set: 0.8ms
[2020-12-10T22:35:13.313-0800][gc,phases    ] GC(8)   Other: 0.1ms
[2020-12-10T22:35:13.313-0800][gc,heap      ] GC(8) Eden regions: 240->0(235)
[2020-12-10T22:35:13.313-0800][gc,heap      ] GC(8) Survivor regions: 16->21(32)
[2020-12-10T22:35:13.313-0800][gc,heap      ] GC(8) Old regions: 5->5
[2020-12-10T22:35:13.313-0800][gc,heap      ] GC(8) Archive regions: 2->2
[2020-12-10T22:35:13.313-0800][gc,heap      ] GC(8) Humongous regions: 0->0
[2020-12-10T22:35:13.313-0800][gc,metaspace ] GC(8) Metaspace: 45779K(47436K)->45779K(47436K) NonClass: 40252K(41420K)->40252K(41420K) Class: 5527K(6016K)->5527K(6016K)
[2020-12-10T22:35:13.313-0800][gc           ] GC(8) Pause Young (Normal) (G1 Evacuation Pause) 261M->26M(512M) 8.502ms
[2020-12-10T22:35:13.313-0800][gc,cpu       ] GC(8) User=0.08s Sys=0.00s Real=0.01s
[2020-12-10T22:35:14.994-0800][gc,start     ] GC(9) Pause Young (Normal) (G1 Evacuation Pause)
[2020-12-10T22:35:14.994-0800][gc,task      ] GC(9) Using 10 workers of 10 for evacuation
[2020-12-10T22:35:15.006-0800][gc,phases    ] GC(9)   Pre Evacuate Collection Set: 0.1ms
[2020-12-10T22:35:15.006-0800][gc,phases    ] GC(9)   Merge Heap Roots: 0.1ms
[2020-12-10T22:35:15.006-0800][gc,phases    ] GC(9)   Evacuate Collection Set: 10.8ms
[2020-12-10T22:35:15.006-0800][gc,phases    ] GC(9)   Post Evacuate Collection Set: 1.0ms
[2020-12-10T22:35:15.006-0800][gc,phases    ] GC(9)   Other: 0.2ms
[2020-12-10T22:35:15.006-0800][gc,heap      ] GC(9) Eden regions: 235->0(232)
[2020-12-10T22:35:15.006-0800][gc,heap      ] GC(9) Survivor regions: 21->24(32)
[2020-12-10T22:35:15.006-0800][gc,heap      ] GC(9) Old regions: 5->12
[2020-12-10T22:35:15.006-0800][gc,heap      ] GC(9) Archive regions: 2->2
[2020-12-10T22:35:15.006-0800][gc,heap      ] GC(9) Humongous regions: 5->5
[2020-12-10T22:35:15.006-0800][gc,metaspace ] GC(9) Metaspace: 58286K(60236K)->58286K(60236K) NonClass: 51216K(52428K)->51216K(52428K) Class: 7069K(7808K)->7069K(7808K)
[2020-12-10T22:35:15.006-0800][gc           ] GC(9) Pause Young (Normal) (G1 Evacuation Pause) 266M->41M(512M) 12.237ms
[2020-12-10T22:35:15.006-0800][gc,cpu       ] GC(9) User=0.10s Sys=0.01s Real=0.01s
[2020-12-10T22:35:15.030-0800][gc,start     ] GC(10) Pause Young (Concurrent Start) (Metadata GC Threshold)
[2020-12-10T22:35:15.030-0800][gc,task      ] GC(10) Using 10 workers of 10 for evacuation
[2020-12-10T22:35:15.039-0800][gc,phases    ] GC(10)   Pre Evacuate Collection Set: 0.1ms
[2020-12-10T22:35:15.039-0800][gc,phases    ] GC(10)   Merge Heap Roots: 0.0ms
[2020-12-10T22:35:15.039-0800][gc,phases    ] GC(10)   Evacuate Collection Set: 8.5ms
[2020-12-10T22:35:15.039-0800][gc,phases    ] GC(10)   Post Evacuate Collection Set: 0.5ms
[2020-12-10T22:35:15.039-0800][gc,phases    ] GC(10)   Other: 0.2ms
[2020-12-10T22:35:15.039-0800][gc,heap      ] GC(10) Eden regions: 6->0(239)
[2020-12-10T22:35:15.039-0800][gc,heap      ] GC(10) Survivor regions: 24->17(32)
[2020-12-10T22:35:15.039-0800][gc,heap      ] GC(10) Old regions: 12->20
[2020-12-10T22:35:15.039-0800][gc,heap      ] GC(10) Archive regions: 2->2
[2020-12-10T22:35:15.039-0800][gc,heap      ] GC(10) Humongous regions: 5->5
[2020-12-10T22:35:15.039-0800][gc,metaspace ] GC(10) Metaspace: 58519K(60236K)->58519K(60236K) NonClass: 51430K(52428K)->51430K(52428K) Class: 7089K(7808K)->7089K(7808K)
[2020-12-10T22:35:15.040-0800][gc           ] GC(10) Pause Young (Concurrent Start) (Metadata GC Threshold) 46M->41M(512M) 9.513ms
[2020-12-10T22:35:15.040-0800][gc,cpu       ] GC(10) User=0.08s Sys=0.01s Real=0.01s
[2020-12-10T22:35:15.040-0800][gc           ] GC(11) Concurrent Cycle
[2020-12-10T22:35:15.040-0800][gc,marking   ] GC(11) Concurrent Clear Claimed Marks
[2020-12-10T22:35:15.040-0800][gc,marking   ] GC(11) Concurrent Clear Claimed Marks 0.108ms
[2020-12-10T22:35:15.040-0800][gc,marking   ] GC(11) Concurrent Scan Root Regions
[2020-12-10T22:35:15.047-0800][gc,marking   ] GC(11) Concurrent Scan Root Regions 6.831ms
[2020-12-10T22:35:15.047-0800][gc,marking   ] GC(11) Concurrent Mark (8.952s)
[2020-12-10T22:35:15.047-0800][gc,marking   ] GC(11) Concurrent Mark From Roots
[2020-12-10T22:35:15.047-0800][gc,task      ] GC(11) Using 3 workers of 3 for marking
[2020-12-10T22:35:15.056-0800][gc,marking   ] GC(11) Concurrent Mark From Roots 8.939ms
[2020-12-10T22:35:15.056-0800][gc,marking   ] GC(11) Concurrent Preclean
[2020-12-10T22:35:15.056-0800][gc,marking   ] GC(11) Concurrent Preclean 0.067ms
[2020-12-10T22:35:15.056-0800][gc,marking   ] GC(11) Concurrent Mark (8.952s, 8.961s) 9.061ms
[2020-12-10T22:35:15.056-0800][gc,start     ] GC(11) Pause Remark
[2020-12-10T22:35:15.060-0800][gc           ] GC(11) Pause Remark 48M->48M(512M) 4.326ms
[2020-12-10T22:35:15.060-0800][gc,cpu       ] GC(11) User=0.04s Sys=0.00s Real=0.01s
[2020-12-10T22:35:15.060-0800][gc,marking   ] GC(11) Concurrent Rebuild Remembered Sets
[2020-12-10T22:35:15.071-0800][gc,marking   ] GC(11) Concurrent Rebuild Remembered Sets 10.273ms
[2020-12-10T22:35:15.071-0800][gc,start     ] GC(11) Pause Cleanup
[2020-12-10T22:35:15.071-0800][gc           ] GC(11) Pause Cleanup 50M->50M(512M) 0.115ms
[2020-12-10T22:35:15.071-0800][gc,cpu       ] GC(11) User=0.00s Sys=0.00s Real=0.00s
[2020-12-10T22:35:15.072-0800][gc,marking   ] GC(11) Concurrent Cleanup for Next Mark
[2020-12-10T22:35:15.072-0800][gc,marking   ] GC(11) Concurrent Cleanup for Next Mark 0.654ms
[2020-12-10T22:35:15.072-0800][gc           ] GC(11) Concurrent Cycle 32.591ms
[2020-12-10T22:35:17.057-0800][gc,start     ] GC(12) Pause Young (Normal) (GCLocker Initiated GC)
[2020-12-10T22:35:17.057-0800][gc,task      ] GC(12) Using 10 workers of 10 for evacuation
[2020-12-10T22:35:17.068-0800][gc,phases    ] GC(12)   Pre Evacuate Collection Set: 0.1ms
[2020-12-10T22:35:17.068-0800][gc,phases    ] GC(12)   Merge Heap Roots: 0.1ms
[2020-12-10T22:35:17.068-0800][gc,phases    ] GC(12)   Evacuate Collection Set: 9.0ms
[2020-12-10T22:35:17.068-0800][gc,phases    ] GC(12)   Post Evacuate Collection Set: 1.0ms
[2020-12-10T22:35:17.068-0800][gc,phases    ] GC(12)   Other: 0.5ms
[2020-12-10T22:35:17.068-0800][gc,heap      ] GC(12) Eden regions: 239->0(230)
[2020-12-10T22:35:17.068-0800][gc,heap      ] GC(12) Survivor regions: 17->26(32)
[2020-12-10T22:35:17.068-0800][gc,heap      ] GC(12) Old regions: 20->20
[2020-12-10T22:35:17.068-0800][gc,heap      ] GC(12) Archive regions: 2->2
[2020-12-10T22:35:17.068-0800][gc,heap      ] GC(12) Humongous regions: 5->5
[2020-12-10T22:35:17.068-0800][gc,metaspace ] GC(12) Metaspace: 72519K(74828K)->72519K(74828K) NonClass: 63523K(64972K)->63523K(64972K) Class: 8996K(9856K)->8996K(9856K)
[2020-12-10T22:35:17.068-0800][gc           ] GC(12) Pause Young (Normal) (GCLocker Initiated GC) 280M->50M(512M) 10.882ms
[2020-12-10T22:35:17.068-0800][gc,cpu       ] GC(12) User=0.09s Sys=0.00s Real=0.01s
[2020-12-10T22:35:17.995-0800][gc,start     ] GC(13) Pause Young (Normal) (G1 Evacuation Pause)
[2020-12-10T22:35:17.995-0800][gc,task      ] GC(13) Using 10 workers of 10 for evacuation
[2020-12-10T22:35:18.010-0800][gc,phases    ] GC(13)   Pre Evacuate Collection Set: 0.1ms
[2020-12-10T22:35:18.010-0800][gc,phases    ] GC(13)   Merge Heap Roots: 0.1ms
[2020-12-10T22:35:18.010-0800][gc,phases    ] GC(13)   Evacuate Collection Set: 13.1ms
[2020-12-10T22:35:18.010-0800][gc,phases    ] GC(13)   Post Evacuate Collection Set: 0.9ms
[2020-12-10T22:35:18.010-0800][gc,phases    ] GC(13)   Other: 0.2ms
[2020-12-10T22:35:18.010-0800][gc,heap      ] GC(13) Eden regions: 230->0(238)
[2020-12-10T22:35:18.010-0800][gc,heap      ] GC(13) Survivor regions: 26->18(32)
[2020-12-10T22:35:18.010-0800][gc,heap      ] GC(13) Old regions: 20->34
[2020-12-10T22:35:18.010-0800][gc,heap      ] GC(13) Archive regions: 2->2
[2020-12-10T22:35:18.010-0800][gc,heap      ] GC(13) Humongous regions: 5->5
[2020-12-10T22:35:18.010-0800][gc,metaspace ] GC(13) Metaspace: 80322K(82636K)->80322K(82636K) NonClass: 70254K(71628K)->70254K(71628K) Class: 10068K(11008K)->10068K(11008K)
[2020-12-10T22:35:18.010-0800][gc           ] GC(13) Pause Young (Normal) (G1 Evacuation Pause) 280M->56M(512M) 14.565ms
[2020-12-10T22:35:18.010-0800][gc,cpu       ] GC(13) User=0.12s Sys=0.01s Real=0.02s
[2020-12-11T06:04:15.140-0800][gc,start     ] GC(14) Pause Young (Normal) (G1 Evacuation Pause)
[2020-12-11T06:04:15.141-0800][gc,task      ] GC(14) Using 10 workers of 10 for evacuation
[2020-12-11T06:04:15.152-0800][gc,phases    ] GC(14)   Pre Evacuate Collection Set: 0.1ms
[2020-12-11T06:04:15.152-0800][gc,phases    ] GC(14)   Merge Heap Roots: 0.1ms
[2020-12-11T06:04:15.152-0800][gc,phases    ] GC(14)   Evacuate Collection Set: 9.1ms
[2020-12-11T06:04:15.152-0800][gc,phases    ] GC(14)   Post Evacuate Collection Set: 1.3ms
[2020-12-11T06:04:15.152-0800][gc,phases    ] GC(14)   Other: 1.3ms
[2020-12-11T06:04:15.152-0800][gc,heap      ] GC(14) Eden regions: 238->0(234)
[2020-12-11T06:04:15.152-0800][gc,heap      ] GC(14) Survivor regions: 18->22(32)
[2020-12-11T06:04:15.152-0800][gc,heap      ] GC(14) Old regions: 34->34
[2020-12-11T06:04:15.152-0800][gc,heap      ] GC(14) Archive regions: 2->2
[2020-12-11T06:04:15.152-0800][gc,heap      ] GC(14) Humongous regions: 17->17
[2020-12-11T06:04:15.152-0800][gc,metaspace ] GC(14) Metaspace: 87888K(90572K)->87888K(90572K) NonClass: 77194K(78540K)->77194K(78540K) Class: 10694K(12032K)->10694K(12032K)
[2020-12-11T06:04:15.152-0800][gc           ] GC(14) Pause Young (Normal) (G1 Evacuation Pause) 306M->73M(512M) 12.147ms
[2020-12-11T06:04:15.152-0800][gc,cpu       ] GC(14) User=0.08s Sys=0.01s Real=0.01s
