[2020-12-11T11:05:36.346-0800][gc,heap] Heap region size: 1M
[2020-12-11T11:05:36.346-0800][gc,heap,coops] Heap address: 0x00000007e0000000, size: 512 MB, Compressed Oops mode: Zero based, Oop shift amount: 3
[2020-12-11T11:05:36.350-0800][gc           ] Using G1
[2020-12-11T11:05:36.351-0800][gc,cds       ] Mark closed archive regions in map: [0x00000007fff00000, 0x00000007fff7aff8]
[2020-12-11T11:05:36.351-0800][gc,cds       ] Mark open archive regions in map: [0x00000007ffe00000, 0x00000007ffe50ff8]
[2020-12-11T11:05:36.367-0800][gc           ] Periodic GC disabled
[2020-12-11T11:05:37.458-0800][gc,start     ] GC(0) Pause Young (Normal) (G1 Evacuation Pause)
[2020-12-11T11:05:37.459-0800][gc,task      ] GC(0) Using 10 workers of 10 for evacuation
[2020-12-11T11:05:37.463-0800][gc,phases    ] GC(0)   Pre Evacuate Collection Set: 0.1ms
[2020-12-11T11:05:37.463-0800][gc,phases    ] GC(0)   Merge Heap Roots: 0.0ms
[2020-12-11T11:05:37.463-0800][gc,phases    ] GC(0)   Evacuate Collection Set: 3.7ms
[2020-12-11T11:05:37.463-0800][gc,phases    ] GC(0)   Post Evacuate Collection Set: 0.6ms
[2020-12-11T11:05:37.463-0800][gc,phases    ] GC(0)   Other: 0.5ms
[2020-12-11T11:05:37.463-0800][gc,heap      ] GC(0) Eden regions: 256->0(250)
[2020-12-11T11:05:37.463-0800][gc,heap      ] GC(0) Survivor regions: 0->6(32)
[2020-12-11T11:05:37.463-0800][gc,heap      ] GC(0) Old regions: 0->0
[2020-12-11T11:05:37.463-0800][gc,heap      ] GC(0) Archive regions: 2->2
[2020-12-11T11:05:37.463-0800][gc,heap      ] GC(0) Humongous regions: 0->0
[2020-12-11T11:05:37.463-0800][gc,metaspace ] GC(0) Metaspace: 14265K(15104K)->14265K(15104K) NonClass: 12486K(13056K)->12486K(13056K) Class: 1779K(2048K)->1779K(2048K)
[2020-12-11T11:05:37.463-0800][gc           ] GC(0) Pause Young (Normal) (G1 Evacuation Pause) 256M->6M(512M) 5.031ms
[2020-12-11T11:05:37.463-0800][gc,cpu       ] GC(0) User=0.03s Sys=0.01s Real=0.01s
[2020-12-11T11:05:37.784-0800][gc,start     ] GC(1) Pause Young (Concurrent Start) (Metadata GC Threshold)
[2020-12-11T11:05:37.785-0800][gc,task      ] GC(1) Using 10 workers of 10 for evacuation
[2020-12-11T11:05:37.789-0800][gc,phases    ] GC(1)   Pre Evacuate Collection Set: 0.1ms
[2020-12-11T11:05:37.789-0800][gc,phases    ] GC(1)   Merge Heap Roots: 0.0ms
[2020-12-11T11:05:37.789-0800][gc,phases    ] GC(1)   Evacuate Collection Set: 3.3ms
[2020-12-11T11:05:37.789-0800][gc,phases    ] GC(1)   Post Evacuate Collection Set: 0.6ms
[2020-12-11T11:05:37.789-0800][gc,phases    ] GC(1)   Other: 0.2ms
[2020-12-11T11:05:37.789-0800][gc,heap      ] GC(1) Eden regions: 202->0(248)
[2020-12-11T11:05:37.789-0800][gc,heap      ] GC(1) Survivor regions: 6->8(32)
[2020-12-11T11:05:37.789-0800][gc,heap      ] GC(1) Old regions: 0->0
[2020-12-11T11:05:37.789-0800][gc,heap      ] GC(1) Archive regions: 2->2
[2020-12-11T11:05:37.789-0800][gc,heap      ] GC(1) Humongous regions: 0->0
[2020-12-11T11:05:37.789-0800][gc,metaspace ] GC(1) Metaspace: 20668K(21248K)->20668K(21248K) NonClass: 18084K(18432K)->18084K(18432K) Class: 2584K(2816K)->2584K(2816K)
[2020-12-11T11:05:37.789-0800][gc           ] GC(1) Pause Young (Concurrent Start) (Metadata GC Threshold) 208M->8M(512M) 4.311ms
[2020-12-11T11:05:37.789-0800][gc,cpu       ] GC(1) User=0.03s Sys=0.00s Real=0.00s
[2020-12-11T11:05:37.789-0800][gc           ] GC(2) Concurrent Cycle
[2020-12-11T11:05:37.789-0800][gc,marking   ] GC(2) Concurrent Clear Claimed Marks
[2020-12-11T11:05:37.789-0800][gc,marking   ] GC(2) Concurrent Clear Claimed Marks 0.046ms
[2020-12-11T11:05:37.789-0800][gc,marking   ] GC(2) Concurrent Scan Root Regions
[2020-12-11T11:05:37.792-0800][gc,marking   ] GC(2) Concurrent Scan Root Regions 3.132ms
[2020-12-11T11:05:37.792-0800][gc,marking   ] GC(2) Concurrent Mark (1.453s)
[2020-12-11T11:05:37.792-0800][gc,marking   ] GC(2) Concurrent Mark From Roots
[2020-12-11T11:05:37.792-0800][gc,task      ] GC(2) Using 3 workers of 3 for marking
[2020-12-11T11:05:37.793-0800][gc,marking   ] GC(2) Concurrent Mark From Roots 1.180ms
[2020-12-11T11:05:37.793-0800][gc,marking   ] GC(2) Concurrent Preclean
[2020-12-11T11:05:37.793-0800][gc,marking   ] GC(2) Concurrent Preclean 0.035ms
[2020-12-11T11:05:37.793-0800][gc,marking   ] GC(2) Concurrent Mark (1.453s, 1.454s) 1.293ms
[2020-12-11T11:05:37.794-0800][gc,start     ] GC(2) Pause Remark
[2020-12-11T11:05:37.795-0800][gc           ] GC(2) Pause Remark 10M->10M(512M) 1.178ms
[2020-12-11T11:05:37.795-0800][gc,cpu       ] GC(2) User=0.01s Sys=0.01s Real=0.00s
[2020-12-11T11:05:37.795-0800][gc,marking   ] GC(2) Concurrent Rebuild Remembered Sets
[2020-12-11T11:05:37.795-0800][gc,marking   ] GC(2) Concurrent Rebuild Remembered Sets 0.594ms
[2020-12-11T11:05:37.796-0800][gc,start     ] GC(2) Pause Cleanup
[2020-12-11T11:05:37.796-0800][gc           ] GC(2) Pause Cleanup 10M->10M(512M) 0.091ms
[2020-12-11T11:05:37.796-0800][gc,cpu       ] GC(2) User=0.00s Sys=0.00s Real=0.00s
[2020-12-11T11:05:37.796-0800][gc,marking   ] GC(2) Concurrent Cleanup for Next Mark
[2020-12-11T11:05:37.799-0800][gc,marking   ] GC(2) Concurrent Cleanup for Next Mark 2.835ms
[2020-12-11T11:05:37.799-0800][gc           ] GC(2) Concurrent Cycle 10.006ms
[2020-12-11T11:05:38.655-0800][gc,start     ] GC(3) Pause Young (Normal) (G1 Evacuation Pause)
[2020-12-11T11:05:38.655-0800][gc,task      ] GC(3) Using 10 workers of 10 for evacuation
[2020-12-11T11:05:38.661-0800][gc,phases    ] GC(3)   Pre Evacuate Collection Set: 0.1ms
[2020-12-11T11:05:38.661-0800][gc,phases    ] GC(3)   Merge Heap Roots: 0.1ms
[2020-12-11T11:05:38.661-0800][gc,phases    ] GC(3)   Evacuate Collection Set: 4.9ms
[2020-12-11T11:05:38.661-0800][gc,phases    ] GC(3)   Post Evacuate Collection Set: 0.7ms
[2020-12-11T11:05:38.661-0800][gc,phases    ] GC(3)   Other: 0.1ms
[2020-12-11T11:05:38.661-0800][gc,heap      ] GC(3) Eden regions: 248->0(242)
[2020-12-11T11:05:38.661-0800][gc,heap      ] GC(3) Survivor regions: 8->14(32)
[2020-12-11T11:05:38.661-0800][gc,heap      ] GC(3) Old regions: 0->0
[2020-12-11T11:05:38.661-0800][gc,heap      ] GC(3) Archive regions: 2->2
[2020-12-11T11:05:38.661-0800][gc,heap      ] GC(3) Humongous regions: 0->0
[2020-12-11T11:05:38.661-0800][gc,metaspace ] GC(3) Metaspace: 24757K(25596K)->24757K(25596K) NonClass: 21739K(22272K)->21739K(22272K) Class: 3017K(3324K)->3017K(3324K)
[2020-12-11T11:05:38.661-0800][gc           ] GC(3) Pause Young (Normal) (G1 Evacuation Pause) 256M->13M(512M) 5.973ms
[2020-12-11T11:05:38.661-0800][gc,cpu       ] GC(3) User=0.05s Sys=0.00s Real=0.01s
[2020-12-11T11:05:39.250-0800][gc,start     ] GC(4) Pause Young (Normal) (G1 Evacuation Pause)
[2020-12-11T11:05:39.250-0800][gc,task      ] GC(4) Using 10 workers of 10 for evacuation
[2020-12-11T11:05:39.257-0800][gc,phases    ] GC(4)   Pre Evacuate Collection Set: 0.1ms
[2020-12-11T11:05:39.257-0800][gc,phases    ] GC(4)   Merge Heap Roots: 0.1ms
[2020-12-11T11:05:39.257-0800][gc,phases    ] GC(4)   Evacuate Collection Set: 6.2ms
[2020-12-11T11:05:39.257-0800][gc,phases    ] GC(4)   Post Evacuate Collection Set: 0.8ms
[2020-12-11T11:05:39.257-0800][gc,phases    ] GC(4)   Other: 0.1ms
[2020-12-11T11:05:39.257-0800][gc,heap      ] GC(4) Eden regions: 242->0(240)
[2020-12-11T11:05:39.257-0800][gc,heap      ] GC(4) Survivor regions: 14->16(32)
[2020-12-11T11:05:39.257-0800][gc,heap      ] GC(4) Old regions: 0->0
[2020-12-11T11:05:39.257-0800][gc,heap      ] GC(4) Archive regions: 2->2
[2020-12-11T11:05:39.257-0800][gc,heap      ] GC(4) Humongous regions: 0->0
[2020-12-11T11:05:39.257-0800][gc,metaspace ] GC(4) Metaspace: 25732K(26748K)->25732K(26748K) NonClass: 22593K(23296K)->22593K(23296K) Class: 3139K(3452K)->3139K(3452K)
[2020-12-11T11:05:39.257-0800][gc           ] GC(4) Pause Young (Normal) (G1 Evacuation Pause) 255M->16M(512M) 7.409ms
[2020-12-11T11:05:39.257-0800][gc,cpu       ] GC(4) User=0.07s Sys=0.00s Real=0.00s
[2020-12-11T11:05:40.506-0800][gc,start     ] GC(5) Pause Young (Normal) (G1 Evacuation Pause)
[2020-12-11T11:05:40.506-0800][gc,task      ] GC(5) Using 10 workers of 10 for evacuation
[2020-12-11T11:05:40.518-0800][gc,phases    ] GC(5)   Pre Evacuate Collection Set: 0.1ms
[2020-12-11T11:05:40.518-0800][gc,phases    ] GC(5)   Merge Heap Roots: 0.1ms
[2020-12-11T11:05:40.518-0800][gc,phases    ] GC(5)   Evacuate Collection Set: 10.1ms
[2020-12-11T11:05:40.518-0800][gc,phases    ] GC(5)   Post Evacuate Collection Set: 1.3ms
[2020-12-11T11:05:40.518-0800][gc,phases    ] GC(5)   Other: 0.1ms
[2020-12-11T11:05:40.518-0800][gc,heap      ] GC(5) Eden regions: 240->0(235)
[2020-12-11T11:05:40.518-0800][gc,heap      ] GC(5) Survivor regions: 16->21(32)
[2020-12-11T11:05:40.518-0800][gc,heap      ] GC(5) Old regions: 0->0
[2020-12-11T11:05:40.518-0800][gc,heap      ] GC(5) Archive regions: 2->2
[2020-12-11T11:05:40.518-0800][gc,heap      ] GC(5) Humongous regions: 0->0
[2020-12-11T11:05:40.518-0800][gc,metaspace ] GC(5) Metaspace: 34250K(35324K)->34250K(35324K) NonClass: 30038K(30720K)->30038K(30720K) Class: 4212K(4604K)->4212K(4604K)
[2020-12-11T11:05:40.518-0800][gc           ] GC(5) Pause Young (Normal) (G1 Evacuation Pause) 256M->21M(512M) 11.843ms
[2020-12-11T11:05:40.518-0800][gc,cpu       ] GC(5) User=0.11s Sys=0.00s Real=0.01s
[2020-12-11T11:05:40.565-0800][gc,start     ] GC(6) Pause Young (Concurrent Start) (Metadata GC Threshold)
[2020-12-11T11:05:40.565-0800][gc,task      ] GC(6) Using 10 workers of 10 for evacuation
[2020-12-11T11:05:40.575-0800][gc,phases    ] GC(6)   Pre Evacuate Collection Set: 0.1ms
[2020-12-11T11:05:40.575-0800][gc,phases    ] GC(6)   Merge Heap Roots: 0.1ms
[2020-12-11T11:05:40.575-0800][gc,phases    ] GC(6)   Evacuate Collection Set: 9.3ms
[2020-12-11T11:05:40.575-0800][gc,phases    ] GC(6)   Post Evacuate Collection Set: 0.9ms
[2020-12-11T11:05:40.575-0800][gc,phases    ] GC(6)   Other: 0.1ms
[2020-12-11T11:05:40.575-0800][gc,heap      ] GC(6) Eden regions: 13->0(240)
[2020-12-11T11:05:40.575-0800][gc,heap      ] GC(6) Survivor regions: 21->16(32)
[2020-12-11T11:05:40.575-0800][gc,heap      ] GC(6) Old regions: 0->6
[2020-12-11T11:05:40.575-0800][gc,heap      ] GC(6) Archive regions: 2->2
[2020-12-11T11:05:40.575-0800][gc,heap      ] GC(6) Humongous regions: 0->0
[2020-12-11T11:05:40.575-0800][gc,metaspace ] GC(6) Metaspace: 34848K(35964K)->34848K(35964K) NonClass: 30584K(31232K)->30584K(31232K) Class: 4264K(4732K)->4264K(4732K)
[2020-12-11T11:05:40.575-0800][gc           ] GC(6) Pause Young (Concurrent Start) (Metadata GC Threshold) 34M->21M(512M) 10.713ms
[2020-12-11T11:05:40.575-0800][gc,cpu       ] GC(6) User=0.10s Sys=0.01s Real=0.01s
[2020-12-11T11:05:40.575-0800][gc           ] GC(7) Concurrent Cycle
[2020-12-11T11:05:40.575-0800][gc,marking   ] GC(7) Concurrent Clear Claimed Marks
[2020-12-11T11:05:40.576-0800][gc,marking   ] GC(7) Concurrent Clear Claimed Marks 0.075ms
[2020-12-11T11:05:40.576-0800][gc,marking   ] GC(7) Concurrent Scan Root Regions
[2020-12-11T11:05:40.581-0800][gc,marking   ] GC(7) Concurrent Scan Root Regions 5.629ms
[2020-12-11T11:05:40.581-0800][gc,marking   ] GC(7) Concurrent Mark (4.242s)
[2020-12-11T11:05:40.581-0800][gc,marking   ] GC(7) Concurrent Mark From Roots
[2020-12-11T11:05:40.581-0800][gc,task      ] GC(7) Using 3 workers of 3 for marking
[2020-12-11T11:05:40.582-0800][gc,marking   ] GC(7) Concurrent Mark From Roots 1.127ms
[2020-12-11T11:05:40.582-0800][gc,marking   ] GC(7) Concurrent Preclean
[2020-12-11T11:05:40.583-0800][gc,marking   ] GC(7) Concurrent Preclean 0.039ms
[2020-12-11T11:05:40.583-0800][gc,marking   ] GC(7) Concurrent Mark (4.242s, 4.243s) 1.263ms
[2020-12-11T11:05:40.583-0800][gc,start     ] GC(7) Pause Remark
[2020-12-11T11:05:40.584-0800][gc           ] GC(7) Pause Remark 23M->23M(512M) 1.591ms
[2020-12-11T11:05:40.584-0800][gc,cpu       ] GC(7) User=0.02s Sys=0.00s Real=0.00s
[2020-12-11T11:05:40.584-0800][gc,marking   ] GC(7) Concurrent Rebuild Remembered Sets
[2020-12-11T11:05:40.586-0800][gc,marking   ] GC(7) Concurrent Rebuild Remembered Sets 2.108ms
[2020-12-11T11:05:40.587-0800][gc,start     ] GC(7) Pause Cleanup
[2020-12-11T11:05:40.587-0800][gc           ] GC(7) Pause Cleanup 23M->23M(512M) 0.101ms
[2020-12-11T11:05:40.587-0800][gc,cpu       ] GC(7) User=0.00s Sys=0.00s Real=0.00s
[2020-12-11T11:05:40.587-0800][gc,marking   ] GC(7) Concurrent Cleanup for Next Mark
[2020-12-11T11:05:40.590-0800][gc,marking   ] GC(7) Concurrent Cleanup for Next Mark 3.233ms
[2020-12-11T11:05:40.590-0800][gc           ] GC(7) Concurrent Cycle 14.717ms
[2020-12-11T11:05:42.176-0800][gc,start     ] GC(8) Pause Young (Normal) (G1 Evacuation Pause)
[2020-12-11T11:05:42.176-0800][gc,task      ] GC(8) Using 10 workers of 10 for evacuation
[2020-12-11T11:05:42.184-0800][gc,phases    ] GC(8)   Pre Evacuate Collection Set: 0.1ms
[2020-12-11T11:05:42.184-0800][gc,phases    ] GC(8)   Merge Heap Roots: 0.1ms
[2020-12-11T11:05:42.184-0800][gc,phases    ] GC(8)   Evacuate Collection Set: 7.0ms
[2020-12-11T11:05:42.184-0800][gc,phases    ] GC(8)   Post Evacuate Collection Set: 0.8ms
[2020-12-11T11:05:42.184-0800][gc,phases    ] GC(8)   Other: 0.1ms
[2020-12-11T11:05:42.184-0800][gc,heap      ] GC(8) Eden regions: 240->0(237)
[2020-12-11T11:05:42.184-0800][gc,heap      ] GC(8) Survivor regions: 16->19(32)
[2020-12-11T11:05:42.184-0800][gc,heap      ] GC(8) Old regions: 6->6
[2020-12-11T11:05:42.184-0800][gc,heap      ] GC(8) Archive regions: 2->2
[2020-12-11T11:05:42.184-0800][gc,heap      ] GC(8) Humongous regions: 0->0
[2020-12-11T11:05:42.184-0800][gc,metaspace ] GC(8) Metaspace: 46210K(47740K)->46210K(47740K) NonClass: 40622K(41728K)->40622K(41728K) Class: 5588K(6012K)->5588K(6012K)
[2020-12-11T11:05:42.184-0800][gc           ] GC(8) Pause Young (Normal) (G1 Evacuation Pause) 261M->25M(512M) 8.165ms
[2020-12-11T11:05:42.184-0800][gc,cpu       ] GC(8) User=0.07s Sys=0.00s Real=0.01s
[2020-12-11T11:05:43.953-0800][gc,start     ] GC(9) Pause Young (Concurrent Start) (Metadata GC Threshold)
[2020-12-11T11:05:43.953-0800][gc,task      ] GC(9) Using 10 workers of 10 for evacuation
[2020-12-11T11:05:43.966-0800][gc,phases    ] GC(9)   Pre Evacuate Collection Set: 0.2ms
[2020-12-11T11:05:43.966-0800][gc,phases    ] GC(9)   Merge Heap Roots: 0.1ms
[2020-12-11T11:05:43.966-0800][gc,phases    ] GC(9)   Evacuate Collection Set: 11.2ms
[2020-12-11T11:05:43.966-0800][gc,phases    ] GC(9)   Post Evacuate Collection Set: 1.2ms
[2020-12-11T11:05:43.966-0800][gc,phases    ] GC(9)   Other: 0.2ms
[2020-12-11T11:05:43.966-0800][gc,heap      ] GC(9) Eden regions: 232->0(233)
[2020-12-11T11:05:43.966-0800][gc,heap      ] GC(9) Survivor regions: 19->23(32)
[2020-12-11T11:05:43.966-0800][gc,heap      ] GC(9) Old regions: 6->12
[2020-12-11T11:05:43.966-0800][gc,heap      ] GC(9) Archive regions: 2->2
[2020-12-11T11:05:43.966-0800][gc,heap      ] GC(9) Humongous regions: 6->6
[2020-12-11T11:05:43.966-0800][gc,metaspace ] GC(9) Metaspace: 58708K(60368K)->58708K(60368K) NonClass: 51595K(52436K)->51595K(52436K) Class: 7112K(7932K)->7112K(7932K)
[2020-12-11T11:05:43.966-0800][gc           ] GC(9) Pause Young (Concurrent Start) (Metadata GC Threshold) 263M->41M(512M) 12.960ms
[2020-12-11T11:05:43.966-0800][gc,cpu       ] GC(9) User=0.14s Sys=0.01s Real=0.01s
[2020-12-11T11:05:43.966-0800][gc           ] GC(10) Concurrent Cycle
[2020-12-11T11:05:43.966-0800][gc,marking   ] GC(10) Concurrent Clear Claimed Marks
[2020-12-11T11:05:43.966-0800][gc,marking   ] GC(10) Concurrent Clear Claimed Marks 0.121ms
[2020-12-11T11:05:43.966-0800][gc,marking   ] GC(10) Concurrent Scan Root Regions
[2020-12-11T11:05:43.976-0800][gc,marking   ] GC(10) Concurrent Scan Root Regions 9.492ms
[2020-12-11T11:05:43.976-0800][gc,marking   ] GC(10) Concurrent Mark (7.636s)
[2020-12-11T11:05:43.976-0800][gc,marking   ] GC(10) Concurrent Mark From Roots
[2020-12-11T11:05:43.976-0800][gc,task      ] GC(10) Using 3 workers of 3 for marking
[2020-12-11T11:05:43.981-0800][gc,marking   ] GC(10) Concurrent Mark From Roots 5.199ms
[2020-12-11T11:05:43.981-0800][gc,marking   ] GC(10) Concurrent Preclean
[2020-12-11T11:05:43.981-0800][gc,marking   ] GC(10) Concurrent Preclean 0.047ms
[2020-12-11T11:05:43.981-0800][gc,marking   ] GC(10) Concurrent Mark (7.636s, 7.641s) 5.302ms
[2020-12-11T11:05:43.981-0800][gc,start     ] GC(10) Pause Remark
[2020-12-11T11:05:43.986-0800][gc           ] GC(10) Pause Remark 45M->45M(512M) 4.652ms
[2020-12-11T11:05:43.986-0800][gc,cpu       ] GC(10) User=0.05s Sys=0.00s Real=0.00s
[2020-12-11T11:05:43.986-0800][gc,marking   ] GC(10) Concurrent Rebuild Remembered Sets
[2020-12-11T11:05:43.994-0800][gc,marking   ] GC(10) Concurrent Rebuild Remembered Sets 7.633ms
[2020-12-11T11:05:43.995-0800][gc,start     ] GC(10) Pause Cleanup
[2020-12-11T11:05:43.995-0800][gc           ] GC(10) Pause Cleanup 45M->45M(512M) 0.174ms
[2020-12-11T11:05:43.995-0800][gc,cpu       ] GC(10) User=0.00s Sys=0.00s Real=0.00s
[2020-12-11T11:05:43.996-0800][gc,marking   ] GC(10) Concurrent Cleanup for Next Mark
[2020-12-11T11:05:43.996-0800][gc,marking   ] GC(10) Concurrent Cleanup for Next Mark 0.698ms
[2020-12-11T11:05:43.996-0800][gc           ] GC(10) Concurrent Cycle 30.280ms
[2020-12-11T11:05:46.085-0800][gc,start     ] GC(11) Pause Young (Normal) (G1 Evacuation Pause)
[2020-12-11T11:05:46.085-0800][gc,task      ] GC(11) Using 10 workers of 10 for evacuation
[2020-12-11T11:05:46.100-0800][gc,phases    ] GC(11)   Pre Evacuate Collection Set: 0.1ms
[2020-12-11T11:05:46.100-0800][gc,phases    ] GC(11)   Merge Heap Roots: 0.1ms
[2020-12-11T11:05:46.100-0800][gc,phases    ] GC(11)   Evacuate Collection Set: 13.1ms
[2020-12-11T11:05:46.100-0800][gc,phases    ] GC(11)   Post Evacuate Collection Set: 1.1ms
[2020-12-11T11:05:46.100-0800][gc,phases    ] GC(11)   Other: 0.2ms
[2020-12-11T11:05:46.100-0800][gc,heap      ] GC(11) Eden regions: 233->0(230)
[2020-12-11T11:05:46.100-0800][gc,heap      ] GC(11) Survivor regions: 23->26(32)
[2020-12-11T11:05:46.100-0800][gc,heap      ] GC(11) Old regions: 12->19
[2020-12-11T11:05:46.100-0800][gc,heap      ] GC(11) Archive regions: 2->2
[2020-12-11T11:05:46.100-0800][gc,heap      ] GC(11) Humongous regions: 6->6
[2020-12-11T11:05:46.100-0800][gc,metaspace ] GC(11) Metaspace: 73130K(75088K)->73130K(75088K) NonClass: 64069K(65236K)->64069K(65236K) Class: 9060K(9852K)->9060K(9852K)
[2020-12-11T11:05:46.100-0800][gc           ] GC(11) Pause Young (Normal) (G1 Evacuation Pause) 274M->50M(512M) 14.652ms
[2020-12-11T11:05:46.100-0800][gc,cpu       ] GC(11) User=0.11s Sys=0.01s Real=0.02s
[2020-12-11T11:05:47.090-0800][gc,start     ] GC(12) Pause Young (Normal) (G1 Evacuation Pause)
[2020-12-11T11:05:47.090-0800][gc,task      ] GC(12) Using 10 workers of 10 for evacuation
[2020-12-11T11:05:47.104-0800][gc,phases    ] GC(12)   Pre Evacuate Collection Set: 0.1ms
[2020-12-11T11:05:47.104-0800][gc,phases    ] GC(12)   Merge Heap Roots: 0.1ms
[2020-12-11T11:05:47.104-0800][gc,phases    ] GC(12)   Evacuate Collection Set: 12.4ms
[2020-12-11T11:05:47.104-0800][gc,phases    ] GC(12)   Post Evacuate Collection Set: 1.1ms
[2020-12-11T11:05:47.104-0800][gc,phases    ] GC(12)   Other: 0.3ms
[2020-12-11T11:05:47.104-0800][gc,heap      ] GC(12) Eden regions: 230->0(238)
[2020-12-11T11:05:47.104-0800][gc,heap      ] GC(12) Survivor regions: 26->18(32)
[2020-12-11T11:05:47.104-0800][gc,heap      ] GC(12) Old regions: 19->34
[2020-12-11T11:05:47.104-0800][gc,heap      ] GC(12) Archive regions: 2->2
[2020-12-11T11:05:47.104-0800][gc,heap      ] GC(12) Humongous regions: 6->6
[2020-12-11T11:05:47.104-0800][gc,metaspace ] GC(12) Metaspace: 81259K(83408K)->81259K(83408K) NonClass: 71102K(72404K)->71102K(72404K) Class: 10156K(11004K)->10156K(11004K)
[2020-12-11T11:05:47.104-0800][gc           ] GC(12) Pause Young (Normal) (G1 Evacuation Pause) 280M->57M(512M) 14.175ms
[2020-12-11T11:05:47.104-0800][gc,cpu       ] GC(12) User=0.13s Sys=0.01s Real=0.01s
[2020-12-11T11:50:49.495-0800][gc,start     ] GC(13) Pause Young (Normal) (G1 Evacuation Pause)
[2020-12-11T11:50:49.495-0800][gc,task      ] GC(13) Using 10 workers of 10 for evacuation
[2020-12-11T11:50:49.527-0800][gc,phases    ] GC(13)   Pre Evacuate Collection Set: 1.2ms
[2020-12-11T11:50:49.527-0800][gc,phases    ] GC(13)   Merge Heap Roots: 0.2ms
[2020-12-11T11:50:49.527-0800][gc,phases    ] GC(13)   Evacuate Collection Set: 28.6ms
[2020-12-11T11:50:49.527-0800][gc,phases    ] GC(13)   Post Evacuate Collection Set: 1.5ms
[2020-12-11T11:50:49.527-0800][gc,phases    ] GC(13)   Other: 0.5ms
[2020-12-11T11:50:49.527-0800][gc,heap      ] GC(13) Eden regions: 238->0(233)
[2020-12-11T11:50:49.527-0800][gc,heap      ] GC(13) Survivor regions: 18->23(32)
[2020-12-11T11:50:49.527-0800][gc,heap      ] GC(13) Old regions: 34->34
[2020-12-11T11:50:49.527-0800][gc,heap      ] GC(13) Archive regions: 2->2
[2020-12-11T11:50:49.527-0800][gc,heap      ] GC(13) Humongous regions: 10->10
[2020-12-11T11:50:49.527-0800][gc,metaspace ] GC(13) Metaspace: 89891K(92880K)->89891K(92880K) NonClass: 78938K(80340K)->78938K(80340K) Class: 10952K(12540K)->10952K(12540K)
[2020-12-11T11:50:49.527-0800][gc           ] GC(13) Pause Young (Normal) (G1 Evacuation Pause) 299M->67M(512M) 32.167ms
[2020-12-11T11:50:49.527-0800][gc,cpu       ] GC(13) User=0.10s Sys=0.15s Real=0.03s
[2020-12-11T14:05:53.863-0800][gc,start     ] GC(14) Pause Young (Normal) (G1 Evacuation Pause)
[2020-12-11T14:05:53.864-0800][gc,task      ] GC(14) Using 10 workers of 10 for evacuation
[2020-12-11T14:05:53.940-0800][gc,phases    ] GC(14)   Pre Evacuate Collection Set: 1.8ms
[2020-12-11T14:05:53.940-0800][gc,phases    ] GC(14)   Merge Heap Roots: 0.3ms
[2020-12-11T14:05:53.940-0800][gc,phases    ] GC(14)   Evacuate Collection Set: 69.6ms
[2020-12-11T14:05:53.940-0800][gc,phases    ] GC(14)   Post Evacuate Collection Set: 4.0ms
[2020-12-11T14:05:53.940-0800][gc,phases    ] GC(14)   Other: 2.0ms
[2020-12-11T14:05:53.940-0800][gc,heap      ] GC(14) Eden regions: 233->0(242)
[2020-12-11T14:05:53.940-0800][gc,heap      ] GC(14) Survivor regions: 23->14(32)
[2020-12-11T14:05:53.940-0800][gc,heap      ] GC(14) Old regions: 34->43
[2020-12-11T14:05:53.940-0800][gc,heap      ] GC(14) Archive regions: 2->2
[2020-12-11T14:05:53.940-0800][gc,heap      ] GC(14) Humongous regions: 10->10
[2020-12-11T14:05:53.940-0800][gc,metaspace ] GC(14) Metaspace: 90440K(93392K)->90440K(93392K) NonClass: 79471K(80852K)->79471K(80852K) Class: 10969K(12540K)->10969K(12540K)
[2020-12-11T14:05:53.940-0800][gc           ] GC(14) Pause Young (Normal) (G1 Evacuation Pause) 300M->67M(512M) 77.758ms
[2020-12-11T14:05:53.940-0800][gc,cpu       ] GC(14) User=0.12s Sys=0.30s Real=0.08s
